04-02 15:59:36.718  1364  1609 D ConnectivityService: releasing NetworkRequest [ REQUEST id=9224, [ Transports: CELLULAR Capabilities: CBS&TRUSTED&NOT_VPN Uid: 10109] ] (release request)
04-02 15:59:36.721 19910  8500 V VZWAPNLib: result = -1
04-02 15:59:36.721 19910  8500 E MVS_LoginClient: Result Code: 5001
04-02 15:59:36.776 19910  8500 V VZWAPNLib: called startUsingNetworkFeature: true
04-02 15:59:36.777 19910  8500 E VZWAPNLib: binder is not null, setting to common interface 
04-02 15:59:36.777 19910  8500 D APNLib  : Prasad>> setting binder
04-02 15:59:36.777 19910  8500 D APNLib  : Prasad>> notified
04-02 15:59:36.803 19910 11295 D APNLib  : unlocked !! handling request
04-02 15:59:36.803 19910 11295 D APNLib  : Prasad sending data!!!!
04-02 15:59:36.804 20495 23286 E APNLib  : sending data>>>Intent { act=com.vzw.apnservicenew dat=package:com.verizon.mips.services cmp=com.verizon.mips.services/com.vzw.apnservice.VZWAPNServiceNew (has extras) }
04-02 15:59:36.805 20495 20517 E ActivityThread: Failed to find provider info for com.verizon.vzwavs.provider
04-02 15:59:36.811  1364  6141 D ConnectivityService: requestNetwork for uid/pid:10109/20495 NetworkRequest [ REQUEST id=9225, [ Transports: CELLULAR Capabilities: CBS&TRUSTED&NOT_VPN Uid: 10109] ]
04-02 15:59:36.812  1364  1667 D WIFI_AWARE_FACTORY: got request NetworkRequest [ REQUEST id=9225, [ Transports: CELLULAR Capabilities: CBS&TRUSTED&NOT_VPN Uid: 10109] ] with score 0 and serial 0
04-02 15:59:36.813  1364  1668 D Ethernet: got request NetworkRequest [ REQUEST id=9225, [ Transports: CELLULAR Capabilities: CBS&TRUSTED&NOT_VPN Uid: 10109] ] with score 0 and serial 0
04-02 15:59:36.813  1364  1594 D UntrustedWifiNetworkFactory: got request NetworkRequest [ REQUEST id=9225, [ Transports: CELLULAR Capabilities: CBS&TRUSTED&NOT_VPN Uid: 10109] ] with score 0 and serial 0
04-02 15:59:36.813  1364  1594 D WifiNetworkFactory: got request NetworkRequest [ REQUEST id=9225, [ Transports: CELLULAR Capabilities: CBS&TRUSTED&NOT_VPN Uid: 10109] ] with score 0 and serial 0
04-02 15:59:36.960   876   900 D rlsservice: MonitorDisplayStatus client num 0, display status 0, sensor status 0
04-02 15:59:36.962  2170  2483 I chatty  : uid=1001(radio) HwBinder:2170_1 expire 4 lines
04-02 15:59:37.041  1364  1376 I system_server: Background young concurrent copying GC freed 375120(16MB) AllocSpace objects, 84(4112KB) LOS objects, 41% free, 29MB/50MB, paused 411us total 228.223ms
04-02 15:59:37.041  1364  1376 W system_server: Reducing the number of considered missed Gc histogram windows from 136 to 100
04-02 15:59:37.170  2170  2482 I chatty  : uid=1001(radio) IWlanProxy expire 2 lines
04-02 15:59:37.593   880  2739 I WifiHAL : event received NL80211_CMD_VENDOR, vendor_id = 0x1374, subcmd = 0xd
04-02 15:59:41.979  1364  1600 I ActivityManager: Killing 3540:com.android.vending/u0a121 (adj 945): empty for 1803s
04-02 15:59:41.979  1364  1600 I ActivityManager: Killing 31333:com.google.process.gapps/u0a145 (adj 955): empty for 1803s
04-02 15:59:39.593   880  2739 I chatty  : uid=1010 wifi_ext@1.0-se identical 4 lines
04-02 15:59:41.600   880  2739 I WifiHAL : event received NL80211_CMD_VENDOR, vendor_id = 0x1374, subcmd = 0xd
04-02 15:59:41.993  2170  4851 I chatty  : uid=1001(radio) FrameworkReceiv expire 9 lines
04-02 15:59:42.018   838   838 I Zygote  : Process 31333 exited due to signal 9 (Killed)
04-02 15:59:42.043  1364  1380 D ConnectivityService: ConnectivityService NetworkRequestInfo binderDied(NetworkRequest [ TRACK_DEFAULT id=9013, [ Capabilities: INTERNET&NOT_RESTRICTED&TRUSTED Uid: 10121] ], android.os.BinderProxy@65a4d19)
04-02 15:59:42.043  1364  1609 D ConnectivityService: releasing NetworkRequest [ TRACK_DEFAULT id=9013, [ Capabilities: INTERNET&NOT_RESTRICTED&TRUSTED Uid: 10121] ] (release request)
04-02 15:59:42.043  1364 10292 D ConnectivityService: ConnectivityService NetworkRequestInfo binderDied(NetworkRequest [ LISTEN id=9014, [ Capabilities: INTERNET&NOT_RESTRICTED&TRUSTED Uid: 10121] ], android.os.BinderProxy@246a1de)
04-02 15:59:42.044   839   839 I Zygote  : Process 3540 exited due to signal 9 (Killed)
04-02 15:59:42.053  1364  1397 I libprocessgroup: Successfully killed process cgroup uid 10121 pid 3540 in 73ms
04-02 15:59:42.054  1364  1397 I libprocessgroup: Successfully killed process cgroup uid 10145 pid 31333 in 0ms
04-02 15:59:42.093  2249  2378 I chatty  : uid=1001(radio) DcHandlerThread expire 2 lines
04-02 15:59:42.141  1068  1068 I chatty  : uid=1001(radio) imsdatadaemon expire 77 lines
04-02 15:59:43.605   880  2739 I WifiHAL : event received NL80211_CMD_VENDOR, vendor_id = 0x1374, subcmd = 0xd
04-02 15:59:45.856  1364  1609 D ConnectivityService: releasing NetworkRequest [ REQUEST id=9225, [ Transports: CELLULAR Capabilities: CBS&TRUSTED&NOT_VPN Uid: 10109] ] (release request)
04-02 15:59:45.609   880  2739 I WifiHAL : event received NL80211_CMD_VENDOR, vendor_id = 0x1374, subcmd = 0xd
04-02 15:59:45.858 19910  8500 V VZWAPNLib: result = -1
04-02 15:59:45.858 19910  8500 E MVS_LoginClient: Result Code: 5001
04-02 15:59:45.870  1364 10292 I ActivityManager: Killing 9997:com.google.android.videos/u0a167 (adj 995): empty for 1807s
04-02 15:59:45.903   839   839 I Zygote  : Process 9997 exited due to signal 9 (Killed)
04-02 15:59:45.904  1838  1838 V AvrcpMediaPlayerList: onActiveSessionsChanged: number of controllers: 0
04-02 15:59:45.909  1364  1397 I libprocessgroup: Successfully killed process cgroup uid 10167 pid 9997 in 37ms
04-02 15:59:45.951 23117 11308 I brella.InAppTrngSvcImpl: server uri is 'https://federatedml-pa.googleapis.com'
04-02 15:59:45.957 23117 11308 I brella.fli: Checking in as "aiai_897474_26000"
04-02 15:59:46.001   837 11311 E ResolverController: No valid NAT64 prefix (101, <unspecified>/0)
04-02 15:59:47.614   880  2739 I WifiHAL : event received NL80211_CMD_VENDOR, vendor_id = 0x1374, subcmd = 0xd
04-02 15:59:49.618   880  2739 I WifiHAL : event received NL80211_CMD_VENDOR, vendor_id = 0x1374, subcmd = 0xd
04-02 15:59:50.827 23117 23131 W System  : A resource failed to call end. 
04-02 15:59:50.890 23117 11308 E memtrack: Couldn't load memtrack module
04-02 15:59:50.890 23117 11308 W android.os.Debug: failed to get memory consumption info: -1
04-02 15:59:51.075 23117 24655 W native  : tensor_slice_reader_cache.cc:70 Caching disabled because the open function is a lambda or RTTI is not enabled in this build.
04-02 15:59:51.619   880  2739 I WifiHAL : event received NL80211_CMD_VENDOR, vendor_id = 0x1374, subcmd = 0xd
04-02 15:59:51.786 23117 11308 E memtrack: Couldn't load memtrack module
04-02 15:59:51.786 23117 11308 W android.os.Debug: failed to get memory consumption info: -1
04-02 15:59:52.225 20909 21004 I brella.InAppJobSvcImpl: Training succeeded
04-02 15:59:52.229 23117 23117 W brella.AndroidLearningContext: No Lifetime Logger for learning context registered
04-02 15:59:52.262 20909 20909 W brella.AndroidLearningContext: No Lifetime Logger for learning context registered
04-02 15:59:53.624   880  2739 I WifiHAL : event received NL80211_CMD_VENDOR, vendor_id = 0x1374, subcmd = 0xd
04-02 15:59:55.626   880  2739 I WifiHAL : event received NL80211_CMD_VENDOR, vendor_id = 0x1374, subcmd = 0xd
04-02 15:59:57.382 23117 23131 W System  : A resource failed to call end. 
04-02 15:59:57.631   880  2739 I WifiHAL : event received NL80211_CMD_VENDOR, vendor_id = 0x1374, subcmd = 0xd
04-02 16:00:05.649   880  2739 I WifiHAL : event received NL80211_CMD_VENDOR, vendor_id = 0x1374, subcmd = 0xd
04-02 16:00:06.416  1943  2750 D DhcpClient: Unicasting DHCPREQUEST ciaddr=10.234.115.62 request=0.0.0.0 serverid=null to /10.232.0.1:67
04-02 16:00:06.493  1943  2750 D DhcpClient: Received packet: da:49:6d:a1:ec:70 ACK: your new IP /10.234.115.62, netmask /255.252.0.0, gateways [/10.232.0.1] DNS servers: /75.75.75.75 /75.75.76.76 , lease time 300
04-02 16:00:06.496  1943  2750 D DhcpClient: Renewed lease: android.net.networkstack.DhcpResults@8ac1b4b DHCP server /10.232.0.1 Vendor info null lease 300 seconds Servername 
04-02 16:00:06.508  1943  2750 D DhcpClient: Scheduling renewal in 149s
04-02 16:00:06.508  1943  2750 D DhcpClient: Scheduling rebind in 262s
04-02 16:00:06.508  1943  2750 D DhcpClient: Scheduling expiry in 299s
04-02 16:00:06.518  1364  1395 W BroadcastQueue: Background execution not allowed: receiving Intent { act=android.net.wifi.STATE_CHANGE flg=0x4000010 (has extras) } to com.verizon.mips.services/com.vzw.hss.myverizon.rdd.wifidata.receiver.RDDWifiStateReceiver
04-02 16:00:06.518  1364  1395 W BroadcastQueue: Background execution not allowed: receiving Intent { act=android.net.wifi.STATE_CHANGE flg=0x4000010 (has extras) } to com.vzw.hss.myverizon/.rdd.wifidata.receiver.RDDWifiStateReceiver
04-02 16:00:06.519  1364  1395 W BroadcastQueue: Background execution not allowed: receiving Intent { act=android.net.wifi.STATE_CHANGE flg=0x4000010 (has extras) } to com.vzw.hss.myverizon/com.verizon.contenttransfer.base.CTWifiConnBroadcastReceiver
04-02 16:00:06.522 13941 14083 I NearbyDiscovery: FastPairHandler: Received action android.net.wifi.STATE_CHANGE [CONTEXT service_id=49 ]
04-02 16:00:06.961   876   900 D rlsservice: MonitorDisplayStatus client num 0, display status 0, sensor status 0
04-02 16:00:07.653   880  2739 I WifiHAL : event received NL80211_CMD_VENDOR, vendor_id = 0x1374, subcmd = 0xd
04-02 16:00:09.214  2389  2389 D Oslo/StatusSensor: Received intent android.intent.action.BATTERY_CHANGED
04-02 16:00:09.219  1856  2499 D PowerUI : can't show warning due to - plugged: true status unknown: false
04-02 16:00:09.658   880  2739 I WifiHAL : event received NL80211_CMD_VENDOR, vendor_id = 0x1374, subcmd = 0xd
04-02 16:00:12.605 19910 19910 E ActivityThread: Failed to find provider info for com.verizon.loginclient
04-02 16:00:11.661   880  2739 I WifiHAL : event received NL80211_CMD_VENDOR, vendor_id = 0x1374, subcmd = 0xd
04-02 16:00:12.895 19910  8500 V VZWAPNLib: called startUsingNetworkFeature: true
04-02 16:00:12.896 19910  8500 E VZWAPNLib: binder is not null, setting to common interface 
04-02 16:00:12.896 19910  8500 D APNLib  : Prasad>> setting binder
04-02 16:00:12.896 19910  8500 D APNLib  : Prasad>> notified
04-02 16:00:12.898 19910 11325 D APNLib  : unlocked !! handling request
04-02 16:00:12.898 19910 11325 D APNLib  : Prasad sending data!!!!
04-02 16:00:12.899 20495 21855 E APNLib  : sending data>>>Intent { act=com.vzw.apnservicenew dat=package:com.verizon.mips.services cmp=com.verizon.mips.services/com.vzw.apnservice.VZWAPNServiceNew (has extras) }
04-02 16:00:12.756 19910 19910 I chatty  : uid=10109(com.verizon.mips.services) identical 2 lines
04-02 16:00:12.802 19910 19910 E ActivityThread: Failed to find provider info for com.verizon.loginclient
04-02 16:00:12.900 20495 20517 E ActivityThread: Failed to find provider info for com.verizon.vzwavs.provider
04-02 16:00:12.904  1364  2891 D ConnectivityService: requestNetwork for uid/pid:10109/20495 NetworkRequest [ REQUEST id=9226, [ Transports: CELLULAR Capabilities: CBS&TRUSTED&NOT_VPN Uid: 10109] ]
04-02 16:00:12.905  1364  1667 D WIFI_AWARE_FACTORY: got request NetworkRequest [ REQUEST id=9226, [ Transports: CELLULAR Capabilities: CBS&TRUSTED&NOT_VPN Uid: 10109] ] with score 0 and serial 0
04-02 16:00:12.905  1364  1668 D Ethernet: got request NetworkRequest [ REQUEST id=9226, [ Transports: CELLULAR Capabilities: CBS&TRUSTED&NOT_VPN Uid: 10109] ] with score 0 and serial 0
04-02 16:00:12.905  1364  1594 D UntrustedWifiNetworkFactory: got request NetworkRequest [ REQUEST id=9226, [ Transports: CELLULAR Capabilities: CBS&TRUSTED&NOT_VPN Uid: 10109] ] with score 0 and serial 0
04-02 16:00:12.905  1364  1594 D WifiNetworkFactory: got request NetworkRequest [ REQUEST id=9226, [ Transports: CELLULAR Capabilities: CBS&TRUSTED&NOT_VPN Uid: 10109] ] with score 0 and serial 0
04-02 16:00:12.906  2249  2249 I chatty  : uid=1001(radio) com.android.phone expire 2 lines
04-02 16:00:13.018  1068  1068 I chatty  : uid=1001(radio) imsdatadaemon expire 2 lines
04-02 16:00:13.018  1068  1068 E Diag_Lib: DATAD : gIsQXDMDisabled 0, gIsADBDisabled 1, gIsDebugDisabled 0, gIsIMSLogsDisabled 0
04-02 16:00:13.018  1068  1068 D Diag_Lib:  Diag_LSM_Init: Failed to open handle to diag driver, error = 13
04-02 16:00:13.017  1068  1068 W imsdatadaemon: type=1400 audit(0.0:418291): avc: denied { read write } for name="diag" dev="tmpfs" ino=18767 scontext=u:r:ims:s0 tcontext=u:object_r:diag_device:s0 tclass=chr_file permissive=0
04-02 16:00:13.017  1068  1068 W imsdatadaemon: type=1400 audit(0.0:418292): avc: denied { read write } for name="diag" dev="tmpfs" ino=18767 scontext=u:r:ims:s0 tcontext=u:object_r:diag_device:s0 tclass=chr_file permissive=0
04-02 16:00:13.018  1068  1068 E Diag_Lib: qpLogDiagInit <== result : 0
04-02 16:00:13.018  1068  1068 E Diag_Lib: DATAD : gIsQXDMDisabled 0, gIsADBDisabled 1, gIsDebugDisabled 0, gIsIMSLogsDisabled 0
04-02 16:00:13.017  1068  1068 W imsdatadaemon: type=1400 audit(0.0:418293): avc: denied { read write } for name="diag" dev="tmpfs" ino=18767 scontext=u:r:ims:s0 tcontext=u:object_r:diag_device:s0 tclass=chr_file permissive=0
04-02 16:00:13.020  1068  1068 D Diag_Lib:  Diag_LSM_Init: Failed to open handle to diag driver, error = 13
04-02 16:00:13.020  1068  1068 E Diag_Lib: qpLogDiagInit <== result : 0
04-02 16:00:13.020  1068  1068 E Diag_Lib: DATAD : gIsQXDMDisabled 0, gIsADBDisabled 1, gIsDebugDisabled 0, gIsIMSLogsDisabled 0
04-02 16:00:13.020  1068  1068 D Diag_Lib:  Diag_LSM_Init: Failed to open handle to diag driver, error = 13
04-02 16:00:13.020  1068  1068 E Diag_Lib: qpLogDiagInit <== result : 0
04-02 16:00:13.017  1068  1068 W imsdatadaemon: type=1400 audit(0.0:418294): avc: denied { read write } for name="diag" dev="tmpfs" ino=18767 scontext=u:r:ims:s0 tcontext=u:object_r:diag_device:s0 tclass=chr_file permissive=0
04-02 16:00:13.020  1068  1068 E Diag_Lib: DATAD : gIsQXDMDisabled 0, gIsADBDisabled 1, gIsDebugDisabled 0, gIsIMSLogsDisabled 0
04-02 16:00:13.020  1068  1068 D Diag_Lib:  Diag_LSM_Init: Failed to open handle to diag driver, error = 13
04-02 16:00:13.020  1068  1068 E Diag_Lib: qpLogDiagInit <== result : 0
04-02 16:00:13.020  1068  1068 E Diag_Lib: DATAD : gIsQXDMDisabled 0, gIsADBDisabled 1, gIsDebugDisabled 0, gIsIMSLogsDisabled 0
04-02 16:00:13.017  1068  1068 W imsdatadaemon: type=1400 audit(0.0:418295): avc: denied { read write } for name="diag" dev="tmpfs" ino=18767 scontext=u:r:ims:s0 tcontext=u:object_r:diag_device:s0 tclass=chr_file permissive=0
04-02 16:00:13.020  1068  1068 D Diag_Lib:  Diag_LSM_Init: Failed to open handle to diag driver, error = 13
04-02 16:00:13.020  1068  1068 E Diag_Lib: qpLogDiagInit <== result : 0
04-02 16:00:13.020  1068  1068 E Diag_Lib: DATAD : gIsQXDMDisabled 0, gIsADBDisabled 1, gIsDebugDisabled 0, gIsIMSLogsDisabled 0
04-02 16:00:13.026  1068  1068 D Diag_Lib:  Diag_LSM_Init: Failed to open handle to diag driver, error = 13
04-02 16:00:13.026  1068  1068 E Diag_Lib: qpLogDiagInit <== result : 0
04-02 16:00:13.026  1068  1068 E Diag_Lib: DATAD : gIsQXDMDisabled 0, gIsADBDisabled 1, gIsDebugDisabled 0, gIsIMSLogsDisabled 0
04-02 16:00:13.026  1068  1068 D Diag_Lib:  Diag_LSM_Init: Failed to open handle to diag driver, error = 13
04-02 16:00:13.026  1068  1068 E Diag_Lib: qpLogDiagInit <== result : 0
04-02 16:00:13.026  1068  1068 E Diag_Lib: DATAD : gIsQXDMDisabled 0, gIsADBDisabled 1, gIsDebugDisabled 0, gIsIMSLogsDisabled 0
04-02 16:00:13.028  1068  1068 D Diag_Lib:  Diag_LSM_Init: Failed to open handle to diag driver, error = 13
04-02 16:00:13.028  1068  1068 E Diag_Lib: qpLogDiagInit <== result : 0
04-02 16:00:13.028  1068  1068 E Diag_Lib: DATAD : gIsQXDMDisabled 0, gIsADBDisabled 1, gIsDebugDisabled 0, gIsIMSLogsDisabled 0
04-02 16:00:13.028  1068  1068 D Diag_Lib:  Diag_LSM_Init: Failed to open handle to diag driver, error = 13
04-02 16:00:13.028  1068  1068 E Diag_Lib: qpLogDiagInit <== result : 0
04-02 16:00:13.028  1068  1068 E Diag_Lib: DATAD : gIsQXDMDisabled 0, gIsADBDisabled 1, gIsDebugDisabled 0, gIsIMSLogsDisabled 0
04-02 16:00:13.028  1068  1068 D Diag_Lib:  Diag_LSM_Init: Failed to open handle to diag driver, error = 13
04-02 16:00:13.028  1068  1068 E Diag_Lib: qpLogDiagInit <== result : 0
04-02 16:00:13.028  1068  1068 E Diag_Lib: DATAD : gIsQXDMDisabled 0, gIsADBDisabled 1, gIsDebugDisabled 0, gIsIMSLogsDisabled 0
04-02 16:00:13.028  1068  1068 D Diag_Lib:  Diag_LSM_Init: Failed to open handle to diag driver, error = 13
04-02 16:00:13.028  1068  1068 E Diag_Lib: qpLogDiagInit <== result : 0
04-02 16:00:13.028  1068  1068 E Diag_Lib: DATAD : gIsQXDMDisabled 0, gIsADBDisabled 1, gIsDebugDisabled 0, gIsIMSLogsDisabled 0
04-02 16:00:13.034  1068  1068 D Diag_Lib:  Diag_LSM_Init: Failed to open handle to diag driver, error = 13
04-02 16:00:13.034  1068  1068 E Diag_Lib: qpLogDiagInit <== result : 0
04-02 16:00:13.034  1068  1068 E Diag_Lib: DATAD : gIsQXDMDisabled 0, gIsADBDisabled 1, gIsDebugDisabled 0, gIsIMSLogsDisabled 0
04-02 16:00:13.034  1068  1068 D Diag_Lib:  Diag_LSM_Init: Failed to open handle to diag driver, error = 13
04-02 16:00:13.034  1068  1068 E Diag_Lib: qpLogDiagInit <== result : 0
04-02 16:00:13.034  1068  1068 E Diag_Lib: DATAD : gIsQXDMDisabled 0, gIsADBDisabled 1, gIsDebugDisabled 0, gIsIMSLogsDisabled 0
04-02 16:00:13.035  1068  1068 D Diag_Lib:  Diag_LSM_Init: Failed to open handle to diag driver, error = 13
04-02 16:00:13.035  1068  1068 E Diag_Lib: qpLogDiagInit <== result : 0
04-02 16:00:13.035  1068  1068 E Diag_Lib: DATAD : gIsQXDMDisabled 0, gIsADBDisabled 1, gIsDebugDisabled 0, gIsIMSLogsDisabled 0
04-02 16:00:13.035  1068  1068 D Diag_Lib:  Diag_LSM_Init: Failed to open handle to diag driver, error = 13
04-02 16:00:13.035  1068  1068 E Diag_Lib: qpLogDiagInit <== result : 0
04-02 16:00:13.035  1068  1068 E Diag_Lib: DATAD : gIsQXDMDisabled 0, gIsADBDisabled 1, gIsDebugDisabled 0, gIsIMSLogsDisabled 0
04-02 16:00:13.035  1068  1068 D Diag_Lib:  Diag_LSM_Init: Failed to open handle to diag driver, error = 13
04-02 16:00:13.035  1068  1068 E Diag_Lib: qpLogDiagInit <== result : 0
04-02 16:00:13.036  1068  1068 E Diag_Lib: DATAD : gIsQXDMDisabled 0, gIsADBDisabled 1, gIsDebugDisabled 0, gIsIMSLogsDisabled 0
04-02 16:00:13.036  1068  1068 D Diag_Lib:  Diag_LSM_Init: Failed to open handle to diag driver, error = 13
04-02 16:00:13.036  1068  1068 E Diag_Lib: qpLogDiagInit <== result : 0
04-02 16:00:13.036  1068  1068 E Diag_Lib: DATAD : gIsQXDMDisabled 0, gIsADBDisabled 1, gIsDebugDisabled 0, gIsIMSLogsDisabled 0
04-02 16:00:13.064  1068  1068 D Diag_Lib:  Diag_LSM_Init: Failed to open handle to diag driver, error = 13
04-02 16:00:13.064  1068  1068 E Diag_Lib: qpLogDiagInit <== result : 0
04-02 16:00:13.064  1068  1068 E Diag_Lib: DATAD : gIsQXDMDisabled 0, gIsADBDisabled 1, gIsDebugDisabled 0, gIsIMSLogsDisabled 0
04-02 16:00:13.064  1068  1068 D Diag_Lib:  Diag_LSM_Init: Failed to open handle to diag driver, error = 13
04-02 16:00:13.064  1068  1068 E Diag_Lib: qpLogDiagInit <== result : 0
04-02 16:00:13.064  1068  1068 E Diag_Lib: DATAD : gIsQXDMDisabled 0, gIsADBDisabled 1, gIsDebugDisabled 0, gIsIMSLogsDisabled 0
04-02 16:00:13.065  1068  1068 D Diag_Lib:  Diag_LSM_Init: Failed to open handle to diag driver, error = 13
04-02 16:00:13.066  1068  1068 E Diag_Lib: qpLogDiagInit <== result : 0
04-02 16:00:13.066  1068  1068 E Diag_Lib: DATAD : gIsQXDMDisabled 0, gIsADBDisabled 1, gIsDebugDisabled 0, gIsIMSLogsDisabled 0
04-02 16:00:13.066  1068  1068 D Diag_Lib:  Diag_LSM_Init: Failed to open handle to diag driver, error = 13
04-02 16:00:13.066  1068  1068 E Diag_Lib: qpLogDiagInit <== result : 0
04-02 16:00:13.066  1068  1068 E Diag_Lib: DATAD : gIsQXDMDisabled 0, gIsADBDisabled 1, gIsDebugDisabled 0, gIsIMSLogsDisabled 0
04-02 16:00:13.066  1068  1068 D Diag_Lib:  Diag_LSM_Init: Failed to open handle to diag driver, error = 13
04-02 16:00:13.066  1068  1068 E Diag_Lib: qpLogDiagInit <== result : 0
04-02 16:00:13.066  1068  1068 E Diag_Lib: DATAD : gIsQXDMDisabled 0, gIsADBDisabled 1, gIsDebugDisabled 0, gIsIMSLogsDisabled 0
04-02 16:00:13.067  1068  1068 D Diag_Lib:  Diag_LSM_Init: Failed to open handle to diag driver, error = 13
04-02 16:00:13.067  1068  1068 E Diag_Lib: qpLogDiagInit <== result : 0
04-02 16:00:13.067  1068  1068 E Diag_Lib: DATAD : gIsQXDMDisabled 0, gIsADBDisabled 1, gIsDebugDisabled 0, gIsIMSLogsDisabled 0
04-02 16:00:13.072  2170  2483 W IWlanDataService: 31266 > Response Processed
04-02 16:00:13.072  2170  2483 W IWlanDataService: 31266 > send ACK for serial
04-02 16:00:13.276  2170  2482 W IWlanProxy: RESP_WAKE_LOCK_TIMEOUT
04-02 16:00:13.662   880  2739 I WifiHAL : event received NL80211_CMD_VENDOR, vendor_id = 0x1374, subcmd = 0xd
04-02 16:00:15.667   880  2739 I chatty  : uid=1010 wifi_ext@1.0-se identical 1 line
04-02 16:00:17.672   880  2739 I WifiHAL : event received NL80211_CMD_VENDOR, vendor_id = 0x1374, subcmd = 0xd
04-02 16:00:18.115  2170  4851 D QCNEJ/WwanInfoRelay: Received action: android.intent.action.ANY_DATA_STATE
04-02 16:00:18.119  2249  2378 D TelephonyProvider: subIdString = 1 subId = 1
04-02 16:00:18.207  1068  1068 W imsdatadaemon: type=1400 audit(0.0:418315): avc: denied { read write } for name="diag" dev="tmpfs" ino=18767 scontext=u:r:ims:s0 tcontext=u:object_r:diag_device:s0 tclass=chr_file permissive=0
04-02 16:00:18.207  1068  1068 W imsdatadaemon: type=1400 audit(0.0:418316): avc: denied { read write } for name="diag" dev="tmpfs" ino=18767 scontext=u:r:ims:s0 tcontext=u:object_r:diag_device:s0 tclass=chr_file permissive=0
04-02 16:00:18.209  1068  1068 D Diag_Lib:  Diag_LSM_Init: Failed to open handle to diag driver, error = 13
04-02 16:00:18.209  1068  1068 E Diag_Lib: qpLogDiagInit <== result : 0
04-02 16:00:18.209  1068  1068 E Diag_Lib: DATAD : gIsQXDMDisabled 0, gIsADBDisabled 1, gIsDebugDisabled 0, gIsIMSLogsDisabled 0
04-02 16:00:18.209  1068  1068 D Diag_Lib:  Diag_LSM_Init: Failed to open handle to diag driver, error = 13
04-02 16:00:18.209  1068  1068 E Diag_Lib: qpLogDiagInit <== result : 0
04-02 16:00:18.209  1068  1068 E Diag_Lib: DATAD : gIsQXDMDisabled 0, gIsADBDisabled 1, gIsDebugDisabled 0, gIsIMSLogsDisabled 0
04-02 16:00:18.207  1068  1068 W imsdatadaemon: type=1400 audit(0.0:418317): avc: denied { read write } for name="diag" dev="tmpfs" ino=18767 scontext=u:r:ims:s0 tcontext=u:object_r:diag_device:s0 tclass=chr_file permissive=0
04-02 16:00:18.207  1068  1068 W imsdatadaemon: type=1400 audit(0.0:418318): avc: denied { read write } for name="diag" dev="tmpfs" ino=18767 scontext=u:r:ims:s0 tcontext=u:object_r:diag_device:s0 tclass=chr_file permissive=0
04-02 16:00:18.210  1068  1068 D Diag_Lib:  Diag_LSM_Init: Failed to open handle to diag driver, error = 13
04-02 16:00:18.210  1068  1068 E Diag_Lib: qpLogDiagInit <== result : 0
04-02 16:00:18.210  1068  1068 E Diag_Lib: DATAD : gIsQXDMDisabled 0, gIsADBDisabled 1, gIsDebugDisabled 0, gIsIMSLogsDisabled 0
04-02 16:00:18.210  1068  1068 D Diag_Lib:  Diag_LSM_Init: Failed to open handle to diag driver, error = 13
04-02 16:00:18.210  1068  1068 E Diag_Lib: qpLogDiagInit <== result : 0
04-02 16:00:18.210  1068  1068 E Diag_Lib: DATAD : gIsQXDMDisabled 0, gIsADBDisabled 1, gIsDebugDisabled 0, gIsIMSLogsDisabled 0
04-02 16:00:18.210  1068  1068 D Diag_Lib:  Diag_LSM_Init: Failed to open handle to diag driver, error = 13
04-02 16:00:18.210  1068  1068 E Diag_Lib: qpLogDiagInit <== result : 0
04-02 16:00:18.210  1068  1068 E Diag_Lib: DATAD : gIsQXDMDisabled 0, gIsADBDisabled 1, gIsDebugDisabled 0, gIsIMSLogsDisabled 0
04-02 16:00:18.211  1068  1068 D Diag_Lib:  Diag_LSM_Init: Failed to open handle to diag driver, error = 13
04-02 16:00:18.211  1068  1068 E Diag_Lib: qpLogDiagInit <== result : 0
04-02 16:00:18.211  1068  1068 E Diag_Lib: DATAD : gIsQXDMDisabled 0, gIsADBDisabled 1, gIsDebugDisabled 0, gIsIMSLogsDisabled 0
04-02 16:00:18.207  1068  1068 W imsdatadaemon: type=1400 audit(0.0:418319): avc: denied { read write } for name="diag" dev="tmpfs" ino=18767 scontext=u:r:ims:s0 tcontext=u:object_r:diag_device:s0 tclass=chr_file permissive=0
04-02 16:00:18.216  1068  1068 D Diag_Lib:  Diag_LSM_Init: Failed to open handle to diag driver, error = 13
04-02 16:00:18.216  1068  1068 E Diag_Lib: qpLogDiagInit <== result : 0
04-02 16:00:18.216  1068  1068 E Diag_Lib: DATAD : gIsQXDMDisabled 0, gIsADBDisabled 1, gIsDebugDisabled 0, gIsIMSLogsDisabled 0
04-02 16:00:18.216  1068  1068 D Diag_Lib:  Diag_LSM_Init: Failed to open handle to diag driver, error = 13
04-02 16:00:18.216  1068  1068 E Diag_Lib: qpLogDiagInit <== result : 0
04-02 16:00:18.216  1068  1068 E Diag_Lib: DATAD : gIsQXDMDisabled 0, gIsADBDisabled 1, gIsDebugDisabled 0, gIsIMSLogsDisabled 0
04-02 16:00:18.217  1068  1068 D Diag_Lib:  Diag_LSM_Init: Failed to open handle to diag driver, error = 13
04-02 16:00:18.217  1068  1068 E Diag_Lib: qpLogDiagInit <== result : 0
04-02 16:00:18.217  1068  1068 E Diag_Lib: DATAD : gIsQXDMDisabled 0, gIsADBDisabled 1, gIsDebugDisabled 0, gIsIMSLogsDisabled 0
04-02 16:00:18.217  1068  1068 D Diag_Lib:  Diag_LSM_Init: Failed to open handle to diag driver, error = 13
04-02 16:00:18.217  1068  1068 E Diag_Lib: qpLogDiagInit <== result : 0
04-02 16:00:18.217  1068  1068 E Diag_Lib: DATAD : gIsQXDMDisabled 0, gIsADBDisabled 1, gIsDebugDisabled 0, gIsIMSLogsDisabled 0
04-02 16:00:18.218  1068  1068 D Diag_Lib:  Diag_LSM_Init: Failed to open handle to diag driver, error = 13
04-02 16:00:18.218  1068  1068 E Diag_Lib: qpLogDiagInit <== result : 0
04-02 16:00:18.218  1068  1068 E Diag_Lib: DATAD : gIsQXDMDisabled 0, gIsADBDisabled 1, gIsDebugDisabled 0, gIsIMSLogsDisabled 0
04-02 16:00:18.218  1068  1068 D Diag_Lib:  Diag_LSM_Init: Failed to open handle to diag driver, error = 13
04-02 16:00:18.218  1068  1068 E Diag_Lib: qpLogDiagInit <== result : 0
04-02 16:00:18.218  1068  1068 E Diag_Lib: DATAD : gIsQXDMDisabled 0, gIsADBDisabled 1, gIsDebugDisabled 0, gIsIMSLogsDisabled 0
04-02 16:00:18.224  1068  1068 D Diag_Lib:  Diag_LSM_Init: Failed to open handle to diag driver, error = 13
04-02 16:00:18.224  1068  1068 E Diag_Lib: qpLogDiagInit <== result : 0
04-02 16:00:18.224  1068  1068 E Diag_Lib: DATAD : gIsQXDMDisabled 0, gIsADBDisabled 1, gIsDebugDisabled 0, gIsIMSLogsDisabled 0
04-02 16:00:18.224  1068  1068 D Diag_Lib:  Diag_LSM_Init: Failed to open handle to diag driver, error = 13
04-02 16:00:18.224  1068  1068 E Diag_Lib: qpLogDiagInit <== result : 0
04-02 16:00:18.224  1068  1068 E Diag_Lib: DATAD : gIsQXDMDisabled 0, gIsADBDisabled 1, gIsDebugDisabled 0, gIsIMSLogsDisabled 0
04-02 16:00:18.225  1068  1068 D Diag_Lib:  Diag_LSM_Init: Failed to open handle to diag driver, error = 13
04-02 16:00:18.225  1068  1068 E Diag_Lib: qpLogDiagInit <== result : 0
04-02 16:00:18.225  1068  1068 E Diag_Lib: DATAD : gIsQXDMDisabled 0, gIsADBDisabled 1, gIsDebugDisabled 0, gIsIMSLogsDisabled 0
04-02 16:00:18.225  1068  1068 D Diag_Lib:  Diag_LSM_Init: Failed to open handle to diag driver, error = 13
04-02 16:00:18.225  1068  1068 E Diag_Lib: qpLogDiagInit <== result : 0
04-02 16:00:18.225  1068  1068 E Diag_Lib: DATAD : gIsQXDMDisabled 0, gIsADBDisabled 1, gIsDebugDisabled 0, gIsIMSLogsDisabled 0
04-02 16:00:18.226  1068  1068 D Diag_Lib:  Diag_LSM_Init: Failed to open handle to diag driver, error = 13
04-02 16:00:18.226  1068  1068 E Diag_Lib: qpLogDiagInit <== result : 0
04-02 16:00:18.226  1068  1068 E Diag_Lib: DATAD : gIsQXDMDisabled 0, gIsADBDisabled 1, gIsDebugDisabled 0, gIsIMSLogsDisabled 0
04-02 16:00:18.226  1068  1068 D Diag_Lib:  Diag_LSM_Init: Failed to open handle to diag driver, error = 13
04-02 16:00:18.226  1068  1068 E Diag_Lib: qpLogDiagInit <== result : 0
04-02 16:00:18.226  1068  1068 E Diag_Lib: DATAD : gIsQXDMDisabled 0, gIsADBDisabled 1, gIsDebugDisabled 0, gIsIMSLogsDisabled 0
04-02 16:00:18.257  1068  1068 D Diag_Lib:  Diag_LSM_Init: Failed to open handle to diag driver, error = 13
04-02 16:00:18.257  1068  1068 E Diag_Lib: qpLogDiagInit <== result : 0
04-02 16:00:18.257  1068  1068 E Diag_Lib: DATAD : gIsQXDMDisabled 0, gIsADBDisabled 1, gIsDebugDisabled 0, gIsIMSLogsDisabled 0
04-02 16:00:18.257  1068  1068 D Diag_Lib:  Diag_LSM_Init: Failed to open handle to diag driver, error = 13
04-02 16:00:18.257  1068  1068 E Diag_Lib: qpLogDiagInit <== result : 0
04-02 16:00:18.257  1068  1068 E Diag_Lib: DATAD : gIsQXDMDisabled 0, gIsADBDisabled 1, gIsDebugDisabled 0, gIsIMSLogsDisabled 0
04-02 16:00:18.258  1068  1068 D Diag_Lib:  Diag_LSM_Init: Failed to open handle to diag driver, error = 13
04-02 16:00:18.258  1068  1068 E Diag_Lib: qpLogDiagInit <== result : 0
04-02 16:00:18.258  1068  1068 E Diag_Lib: DATAD : gIsQXDMDisabled 0, gIsADBDisabled 1, gIsDebugDisabled 0, gIsIMSLogsDisabled 0
04-02 16:00:18.258  1068  1068 D Diag_Lib:  Diag_LSM_Init: Failed to open handle to diag driver, error = 13
04-02 16:00:18.258  1068  1068 E Diag_Lib: qpLogDiagInit <== result : 0
04-02 16:00:18.258  1068  1068 E Diag_Lib: DATAD : gIsQXDMDisabled 0, gIsADBDisabled 1, gIsDebugDisabled 0, gIsIMSLogsDisabled 0
04-02 16:00:18.259  1068  1068 D Diag_Lib:  Diag_LSM_Init: Failed to open handle to diag driver, error = 13
04-02 16:00:18.259  1068  1068 E Diag_Lib: qpLogDiagInit <== result : 0
04-02 16:00:18.259  1068  1068 E Diag_Lib: DATAD : gIsQXDMDisabled 0, gIsADBDisabled 1, gIsDebugDisabled 0, gIsIMSLogsDisabled 0
04-02 16:00:18.259  1068  1068 D Diag_Lib:  Diag_LSM_Init: Failed to open handle to diag driver, error = 13
04-02 16:00:18.259  1068  1068 E Diag_Lib: qpLogDiagInit <== result : 0
04-02 16:00:18.259  1068  1068 E Diag_Lib: DATAD : gIsQXDMDisabled 0, gIsADBDisabled 1, gIsDebugDisabled 0, gIsIMSLogsDisabled 0
04-02 16:00:18.262  2170  2483 W IWlanDataService: 31268 > Response Processed
04-02 16:00:18.262  2170  2483 W IWlanDataService: 31268 > send ACK for serial
04-02 16:00:18.469  2170  2482 W IWlanProxy: RESP_WAKE_LOCK_TIMEOUT
04-02 16:00:19.674   880  2739 I WifiHAL : event received NL80211_CMD_VENDOR, vendor_id = 0x1374, subcmd = 0xd
04-02 16:00:21.908  1364  1609 D ConnectivityService: releasing NetworkRequest [ REQUEST id=9226, [ Transports: CELLULAR Capabilities: CBS&TRUSTED&NOT_VPN Uid: 10109] ] (release request)
04-02 16:00:21.677   880  2739 I WifiHAL : event received NL80211_CMD_VENDOR, vendor_id = 0x1374, subcmd = 0xd
04-02 16:00:21.910 19910  8500 V VZWAPNLib: result = -1
04-02 16:00:21.911 19910  8500 E MVS_LoginClient: Result Code: 5001
04-02 16:00:21.920  2170  4851 D QCNEJ/WwanInfoRelay: Received action: android.intent.action.ANY_DATA_STATE
04-02 16:00:21.924  2170  4851 D QCNEJ/WwanInfoRelay: Received action: android.intent.action.ANY_DATA_STATE
04-02 16:00:21.974 19910  8500 V VZWAPNLib: called startUsingNetworkFeature: true
04-02 16:00:21.974 19910  8500 E VZWAPNLib: binder is not null, setting to common interface 
04-02 16:00:21.974 19910  8500 D APNLib  : Prasad>> setting binder
04-02 16:00:21.974 19910  8500 D APNLib  : Prasad>> notified
04-02 16:00:21.976 19910 11335 D APNLib  : unlocked !! handling request
04-02 16:00:21.976 19910 11335 D APNLib  : Prasad sending data!!!!
04-02 16:00:21.977 20495 21855 E APNLib  : sending data>>>Intent { act=com.vzw.apnservicenew dat=package:com.verizon.mips.services cmp=com.verizon.mips.services/com.vzw.apnservice.VZWAPNServiceNew (has extras) }
04-02 16:00:21.979 20495 20517 E ActivityThread: Failed to find provider info for com.verizon.vzwavs.provider
04-02 16:00:21.984  1364  2142 D ConnectivityService: requestNetwork for uid/pid:10109/20495 NetworkRequest [ REQUEST id=9227, [ Transports: CELLULAR Capabilities: CBS&TRUSTED&NOT_VPN Uid: 10109] ]
04-02 16:00:21.985  1364  1668 D Ethernet: got request NetworkRequest [ REQUEST id=9227, [ Transports: CELLULAR Capabilities: CBS&TRUSTED&NOT_VPN Uid: 10109] ] with score 0 and serial 0
04-02 16:00:21.985  1364  1667 D WIFI_AWARE_FACTORY: got request NetworkRequest [ REQUEST id=9227, [ Transports: CELLULAR Capabilities: CBS&TRUSTED&NOT_VPN Uid: 10109] ] with score 0 and serial 0
04-02 16:00:21.985  1364  1594 D UntrustedWifiNetworkFactory: got request NetworkRequest [ REQUEST id=9227, [ Transports: CELLULAR Capabilities: CBS&TRUSTED&NOT_VPN Uid: 10109] ] with score 0 and serial 0
04-02 16:00:21.985  1364  1594 D WifiNetworkFactory: got request NetworkRequest [ REQUEST id=9227, [ Transports: CELLULAR Capabilities: CBS&TRUSTED&NOT_VPN Uid: 10109] ] with score 0 and serial 0
04-02 16:00:21.986  2249  2249 D PhoneSwitcherNetworkRequstListener: got request NetworkRequest [ REQUEST id=9227, [ Transports: CELLULAR Capabilities: CBS&TRUSTED&NOT_VPN Uid: 10109] ] with score 0 and serial 0
04-02 16:00:21.991  2249  2249 D TelephonyProvider: subIdString = 1 subId = 1
04-02 16:00:22.012  2170  4851 D QCNEJ/WwanInfoRelay: Received action: android.intent.action.ANY_DATA_STATE
04-02 16:00:22.013  2249  2378 D TelephonyProvider: subIdString = 1 subId = 1
04-02 16:00:22.099  1068  1068 D Diag_Lib:  Diag_LSM_Init: Failed to open handle to diag driver, error = 13
04-02 16:00:22.097  1068  1068 W imsdatadaemon: type=1400 audit(0.0:418339): avc: denied { read write } for name="diag" dev="tmpfs" ino=18767 scontext=u:r:ims:s0 tcontext=u:object_r:diag_device:s0 tclass=chr_file permissive=0
04-02 16:00:22.099  1068  1068 E Diag_Lib: qpLogDiagInit <== result : 0
04-02 16:00:22.097  1068  1068 W imsdatadaemon: type=1400 audit(0.0:418340): avc: denied { read write } for name="diag" dev="tmpfs" ino=18767 scontext=u:r:ims:s0 tcontext=u:object_r:diag_device:s0 tclass=chr_file permissive=0
04-02 16:00:22.097  1068  1068 I chatty  : uid=1001(radio) imsdatadaemon identical 2 lines
04-02 16:00:22.097  1068  1068 W imsdatadaemon: type=1400 audit(0.0:418343): avc: denied { read write } for name="diag" dev="tmpfs" ino=18767 scontext=u:r:ims:s0 tcontext=u:object_r:diag_device:s0 tclass=chr_file permissive=0
04-02 16:00:22.099  1068  1068 E Diag_Lib: DATAD : gIsQXDMDisabled 0, gIsADBDisabled 1, gIsDebugDisabled 0, gIsIMSLogsDisabled 0
04-02 16:00:22.099  1068  1068 D Diag_Lib:  Diag_LSM_Init: Failed to open handle to diag driver, error = 13
04-02 16:00:22.099  1068  1068 E Diag_Lib: qpLogDiagInit <== result : 0
04-02 16:00:22.099  1068  1068 E Diag_Lib: DATAD : gIsQXDMDisabled 0, gIsADBDisabled 1, gIsDebugDisabled 0, gIsIMSLogsDisabled 0
04-02 16:00:22.100  1068  1068 D Diag_Lib:  Diag_LSM_Init: Failed to open handle to diag driver, error = 13
04-02 16:00:22.100  1068  1068 E Diag_Lib: qpLogDiagInit <== result : 0
04-02 16:00:22.100  1068  1068 E Diag_Lib: DATAD : gIsQXDMDisabled 0, gIsADBDisabled 1, gIsDebugDisabled 0, gIsIMSLogsDisabled 0
04-02 16:00:22.100  1068  1068 D Diag_Lib:  Diag_LSM_Init: Failed to open handle to diag driver, error = 13
04-02 16:00:22.100  1068  1068 E Diag_Lib: qpLogDiagInit <== result : 0
04-02 16:00:22.100  1068  1068 E Diag_Lib: DATAD : gIsQXDMDisabled 0, gIsADBDisabled 1, gIsDebugDisabled 0, gIsIMSLogsDisabled 0
04-02 16:00:22.101  1068  1068 D Diag_Lib:  Diag_LSM_Init: Failed to open handle to diag driver, error = 13
04-02 16:00:22.101  1068  1068 E Diag_Lib: qpLogDiagInit <== result : 0
04-02 16:00:22.101  1068  1068 E Diag_Lib: DATAD : gIsQXDMDisabled 0, gIsADBDisabled 1, gIsDebugDisabled 0, gIsIMSLogsDisabled 0
04-02 16:00:22.101  1068  1068 D Diag_Lib:  Diag_LSM_Init: Failed to open handle to diag driver, error = 13
04-02 16:00:22.101  1068  1068 E Diag_Lib: qpLogDiagInit <== result : 0
04-02 16:00:22.101  1068  1068 E Diag_Lib: DATAD : gIsQXDMDisabled 0, gIsADBDisabled 1, gIsDebugDisabled 0, gIsIMSLogsDisabled 0
04-02 16:00:22.106  1068  1068 D Diag_Lib:  Diag_LSM_Init: Failed to open handle to diag driver, error = 13
04-02 16:00:22.106  1068  1068 E Diag_Lib: qpLogDiagInit <== result : 0
04-02 16:00:22.106  1068  1068 E Diag_Lib: DATAD : gIsQXDMDisabled 0, gIsADBDisabled 1, gIsDebugDisabled 0, gIsIMSLogsDisabled 0
04-02 16:00:22.106  1068  1068 D Diag_Lib:  Diag_LSM_Init: Failed to open handle to diag driver, error = 13
04-02 16:00:22.106  1068  1068 E Diag_Lib: qpLogDiagInit <== result : 0
04-02 16:00:22.106  1068  1068 E Diag_Lib: DATAD : gIsQXDMDisabled 0, gIsADBDisabled 1, gIsDebugDisabled 0, gIsIMSLogsDisabled 0
04-02 16:00:22.107  1068  1068 D Diag_Lib:  Diag_LSM_Init: Failed to open handle to diag driver, error = 13
04-02 16:00:22.107  1068  1068 E Diag_Lib: qpLogDiagInit <== result : 0
04-02 16:00:22.107  1068  1068 E Diag_Lib: DATAD : gIsQXDMDisabled 0, gIsADBDisabled 1, gIsDebugDisabled 0, gIsIMSLogsDisabled 0
04-02 16:00:22.107  1068  1068 D Diag_Lib:  Diag_LSM_Init: Failed to open handle to diag driver, error = 13
04-02 16:00:22.107  1068  1068 E Diag_Lib: qpLogDiagInit <== result : 0
04-02 16:00:22.107  1068  1068 E Diag_Lib: DATAD : gIsQXDMDisabled 0, gIsADBDisabled 1, gIsDebugDisabled 0, gIsIMSLogsDisabled 0
04-02 16:00:22.108  1068  1068 D Diag_Lib:  Diag_LSM_Init: Failed to open handle to diag driver, error = 13
04-02 16:00:22.108  1068  1068 E Diag_Lib: qpLogDiagInit <== result : 0
04-02 16:00:22.108  1068  1068 E Diag_Lib: DATAD : gIsQXDMDisabled 0, gIsADBDisabled 1, gIsDebugDisabled 0, gIsIMSLogsDisabled 0
04-02 16:00:22.108  1068  1068 D Diag_Lib:  Diag_LSM_Init: Failed to open handle to diag driver, error = 13
04-02 16:00:22.108  1068  1068 E Diag_Lib: qpLogDiagInit <== result : 0
04-02 16:00:22.108  1068  1068 E Diag_Lib: DATAD : gIsQXDMDisabled 0, gIsADBDisabled 1, gIsDebugDisabled 0, gIsIMSLogsDisabled 0
04-02 16:00:22.114  1068  1068 D Diag_Lib:  Diag_LSM_Init: Failed to open handle to diag driver, error = 13
04-02 16:00:22.114  1068  1068 E Diag_Lib: qpLogDiagInit <== result : 0
04-02 16:00:22.114  1068  1068 E Diag_Lib: DATAD : gIsQXDMDisabled 0, gIsADBDisabled 1, gIsDebugDisabled 0, gIsIMSLogsDisabled 0
04-02 16:00:22.114  1068  1068 D Diag_Lib:  Diag_LSM_Init: Failed to open handle to diag driver, error = 13
04-02 16:00:22.114  1068  1068 E Diag_Lib: qpLogDiagInit <== result : 0
04-02 16:00:22.114  1068  1068 E Diag_Lib: DATAD : gIsQXDMDisabled 0, gIsADBDisabled 1, gIsDebugDisabled 0, gIsIMSLogsDisabled 0
04-02 16:00:22.114  1068  1068 D Diag_Lib:  Diag_LSM_Init: Failed to open handle to diag driver, error = 13
04-02 16:00:22.114  1068  1068 E Diag_Lib: qpLogDiagInit <== result : 0
04-02 16:00:22.114  1068  1068 E Diag_Lib: DATAD : gIsQXDMDisabled 0, gIsADBDisabled 1, gIsDebugDisabled 0, gIsIMSLogsDisabled 0
04-02 16:00:22.115  1068  1068 D Diag_Lib:  Diag_LSM_Init: Failed to open handle to diag driver, error = 13
04-02 16:00:22.115  1068  1068 E Diag_Lib: qpLogDiagInit <== result : 0
04-02 16:00:22.115  1068  1068 E Diag_Lib: DATAD : gIsQXDMDisabled 0, gIsADBDisabled 1, gIsDebugDisabled 0, gIsIMSLogsDisabled 0
04-02 16:00:22.115  1068  1068 D Diag_Lib:  Diag_LSM_Init: Failed to open handle to diag driver, error = 13
04-02 16:00:22.115  1068  1068 E Diag_Lib: qpLogDiagInit <== result : 0
04-02 16:00:22.115  1068  1068 E Diag_Lib: DATAD : gIsQXDMDisabled 0, gIsADBDisabled 1, gIsDebugDisabled 0, gIsIMSLogsDisabled 0
04-02 16:00:22.115  1068  1068 D Diag_Lib:  Diag_LSM_Init: Failed to open handle to diag driver, error = 13
04-02 16:00:22.115  1068  1068 E Diag_Lib: qpLogDiagInit <== result : 0
04-02 16:00:22.115  1068  1068 E Diag_Lib: DATAD : gIsQXDMDisabled 0, gIsADBDisabled 1, gIsDebugDisabled 0, gIsIMSLogsDisabled 0
04-02 16:00:22.145  1068  1068 D Diag_Lib:  Diag_LSM_Init: Failed to open handle to diag driver, error = 13
04-02 16:00:22.145  1068  1068 E Diag_Lib: qpLogDiagInit <== result : 0
04-02 16:00:22.145  1068  1068 E Diag_Lib: DATAD : gIsQXDMDisabled 0, gIsADBDisabled 1, gIsDebugDisabled 0, gIsIMSLogsDisabled 0
04-02 16:00:22.145  1068  1068 D Diag_Lib:  Diag_LSM_Init: Failed to open handle to diag driver, error = 13
04-02 16:00:22.145  1068  1068 E Diag_Lib: qpLogDiagInit <== result : 0
04-02 16:00:22.145  1068  1068 E Diag_Lib: DATAD : gIsQXDMDisabled 0, gIsADBDisabled 1, gIsDebugDisabled 0, gIsIMSLogsDisabled 0
04-02 16:00:22.146  1068  1068 D Diag_Lib:  Diag_LSM_Init: Failed to open handle to diag driver, error = 13
04-02 16:00:22.146  1068  1068 E Diag_Lib: qpLogDiagInit <== result : 0
04-02 16:00:22.146  1068  1068 E Diag_Lib: DATAD : gIsQXDMDisabled 0, gIsADBDisabled 1, gIsDebugDisabled 0, gIsIMSLogsDisabled 0
04-02 16:00:22.146  1068  1068 D Diag_Lib:  Diag_LSM_Init: Failed to open handle to diag driver, error = 13
04-02 16:00:22.146  1068  1068 E Diag_Lib: qpLogDiagInit <== result : 0
04-02 16:00:22.146  1068  1068 E Diag_Lib: DATAD : gIsQXDMDisabled 0, gIsADBDisabled 1, gIsDebugDisabled 0, gIsIMSLogsDisabled 0
04-02 16:00:22.148  1068  1068 D Diag_Lib:  Diag_LSM_Init: Failed to open handle to diag driver, error = 13
04-02 16:00:22.148  1068  1068 E Diag_Lib: qpLogDiagInit <== result : 0
04-02 16:00:22.148  1068  1068 E Diag_Lib: DATAD : gIsQXDMDisabled 0, gIsADBDisabled 1, gIsDebugDisabled 0, gIsIMSLogsDisabled 0
04-02 16:00:22.148  1068  1068 D Diag_Lib:  Diag_LSM_Init: Failed to open handle to diag driver, error = 13
04-02 16:00:22.148  1068  1068 E Diag_Lib: qpLogDiagInit <== result : 0
04-02 16:00:22.148  1068  1068 E Diag_Lib: DATAD : gIsQXDMDisabled 0, gIsADBDisabled 1, gIsDebugDisabled 0, gIsIMSLogsDisabled 0
04-02 16:00:22.153  2170  2483 W IWlanDataService: 31270 > Response Processed
04-02 16:00:22.153  2170  2483 W IWlanDataService: 31270 > send ACK for serial
04-02 16:00:22.362  2170  2482 W IWlanProxy: RESP_WAKE_LOCK_TIMEOUT
04-02 16:00:23.682   880  2739 I WifiHAL : event received NL80211_CMD_VENDOR, vendor_id = 0x1374, subcmd = 0xd
04-02 16:00:25.687   880  2739 I WifiHAL : event received NL80211_CMD_VENDOR, vendor_id = 0x1374, subcmd = 0xd
04-02 16:00:27.198  2170  4851 D QCNEJ/WwanInfoRelay: Received action: android.intent.action.ANY_DATA_STATE
04-02 16:00:27.203  2249  2378 D TelephonyProvider: subIdString = 1 subId = 1
04-02 16:00:27.284  1068  1068 W imsdatadaemon: type=1400 audit(0.0:418363): avc: denied { read write } for name="diag" dev="tmpfs" ino=18767 scontext=u:r:ims:s0 tcontext=u:object_r:diag_device:s0 tclass=chr_file permissive=0
04-02 16:00:27.284  1068  1068 W imsdatadaemon: type=1400 audit(0.0:418364): avc: denied { read write } for name="diag" dev="tmpfs" ino=18767 scontext=u:r:ims:s0 tcontext=u:object_r:diag_device:s0 tclass=chr_file permissive=0
04-02 16:00:27.285  1068  1068 D Diag_Lib:  Diag_LSM_Init: Failed to open handle to diag driver, error = 13
04-02 16:00:27.285  1068  1068 E Diag_Lib: qpLogDiagInit <== result : 0
04-02 16:00:27.285  1068  1068 E Diag_Lib: DATAD : gIsQXDMDisabled 0, gIsADBDisabled 1, gIsDebugDisabled 0, gIsIMSLogsDisabled 0
04-02 16:00:27.285  1068  1068 D Diag_Lib:  Diag_LSM_Init: Failed to open handle to diag driver, error = 13
04-02 16:00:27.285  1068  1068 E Diag_Lib: qpLogDiagInit <== result : 0
04-02 16:00:27.285  1068  1068 E Diag_Lib: DATAD : gIsQXDMDisabled 0, gIsADBDisabled 1, gIsDebugDisabled 0, gIsIMSLogsDisabled 0
04-02 16:00:27.286  1068  1068 D Diag_Lib:  Diag_LSM_Init: Failed to open handle to diag driver, error = 13
04-02 16:00:27.286  1068  1068 E Diag_Lib: qpLogDiagInit <== result : 0
04-02 16:00:27.286  1068  1068 E Diag_Lib: DATAD : gIsQXDMDisabled 0, gIsADBDisabled 1, gIsDebugDisabled 0, gIsIMSLogsDisabled 0
04-02 16:00:27.287  1068  1068 D Diag_Lib:  Diag_LSM_Init: Failed to open handle to diag driver, error = 13
04-02 16:00:27.287  1068  1068 E Diag_Lib: qpLogDiagInit <== result : 0
04-02 16:00:27.287  1068  1068 E Diag_Lib: DATAD : gIsQXDMDisabled 0, gIsADBDisabled 1, gIsDebugDisabled 0, gIsIMSLogsDisabled 0
04-02 16:00:27.284  1068  1068 W imsdatadaemon: type=1400 audit(0.0:418365): avc: denied { read write } for name="diag" dev="tmpfs" ino=18767 scontext=u:r:ims:s0 tcontext=u:object_r:diag_device:s0 tclass=chr_file permissive=0
04-02 16:00:27.284  1068  1068 I chatty  : uid=1001(radio) imsdatadaemon identical 1 line
04-02 16:00:27.284  1068  1068 W imsdatadaemon: type=1400 audit(0.0:418367): avc: denied { read write } for name="diag" dev="tmpfs" ino=18767 scontext=u:r:ims:s0 tcontext=u:object_r:diag_device:s0 tclass=chr_file permissive=0
04-02 16:00:27.288  1068  1068 D Diag_Lib:  Diag_LSM_Init: Failed to open handle to diag driver, error = 13
04-02 16:00:27.288  1068  1068 E Diag_Lib: qpLogDiagInit <== result : 0
04-02 16:00:27.288  1068  1068 E Diag_Lib: DATAD : gIsQXDMDisabled 0, gIsADBDisabled 1, gIsDebugDisabled 0, gIsIMSLogsDisabled 0
04-02 16:00:27.288  1068  1068 D Diag_Lib:  Diag_LSM_Init: Failed to open handle to diag driver, error = 13
04-02 16:00:27.288  1068  1068 E Diag_Lib: qpLogDiagInit <== result : 0
04-02 16:00:27.288  1068  1068 E Diag_Lib: DATAD : gIsQXDMDisabled 0, gIsADBDisabled 1, gIsDebugDisabled 0, gIsIMSLogsDisabled 0
04-02 16:00:27.294  1068  1068 D Diag_Lib:  Diag_LSM_Init: Failed to open handle to diag driver, error = 13
04-02 16:00:27.294  1068  1068 E Diag_Lib: qpLogDiagInit <== result : 0
04-02 16:00:27.294  1068  1068 E Diag_Lib: DATAD : gIsQXDMDisabled 0, gIsADBDisabled 1, gIsDebugDisabled 0, gIsIMSLogsDisabled 0
04-02 16:00:27.294  1068  1068 D Diag_Lib:  Diag_LSM_Init: Failed to open handle to diag driver, error = 13
04-02 16:00:27.294  1068  1068 E Diag_Lib: qpLogDiagInit <== result : 0
04-02 16:00:27.294  1068  1068 E Diag_Lib: DATAD : gIsQXDMDisabled 0, gIsADBDisabled 1, gIsDebugDisabled 0, gIsIMSLogsDisabled 0
04-02 16:00:27.295  1068  1068 D Diag_Lib:  Diag_LSM_Init: Failed to open handle to diag driver, error = 13
04-02 16:00:27.295  1068  1068 E Diag_Lib: qpLogDiagInit <== result : 0
04-02 16:00:27.295  1068  1068 E Diag_Lib: DATAD : gIsQXDMDisabled 0, gIsADBDisabled 1, gIsDebugDisabled 0, gIsIMSLogsDisabled 0
04-02 16:00:27.295  1068  1068 D Diag_Lib:  Diag_LSM_Init: Failed to open handle to diag driver, error = 13
04-02 16:00:27.295  1068  1068 E Diag_Lib: qpLogDiagInit <== result : 0
04-02 16:00:27.295  1068  1068 E Diag_Lib: DATAD : gIsQXDMDisabled 0, gIsADBDisabled 1, gIsDebugDisabled 0, gIsIMSLogsDisabled 0
04-02 16:00:27.296  1068  1068 D Diag_Lib:  Diag_LSM_Init: Failed to open handle to diag driver, error = 13
04-02 16:00:27.296  1068  1068 E Diag_Lib: qpLogDiagInit <== result : 0
04-02 16:00:27.296  1068  1068 E Diag_Lib: DATAD : gIsQXDMDisabled 0, gIsADBDisabled 1, gIsDebugDisabled 0, gIsIMSLogsDisabled 0
04-02 16:00:27.296  1068  1068 D Diag_Lib:  Diag_LSM_Init: Failed to open handle to diag driver, error = 13
04-02 16:00:27.296  1068  1068 E Diag_Lib: qpLogDiagInit <== result : 0
04-02 16:00:27.296  1068  1068 E Diag_Lib: DATAD : gIsQXDMDisabled 0, gIsADBDisabled 1, gIsDebugDisabled 0, gIsIMSLogsDisabled 0
04-02 16:00:27.302  1068  1068 D Diag_Lib:  Diag_LSM_Init: Failed to open handle to diag driver, error = 13
04-02 16:00:27.302  1068  1068 E Diag_Lib: qpLogDiagInit <== result : 0
04-02 16:00:27.302  1068  1068 E Diag_Lib: DATAD : gIsQXDMDisabled 0, gIsADBDisabled 1, gIsDebugDisabled 0, gIsIMSLogsDisabled 0
04-02 16:00:27.302  1068  1068 D Diag_Lib:  Diag_LSM_Init: Failed to open handle to diag driver, error = 13
04-02 16:00:27.302  1068  1068 E Diag_Lib: qpLogDiagInit <== result : 0
04-02 16:00:27.302  1068  1068 E Diag_Lib: DATAD : gIsQXDMDisabled 0, gIsADBDisabled 1, gIsDebugDisabled 0, gIsIMSLogsDisabled 0
04-02 16:00:27.303  1068  1068 D Diag_Lib:  Diag_LSM_Init: Failed to open handle to diag driver, error = 13
04-02 16:00:27.303  1068  1068 E Diag_Lib: qpLogDiagInit <== result : 0
04-02 16:00:27.303  1068  1068 E Diag_Lib: DATAD : gIsQXDMDisabled 0, gIsADBDisabled 1, gIsDebugDisabled 0, gIsIMSLogsDisabled 0
04-02 16:00:27.303  1068  1068 D Diag_Lib:  Diag_LSM_Init: Failed to open handle to diag driver, error = 13
04-02 16:00:27.303  1068  1068 E Diag_Lib: qpLogDiagInit <== result : 0
04-02 16:00:27.303  1068  1068 E Diag_Lib: DATAD : gIsQXDMDisabled 0, gIsADBDisabled 1, gIsDebugDisabled 0, gIsIMSLogsDisabled 0
04-02 16:00:27.303  1068  1068 D Diag_Lib:  Diag_LSM_Init: Failed to open handle to diag driver, error = 13
04-02 16:00:27.303  1068  1068 E Diag_Lib: qpLogDiagInit <== result : 0
04-02 16:00:27.303  1068  1068 E Diag_Lib: DATAD : gIsQXDMDisabled 0, gIsADBDisabled 1, gIsDebugDisabled 0, gIsIMSLogsDisabled 0
04-02 16:00:27.304  1068  1068 D Diag_Lib:  Diag_LSM_Init: Failed to open handle to diag driver, error = 13
04-02 16:00:27.304  1068  1068 E Diag_Lib: qpLogDiagInit <== result : 0
04-02 16:00:27.304  1068  1068 E Diag_Lib: DATAD : gIsQXDMDisabled 0, gIsADBDisabled 1, gIsDebugDisabled 0, gIsIMSLogsDisabled 0
04-02 16:00:27.333  1068  1068 D Diag_Lib:  Diag_LSM_Init: Failed to open handle to diag driver, error = 13
04-02 16:00:27.333  1068  1068 E Diag_Lib: qpLogDiagInit <== result : 0
04-02 16:00:27.333  1068  1068 E Diag_Lib: DATAD : gIsQXDMDisabled 0, gIsADBDisabled 1, gIsDebugDisabled 0, gIsIMSLogsDisabled 0
04-02 16:00:27.334  1068  1068 D Diag_Lib:  Diag_LSM_Init: Failed to open handle to diag driver, error = 13
04-02 16:00:27.334  1068  1068 E Diag_Lib: qpLogDiagInit <== result : 0
04-02 16:00:27.334  1068  1068 E Diag_Lib: DATAD : gIsQXDMDisabled 0, gIsADBDisabled 1, gIsDebugDisabled 0, gIsIMSLogsDisabled 0
04-02 16:00:27.335  1068  1068 D Diag_Lib:  Diag_LSM_Init: Failed to open handle to diag driver, error = 13
04-02 16:00:27.335  1068  1068 E Diag_Lib: qpLogDiagInit <== result : 0
04-02 16:00:27.335  1068  1068 E Diag_Lib: DATAD : gIsQXDMDisabled 0, gIsADBDisabled 1, gIsDebugDisabled 0, gIsIMSLogsDisabled 0
04-02 16:00:27.335  1068  1068 D Diag_Lib:  Diag_LSM_Init: Failed to open handle to diag driver, error = 13
04-02 16:00:27.335  1068  1068 E Diag_Lib: qpLogDiagInit <== result : 0
04-02 16:00:27.335  1068  1068 E Diag_Lib: DATAD : gIsQXDMDisabled 0, gIsADBDisabled 1, gIsDebugDisabled 0, gIsIMSLogsDisabled 0
04-02 16:00:27.336  1068  1068 D Diag_Lib:  Diag_LSM_Init: Failed to open handle to diag driver, error = 13
04-02 16:00:27.336  1068  1068 E Diag_Lib: qpLogDiagInit <== result : 0
04-02 16:00:27.336  1068  1068 E Diag_Lib: DATAD : gIsQXDMDisabled 0, gIsADBDisabled 1, gIsDebugDisabled 0, gIsIMSLogsDisabled 0
04-02 16:00:27.336  1068  1068 D Diag_Lib:  Diag_LSM_Init: Failed to open handle to diag driver, error = 13
04-02 16:00:27.336  1068  1068 E Diag_Lib: qpLogDiagInit <== result : 0
