04-02 15:48:14.256   880  2739 I WifiHAL : event received NL80211_CMD_VENDOR, vendor_id = 0x1374, subcmd = 0xd
04-02 15:48:16.260   880  2739 I WifiHAL : event received NL80211_CMD_VENDOR, vendor_id = 0x1374, subcmd = 0xd
04-02 15:48:18.265   880  2739 I WifiHAL : event received NL80211_CMD_VENDOR, vendor_id = 0x1374, subcmd = 0xd
04-02 15:48:18.386   869  1303 D VSC     : @ 599272.280: [Significant Motion] Request motion_detect, interval 18446744073709551615 ns, latency 0 ns
04-02 15:48:18.386   869  1303 D VSC     : @ 599272.280: [Significant Motion] Stop accel
04-02 15:48:18.772  1364  1609 D ConnectivityService: releasing NetworkRequest [ REQUEST id=9191, [ Transports: CELLULAR Capabilities: CBS&TRUSTED&NOT_VPN Uid: 10109] ] (release request)
04-02 15:48:18.774 19910  8500 V VZWAPNLib: result = -1
04-02 15:48:18.774 19910  8500 E MVS_LoginClient: Result Code: 5001
04-02 15:48:18.835 19910  8500 V VZWAPNLib: called startUsingNetworkFeature: true
04-02 15:48:18.836 19910  8500 E VZWAPNLib: binder is not null, setting to common interface 
04-02 15:48:18.836 19910  8500 D APNLib  : Prasad>> setting binder
04-02 15:48:18.836 19910  8500 D APNLib  : Prasad>> notified
04-02 15:48:18.838 19910 10853 D APNLib  : unlocked !! handling request
04-02 15:48:18.838 19910 10853 D APNLib  : Prasad sending data!!!!
04-02 15:48:18.839 20495 23277 E APNLib  : sending data>>>Intent { act=com.vzw.apnservicenew dat=package:com.verizon.mips.services cmp=com.verizon.mips.services/com.vzw.apnservice.VZWAPNServiceNew (has extras) }
04-02 15:48:18.840 20495 20517 E ActivityThread: Failed to find provider info for com.verizon.vzwavs.provider
04-02 15:48:18.846  1364  2891 D ConnectivityService: requestNetwork for uid/pid:10109/20495 NetworkRequest [ REQUEST id=9192, [ Transports: CELLULAR Capabilities: CBS&TRUSTED&NOT_VPN Uid: 10109] ]
04-02 15:48:18.847  1364  1667 I chatty  : uid=1000(system) wifiAwareServic expire 10 lines
04-02 15:48:18.847  1364  1668 I chatty  : uid=1000(system) EthernetService expire 10 lines
04-02 15:48:18.847  1364  1594 I chatty  : uid=1000(system) ClientModeImpl expire 10 lines
04-02 15:48:18.848  2249  2249 I chatty  : uid=1001(radio) com.android.phone expire 12 lines
04-02 15:48:20.268   880  2739 I WifiHAL : event received NL80211_CMD_VENDOR, vendor_id = 0x1374, subcmd = 0xd
04-02 15:48:22.271   880  2739 I WifiHAL : event received NL80211_CMD_VENDOR, vendor_id = 0x1374, subcmd = 0xd
04-02 15:48:22.661  2389  2389 D Oslo/StatusSensor: Received intent android.intent.action.BATTERY_CHANGED
04-02 15:48:22.662   629   629 D qdlights: set_speaker_light_locked mode=0, colorRGB=FF00FF00, onMS=0, offMS=0, rc=-2
04-02 15:48:22.669  1856  2499 D PowerUI : can't show warning due to - plugged: true status unknown: false
04-02 15:48:24.134  1068  1068 I chatty  : uid=1001(radio) imsdatadaemon expire 77 lines
04-02 15:48:24.194  2170  2483 I chatty  : uid=1001(radio) HwBinder:2170_1 expire 12 lines
04-02 15:48:24.277   880  2739 I WifiHAL : event received NL80211_CMD_VENDOR, vendor_id = 0x1374, subcmd = 0xd
04-02 15:48:26.281   880  2739 I WifiHAL : event received NL80211_CMD_VENDOR, vendor_id = 0x1374, subcmd = 0xd
04-02 15:48:27.032  3540  3562 I Finsky  : [1300] kem.run(3): Stats for Executor: BlockingExecutor kgk@1fb6990[Running, pool size = 0, active threads = 0, queued tasks = 0, completed tasks = 92]
04-02 15:48:27.033  3540  3562 I Finsky  : [1300] kem.run(3): Stats for Executor: LightweightExecutor kgk@7960289[Running, pool size = 4, active threads = 0, queued tasks = 0, completed tasks = 72]
04-02 15:48:27.034  3540  3562 I Finsky  : [1300] kem.run(3): Stats for Executor: bgExecutor kgk@e9b028e[Running, pool size = 4, active threads = 0, queued tasks = 0, completed tasks = 222]
04-02 15:48:27.868  1364  1609 D ConnectivityService: releasing NetworkRequest [ REQUEST id=9192, [ Transports: CELLULAR Capabilities: CBS&TRUSTED&NOT_VPN Uid: 10109] ] (release request)
04-02 15:48:27.870 19910  8500 V VZWAPNLib: result = -1
04-02 15:48:27.870 19910  8500 E MVS_LoginClient: Result Code: 5001
04-02 15:48:28.286   880  2739 I WifiHAL : event received NL80211_CMD_VENDOR, vendor_id = 0x1374, subcmd = 0xd
04-02 15:48:32.292   880  2739 I WifiHAL : event received NL80211_CMD_VENDOR, vendor_id = 0x1374, subcmd = 0xd
04-02 15:48:34.053   860   860 I /vendor/bin/hw/android.hardware.health@2.0-service.coral: Recording a sample at time 599281
04-02 15:48:34.075   629   629 D qdlights: set_speaker_light_locked mode=0, colorRGB=00000000, onMS=0, offMS=0, rc=-2
04-02 15:48:34.077  2389  2389 D Oslo/StatusSensor: Received intent android.intent.action.BATTERY_CHANGED
04-02 15:48:34.083  1856  2499 D PowerUI : can't show warning due to - plugged: true status unknown: false
04-02 15:48:34.298   880  2739 I WifiHAL : event received NL80211_CMD_VENDOR, vendor_id = 0x1374, subcmd = 0xd
04-02 15:48:36.301   880  2739 I WifiHAL : event received NL80211_CMD_VENDOR, vendor_id = 0x1374, subcmd = 0xd
04-02 15:48:36.929   876   900 D rlsservice: MonitorDisplayStatus client num 0, display status 0, sensor status 0
04-02 15:48:38.306   880  2739 I WifiHAL : event received NL80211_CMD_VENDOR, vendor_id = 0x1374, subcmd = 0xd
04-02 15:48:40.830   880   880 I vendor.google.wifi_ext@1.0-service-vendor: Wifi: Reseting SAR Scenario to default
04-02 15:48:52.332   880  2739 I WifiHAL : event received NL80211_CMD_VENDOR, vendor_id = 0x1374, subcmd = 0xd
04-02 15:48:53.406  2389  2389 D Oslo/StatusSensor: Received intent android.intent.action.BATTERY_CHANGED
04-02 15:48:53.413  1856  2499 D PowerUI : can't show warning due to - plugged: true status unknown: false
04-02 15:48:53.603   869  1303 I CHRE    : @ 599307.496: [AR_CHRE] send to host, reason=4, sampleSize=112, transitionSize=0, lastAccelTime = 599301519, lastAudioTime = 0 
04-02 15:48:53.603   869  1303 I CHRE    : @ 599307.497: [NanoMinion] sent MSG Type 0x72, Version 0, 1707 bytes, MessageId 98
04-02 15:48:54.340   880  2739 I WifiHAL : event received NL80211_CMD_VENDOR, vendor_id = 0x1374, subcmd = 0xd
04-02 15:48:54.657 19910 19910 E ActivityThread: Failed to find provider info for com.verizon.loginclient
04-02 15:48:54.935 19910  8500 V VZWAPNLib: called startUsingNetworkFeature: true
04-02 15:48:54.936 19910  8500 E VZWAPNLib: binder is not null, setting to common interface 
04-02 15:48:54.936 19910  8500 D APNLib  : Prasad>> setting binder
04-02 15:48:54.936 19910  8500 D APNLib  : Prasad>> notified
04-02 15:48:54.938 19910 10864 D APNLib  : unlocked !! handling request
04-02 15:48:54.938 19910 10864 D APNLib  : Prasad sending data!!!!
04-02 15:48:54.940 20495 23277 E APNLib  : sending data>>>Intent { act=com.vzw.apnservicenew dat=package:com.verizon.mips.services cmp=com.verizon.mips.services/com.vzw.apnservice.VZWAPNServiceNew (has extras) }
04-02 15:48:54.794 19910 19910 I chatty  : uid=10109(com.verizon.mips.services) identical 2 lines
04-02 15:48:54.839 19910 19910 E ActivityThread: Failed to find provider info for com.verizon.loginclient
04-02 15:48:54.943 20495 20517 E ActivityThread: Failed to find provider info for com.verizon.vzwavs.provider
04-02 15:48:54.950  1364  4065 D ConnectivityService: requestNetwork for uid/pid:10109/20495 NetworkRequest [ REQUEST id=9193, [ Transports: CELLULAR Capabilities: CBS&TRUSTED&NOT_VPN Uid: 10109] ]
04-02 15:48:54.974  2249  2378 I chatty  : uid=1001(radio) DcHandlerThread expire 12 lines
04-02 15:48:55.044  1068  1068 I chatty  : uid=1001(radio) imsdatadaemon expire 219 lines
04-02 15:48:56.350   880  2739 I WifiHAL : event received NL80211_CMD_VENDOR, vendor_id = 0x1374, subcmd = 0xd
04-02 15:48:58.355   880  2739 I WifiHAL : event received NL80211_CMD_VENDOR, vendor_id = 0x1374, subcmd = 0xd
04-02 15:49:00.359   880  2739 I WifiHAL : event received NL80211_CMD_VENDOR, vendor_id = 0x1374, subcmd = 0xd
04-02 15:49:02.364   880  2739 I WifiHAL : event received NL80211_CMD_VENDOR, vendor_id = 0x1374, subcmd = 0xd
04-02 15:49:03.954  1364  1609 D ConnectivityService: releasing NetworkRequest [ REQUEST id=9193, [ Transports: CELLULAR Capabilities: CBS&TRUSTED&NOT_VPN Uid: 10109] ] (release request)
04-02 15:49:03.956 19910  8500 V VZWAPNLib: result = -1
04-02 15:49:03.957 19910  8500 E MVS_LoginClient: Result Code: 5001
04-02 15:49:04.014 19910  8500 V VZWAPNLib: called startUsingNetworkFeature: true
04-02 15:49:04.015 19910  8500 E VZWAPNLib: binder is not null, setting to common interface 
04-02 15:49:04.015 19910  8500 D APNLib  : Prasad>> setting binder
04-02 15:49:04.015 19910  8500 D APNLib  : Prasad>> notified
04-02 15:49:04.032 19910 10874 D APNLib  : unlocked !! handling request
04-02 15:49:04.032 19910 10874 D APNLib  : Prasad sending data!!!!
04-02 15:49:04.033 20495 23277 E APNLib  : sending data>>>Intent { act=com.vzw.apnservicenew dat=package:com.verizon.mips.services cmp=com.verizon.mips.services/com.vzw.apnservice.VZWAPNServiceNew (has extras) }
04-02 15:49:04.034 20495 20517 E ActivityThread: Failed to find provider info for com.verizon.vzwavs.provider
04-02 15:49:04.040  1364  3168 D ConnectivityService: requestNetwork for uid/pid:10109/20495 NetworkRequest [ REQUEST id=9194, [ Transports: CELLULAR Capabilities: CBS&TRUSTED&NOT_VPN Uid: 10109] ]
04-02 15:49:04.367   880  2739 I WifiHAL : event received NL80211_CMD_VENDOR, vendor_id = 0x1374, subcmd = 0xd
04-02 15:49:04.418  2170  2482 I chatty  : uid=1001(radio) IWlanProxy expire 12 lines
04-02 15:49:06.373   880  2739 I WifiHAL : event received NL80211_CMD_VENDOR, vendor_id = 0x1374, subcmd = 0xd
04-02 15:49:06.931   876   900 D rlsservice: MonitorDisplayStatus client num 0, display status 0, sensor status 0
04-02 15:49:08.378   880  2739 I WifiHAL : event received NL80211_CMD_VENDOR, vendor_id = 0x1374, subcmd = 0xd
04-02 15:49:09.251  2170  4851 I chatty  : uid=1001(radio) FrameworkReceiv expire 16 lines
04-02 15:49:09.336  1068  1068 I chatty  : uid=1001(radio) imsdatadaemon expire 77 lines
04-02 15:49:10.382   880  2739 I WifiHAL : event received NL80211_CMD_VENDOR, vendor_id = 0x1374, subcmd = 0xd
04-02 15:49:13.083  1364  1609 D ConnectivityService: releasing NetworkRequest [ REQUEST id=9194, [ Transports: CELLULAR Capabilities: CBS&TRUSTED&NOT_VPN Uid: 10109] ] (release request)
04-02 15:49:12.386   880  2739 I WifiHAL : event received NL80211_CMD_VENDOR, vendor_id = 0x1374, subcmd = 0xd
04-02 15:49:13.085 19910  8500 V VZWAPNLib: result = -1
04-02 15:49:13.086 19910  8500 E MVS_LoginClient: Result Code: 5001
04-02 15:49:14.390   880  2739 I WifiHAL : event received NL80211_CMD_VENDOR, vendor_id = 0x1374, subcmd = 0xd
04-02 15:49:34.427   880  2739 I chatty  : uid=1010 wifi_ext@1.0-se identical 10 lines
04-02 15:49:36.431   880  2739 I WifiHAL : event received NL80211_CMD_VENDOR, vendor_id = 0x1374, subcmd = 0xd
04-02 15:49:36.933   876   900 D rlsservice: MonitorDisplayStatus client num 0, display status 0, sensor status 0
04-02 15:49:38.435   880  2739 I WifiHAL : event received NL80211_CMD_VENDOR, vendor_id = 0x1374, subcmd = 0xd
04-02 15:49:39.844 19910 19910 E ActivityThread: Failed to find provider info for com.verizon.loginclient
04-02 15:49:40.089 19910  8500 V VZWAPNLib: called startUsingNetworkFeature: true
04-02 15:49:40.089 19910  8500 E VZWAPNLib: binder is not null, setting to common interface 
04-02 15:49:40.089 19910  8500 D APNLib  : Prasad>> setting binder
04-02 15:49:40.089 19910  8500 D APNLib  : Prasad>> notified
04-02 15:49:40.091 19910 10886 D APNLib  : unlocked !! handling request
04-02 15:49:40.091 19910 10886 D APNLib  : Prasad sending data!!!!
04-02 15:49:40.092 20495 23277 E APNLib  : sending data>>>Intent { act=com.vzw.apnservicenew dat=package:com.verizon.mips.services cmp=com.verizon.mips.services/com.vzw.apnservice.VZWAPNServiceNew (has extras) }
04-02 15:49:39.986 19910 19910 I chatty  : uid=10109(com.verizon.mips.services) identical 2 lines
04-02 15:49:40.017 19910 19910 E ActivityThread: Failed to find provider info for com.verizon.loginclient
04-02 15:49:40.093 20495 20517 E ActivityThread: Failed to find provider info for com.verizon.vzwavs.provider
04-02 15:49:40.097  1364  3168 D ConnectivityService: requestNetwork for uid/pid:10109/20495 NetworkRequest [ REQUEST id=9195, [ Transports: CELLULAR Capabilities: CBS&TRUSTED&NOT_VPN Uid: 10109] ]
04-02 15:49:40.190  1068  1068 I chatty  : uid=1001(radio) imsdatadaemon expire 231 lines
04-02 15:49:40.437   880  2739 I WifiHAL : event received NL80211_CMD_VENDOR, vendor_id = 0x1374, subcmd = 0xd
04-02 15:49:42.448   880  2739 I WifiHAL : event received NL80211_CMD_VENDOR, vendor_id = 0x1374, subcmd = 0xd
04-02 15:49:44.453   880  2739 I WifiHAL : event received NL80211_CMD_VENDOR, vendor_id = 0x1374, subcmd = 0xd
04-02 15:49:45.420  2170  2483 I chatty  : uid=1001(radio) HwBinder:2170_1 expire 12 lines
04-02 15:49:46.455   880  2739 I WifiHAL : event received NL80211_CMD_VENDOR, vendor_id = 0x1374, subcmd = 0xd
04-02 15:49:49.101  1364  1609 D ConnectivityService: releasing NetworkRequest [ REQUEST id=9195, [ Transports: CELLULAR Capabilities: CBS&TRUSTED&NOT_VPN Uid: 10109] ] (release request)
04-02 15:49:48.462   880  2739 I WifiHAL : event received NL80211_CMD_VENDOR, vendor_id = 0x1374, subcmd = 0xd
04-02 15:49:49.103 19910  8500 V VZWAPNLib: result = -1
04-02 15:49:49.104 19910  8500 E MVS_LoginClient: Result Code: 5001
04-02 15:49:49.178 19910  8500 V VZWAPNLib: called startUsingNetworkFeature: true
04-02 15:49:49.178 19910  8500 E VZWAPNLib: binder is not null, setting to common interface 
04-02 15:49:49.178 19910  8500 D APNLib  : Prasad>> setting binder
04-02 15:49:49.178 19910  8500 D APNLib  : Prasad>> notified
04-02 15:49:49.181 19910 10896 D APNLib  : unlocked !! handling request
04-02 15:49:49.181 19910 10896 D APNLib  : Prasad sending data!!!!
04-02 15:49:49.182 20495 23277 E APNLib  : sending data>>>Intent { act=com.vzw.apnservicenew dat=package:com.verizon.mips.services cmp=com.verizon.mips.services/com.vzw.apnservice.VZWAPNServiceNew (has extras) }
04-02 15:49:49.183 20495 20517 E ActivityThread: Failed to find provider info for com.verizon.vzwavs.provider
04-02 15:49:49.189  1364  4065 D ConnectivityService: requestNetwork for uid/pid:10109/20495 NetworkRequest [ REQUEST id=9196, [ Transports: CELLULAR Capabilities: CBS&TRUSTED&NOT_VPN Uid: 10109] ]
04-02 15:49:50.464   880  2739 I WifiHAL : event received NL80211_CMD_VENDOR, vendor_id = 0x1374, subcmd = 0xd
04-02 15:49:52.469   880  2739 I WifiHAL : event received NL80211_CMD_VENDOR, vendor_id = 0x1374, subcmd = 0xd
04-02 15:49:54.444  1068  1068 I chatty  : uid=1001(radio) imsdatadaemon expire 77 lines
04-02 15:49:54.468   880  2739 I WifiHAL : event received NL80211_CMD_VENDOR, vendor_id = 0x1374, subcmd = 0xd
04-02 15:49:54.835   629   629 D qdlights: set_speaker_light_locked mode=0, colorRGB=FF00FF00, onMS=0, offMS=0, rc=-2
04-02 15:49:54.837  2389  2389 D Oslo/StatusSensor: Received intent android.intent.action.BATTERY_CHANGED
04-02 15:49:54.845  1856  2499 D PowerUI : can't show warning due to - plugged: true status unknown: false
04-02 15:49:56.473   880  2739 I WifiHAL : event received NL80211_CMD_VENDOR, vendor_id = 0x1374, subcmd = 0xd
04-02 15:49:58.191  1364  1609 D ConnectivityService: releasing NetworkRequest [ REQUEST id=9196, [ Transports: CELLULAR Capabilities: CBS&TRUSTED&NOT_VPN Uid: 10109] ] (release request)
04-02 15:49:58.193 19910  8500 V VZWAPNLib: result = -1
04-02 15:49:58.194 19910  8500 E MVS_LoginClient: Result Code: 5001
04-02 15:49:58.480   880  2739 I WifiHAL : event received NL80211_CMD_VENDOR, vendor_id = 0x1374, subcmd = 0xd
04-02 15:50:02.489   880  2739 I chatty  : uid=1010 wifi_ext@1.0-se identical 15 lines
04-02 15:50:04.493   880  2739 I WifiHAL : event received NL80211_CMD_VENDOR, vendor_id = 0x1374, subcmd = 0xd
04-02 15:50:06.130  1943  2750 D DhcpClient: Unicasting DHCPREQUEST ciaddr=10.234.115.62 request=0.0.0.0 serverid=null to /10.232.0.1:67
04-02 15:50:06.166  1943  2750 D DhcpClient: Received packet: da:49:6d:a1:ec:70 ACK: your new IP /10.234.115.62, netmask /255.252.0.0, gateways [/10.232.0.1] DNS servers: /75.75.75.75 /75.75.76.76 , lease time 300
04-02 15:50:06.169  1943  2750 D DhcpClient: Renewed lease: android.net.networkstack.DhcpResults@c36e4d3 DHCP server /10.232.0.1 Vendor info null lease 300 seconds Servername 
04-02 15:50:06.182  1943  2750 D DhcpClient: Scheduling renewal in 149s
04-02 15:50:06.182  1943  2750 D DhcpClient: Scheduling rebind in 262s
04-02 15:50:06.182  1943  2750 D DhcpClient: Scheduling expiry in 299s
04-02 15:50:06.194  1364  1395 W BroadcastQueue: Background execution not allowed: receiving Intent { act=android.net.wifi.STATE_CHANGE flg=0x4000010 (has extras) } to com.verizon.mips.services/com.vzw.hss.myverizon.rdd.wifidata.receiver.RDDWifiStateReceiver
04-02 15:50:06.194  1364  1395 W BroadcastQueue: Background execution not allowed: receiving Intent { act=android.net.wifi.STATE_CHANGE flg=0x4000010 (has extras) } to com.vzw.hss.myverizon/.rdd.wifidata.receiver.RDDWifiStateReceiver
04-02 15:50:06.197  1364  1395 W BroadcastQueue: Background execution not allowed: receiving Intent { act=android.net.wifi.STATE_CHANGE flg=0x4000010 (has extras) } to com.vzw.hss.myverizon/com.verizon.contenttransfer.base.CTWifiConnBroadcastReceiver
04-02 15:50:06.200 13941 14083 I NearbyDiscovery: FastPairHandler: Received action android.net.wifi.STATE_CHANGE [CONTEXT service_id=49 ]
04-02 15:50:06.497   880  2739 I WifiHAL : event received NL80211_CMD_VENDOR, vendor_id = 0x1374, subcmd = 0xd
04-02 15:50:06.933   876   900 D rlsservice: MonitorDisplayStatus client num 0, display status 0, sensor status 0
04-02 15:50:08.501   880  2739 I WifiHAL : event received NL80211_CMD_VENDOR, vendor_id = 0x1374, subcmd = 0xd
04-02 15:50:25.031 19910 19910 E ActivityThread: Failed to find provider info for com.verizon.loginclient
04-02 15:50:24.526   880  2739 I WifiHAL : event received NL80211_CMD_VENDOR, vendor_id = 0x1374, subcmd = 0xd
04-02 15:50:25.284 19910  8500 V VZWAPNLib: called startUsingNetworkFeature: true
04-02 15:50:25.285 19910  8500 E VZWAPNLib: binder is not null, setting to common interface 
04-02 15:50:25.285 19910  8500 D APNLib  : Prasad>> setting binder
04-02 15:50:25.285 19910  8500 D APNLib  : Prasad>> notified
04-02 15:50:25.286 19910 10908 D APNLib  : unlocked !! handling request
04-02 15:50:25.286 19910 10908 D APNLib  : Prasad sending data!!!!
04-02 15:50:25.289 20495 23277 E APNLib  : sending data>>>Intent { act=com.vzw.apnservicenew dat=package:com.verizon.mips.services cmp=com.verizon.mips.services/com.vzw.apnservice.VZWAPNServiceNew (has extras) }
04-02 15:50:25.162 19910 19910 I chatty  : uid=10109(com.verizon.mips.services) identical 2 lines
04-02 15:50:25.203 19910 19910 E ActivityThread: Failed to find provider info for com.verizon.loginclient
04-02 15:50:25.291 20495 20517 E ActivityThread: Failed to find provider info for com.verizon.vzwavs.provider
04-02 15:50:25.296  1364  3168 D ConnectivityService: requestNetwork for uid/pid:10109/20495 NetworkRequest [ REQUEST id=9197, [ Transports: CELLULAR Capabilities: CBS&TRUSTED&NOT_VPN Uid: 10109] ]
04-02 15:50:25.298  1364  1594 I chatty  : uid=1000(system) ClientModeImpl expire 10 lines
04-02 15:50:25.321  2170  4851 I chatty  : uid=1001(radio) FrameworkReceiv expire 13 lines
04-02 15:50:25.370  1068  1068 I chatty  : uid=1001(radio) imsdatadaemon expire 231 lines
04-02 15:50:26.530   880  2739 I WifiHAL : event received NL80211_CMD_VENDOR, vendor_id = 0x1374, subcmd = 0xd
04-02 15:50:28.533   880  2739 I WifiHAL : event received NL80211_CMD_VENDOR, vendor_id = 0x1374, subcmd = 0xd
04-02 15:50:30.532   880  2739 I WifiHAL : event received NL80211_CMD_VENDOR, vendor_id = 0x1374, subcmd = 0xd
04-02 15:50:32.542   880  2739 I WifiHAL : event received NL80211_CMD_VENDOR, vendor_id = 0x1374, subcmd = 0xd
04-02 15:50:34.300  1364  1609 D ConnectivityService: releasing NetworkRequest [ REQUEST id=9197, [ Transports: CELLULAR Capabilities: CBS&TRUSTED&NOT_VPN Uid: 10109] ] (release request)
04-02 15:50:34.303 19910  8500 V VZWAPNLib: result = -1
04-02 15:50:34.304 19910  8500 E MVS_LoginClient: Result Code: 5001
04-02 15:50:34.377 19910  8500 V VZWAPNLib: called startUsingNetworkFeature: true
04-02 15:50:34.378 19910  8500 E VZWAPNLib: binder is not null, setting to common interface 
04-02 15:50:34.378 19910  8500 D APNLib  : Prasad>> setting binder
04-02 15:50:34.378 19910  8500 D APNLib  : Prasad>> notified
04-02 15:50:34.380 19910 10918 D APNLib  : unlocked !! handling request
04-02 15:50:34.380 19910 10918 D APNLib  : Prasad sending data!!!!
04-02 15:50:34.381 20495 23277 E APNLib  : sending data>>>Intent { act=com.vzw.apnservicenew dat=package:com.verizon.mips.services cmp=com.verizon.mips.services/com.vzw.apnservice.VZWAPNServiceNew (has extras) }
04-02 15:50:34.383 20495 20517 E ActivityThread: Failed to find provider info for com.verizon.vzwavs.provider
04-02 15:50:34.389  1364  3168 D ConnectivityService: requestNetwork for uid/pid:10109/20495 NetworkRequest [ REQUEST id=9198, [ Transports: CELLULAR Capabilities: CBS&TRUSTED&NOT_VPN Uid: 10109] ]
04-02 15:50:34.391  2249  2249 I chatty  : uid=1001(radio) com.android.phone expire 12 lines
04-02 15:50:34.550   880  2739 I WifiHAL : event received NL80211_CMD_VENDOR, vendor_id = 0x1374, subcmd = 0xd
04-02 15:50:36.554   880  2739 I WifiHAL : event received NL80211_CMD_VENDOR, vendor_id = 0x1374, subcmd = 0xd
04-02 15:50:36.936   876   900 D rlsservice: MonitorDisplayStatus client num 0, display status 0, sensor status 0
04-02 15:50:38.559   880  2739 I WifiHAL : event received NL80211_CMD_VENDOR, vendor_id = 0x1374, subcmd = 0xd
04-02 15:50:39.651  1068  1068 I chatty  : uid=1001(radio) imsdatadaemon expire 77 lines
04-02 15:50:39.706  2170  2483 I chatty  : uid=1001(radio) HwBinder:2170_1 expire 12 lines
04-02 15:50:40.564   880  2739 I WifiHAL : event received NL80211_CMD_VENDOR, vendor_id = 0x1374, subcmd = 0xd
04-02 15:50:43.433  1364  1609 D ConnectivityService: releasing NetworkRequest [ REQUEST id=9198, [ Transports: CELLULAR Capabilities: CBS&TRUSTED&NOT_VPN Uid: 10109] ] (release request)
04-02 15:50:42.568   880  2739 I WifiHAL : event received NL80211_CMD_VENDOR, vendor_id = 0x1374, subcmd = 0xd
04-02 15:50:43.435 19910  8500 V VZWAPNLib: result = -1
04-02 15:50:43.436 19910  8500 E MVS_LoginClient: Result Code: 5001
04-02 15:50:43.612 23117 10929 I brella.InAppTrngSvcImpl: server uri is 'https://federatedml-pa.googleapis.com'
04-02 15:50:43.622 23117 10929 I brella.fli: Checking in as "aiai_897474_26000"
04-02 15:50:43.660   837 10932 E ResolverController: No valid NAT64 prefix (101, <unspecified>/0)
04-02 15:50:43.811 20909 20931 I brella.InAppJobSvcImpl: Training succeeded
04-02 15:50:43.815 23117 23117 W brella.AndroidLearningContext: No Lifetime Logger for learning context registered
04-02 15:50:43.844 20909 20909 W brella.AndroidLearningContext: No Lifetime Logger for learning context registered
04-02 15:50:44.573   880  2739 I WifiHAL : event received NL80211_CMD_VENDOR, vendor_id = 0x1374, subcmd = 0xd
04-02 15:50:54.593   880  2739 I WifiHAL : event received NL80211_CMD_VENDOR, vendor_id = 0x1374, subcmd = 0xd
04-02 15:50:56.254  2389  2389 D Oslo/StatusSensor: Received intent android.intent.action.BATTERY_CHANGED
04-02 15:50:56.256   629   629 D qdlights: set_speaker_light_locked mode=0, colorRGB=00000000, onMS=0, offMS=0, rc=-2
04-02 15:50:56.264  1856  2499 D PowerUI : can't show warning due to - plugged: true status unknown: false
04-02 15:50:56.597   880  2739 I WifiHAL : event received NL80211_CMD_VENDOR, vendor_id = 0x1374, subcmd = 0xd
04-02 15:51:00.605   880  2739 I WifiHAL : event received NL80211_CMD_VENDOR, vendor_id = 0x1374, subcmd = 0xd
04-02 15:51:01.603   869  1303 I CHRE    : @ 599435.496: [AR_CHRE] ON => IDLE
04-02 15:51:01.604   869  1303 I CHRE    : @ 599435.497: [AR_CHRE] audiofusion:HandleIdleStateChange: state = 1 
04-02 15:51:02.608   880  2739 I WifiHAL : event received NL80211_CMD_VENDOR, vendor_id = 0x1374, subcmd = 0xd
04-02 15:51:06.617   880  2739 I WifiHAL : event received NL80211_CMD_VENDOR, vendor_id = 0x1374, subcmd = 0xd
04-02 15:51:06.938   876   900 D rlsservice: MonitorDisplayStatus client num 0, display status 0, sensor status 0
04-02 15:51:08.621   880  2739 I WifiHAL : event received NL80211_CMD_VENDOR, vendor_id = 0x1374, subcmd = 0xd
04-02 15:51:10.210 19910 19910 E ActivityThread: Failed to find provider info for com.verizon.loginclient
04-02 15:51:10.485 19910  8500 V VZWAPNLib: called startUsingNetworkFeature: true
04-02 15:51:10.486 19910  8500 E VZWAPNLib: binder is not null, setting to common interface 
04-02 15:51:10.486 19910  8500 D APNLib  : Prasad>> setting binder
04-02 15:51:10.486 19910  8500 D APNLib  : Prasad>> notified
04-02 15:51:10.492 19910 10939 D APNLib  : unlocked !! handling request
04-02 15:51:10.492 19910 10939 D APNLib  : Prasad sending data!!!!
04-02 15:51:10.493 20495 23277 E APNLib  : sending data>>>Intent { act=com.vzw.apnservicenew dat=package:com.verizon.mips.services cmp=com.verizon.mips.services/com.vzw.apnservice.VZWAPNServiceNew (has extras) }
04-02 15:51:10.352 19910 19910 I chatty  : uid=10109(com.verizon.mips.services) identical 2 lines
04-02 15:51:10.396 19910 19910 E ActivityThread: Failed to find provider info for com.verizon.loginclient
04-02 15:51:10.494 20495 20517 E ActivityThread: Failed to find provider info for com.verizon.vzwavs.provider
04-02 15:51:10.499  1364  4065 D ConnectivityService: requestNetwork for uid/pid:10109/20495 NetworkRequest [ REQUEST id=9199, [ Transports: CELLULAR Capabilities: CBS&TRUSTED&NOT_VPN Uid: 10109] ]
04-02 15:51:10.521  2249  2378 I chatty  : uid=1001(radio) DcHandlerThread expire 11 lines
04-02 15:51:10.587  1068  1068 I chatty  : uid=1001(radio) imsdatadaemon expire 231 lines
04-02 15:51:10.621   880  2739 I WifiHAL : event received NL80211_CMD_VENDOR, vendor_id = 0x1374, subcmd = 0xd
04-02 15:51:12.627   880  2739 I WifiHAL : event received NL80211_CMD_VENDOR, vendor_id = 0x1374, subcmd = 0xd
04-02 15:51:14.631   880  2739 I WifiHAL : event received NL80211_CMD_VENDOR, vendor_id = 0x1374, subcmd = 0xd
04-02 15:51:16.634   880  2739 I WifiHAL : event received NL80211_CMD_VENDOR, vendor_id = 0x1374, subcmd = 0xd
04-02 15:51:19.502  1364  1609 D ConnectivityService: releasing NetworkRequest [ REQUEST id=9199, [ Transports: CELLULAR Capabilities: CBS&TRUSTED&NOT_VPN Uid: 10109] ] (release request)
04-02 15:51:18.638   880  2739 I WifiHAL : event received NL80211_CMD_VENDOR, vendor_id = 0x1374, subcmd = 0xd
04-02 15:51:19.507 19910  8500 V VZWAPNLib: result = -1
04-02 15:51:19.508 19910  8500 E MVS_LoginClient: Result Code: 5001
04-02 15:51:19.571 19910  8500 V VZWAPNLib: called startUsingNetworkFeature: true
04-02 15:51:19.572 19910  8500 E VZWAPNLib: binder is not null, setting to common interface 
04-02 15:51:19.572 19910  8500 D APNLib  : Prasad>> setting binder
04-02 15:51:19.572 19910  8500 D APNLib  : Prasad>> notified
04-02 15:51:19.574 19910 10949 D APNLib  : unlocked !! handling request
04-02 15:51:19.574 19910 10949 D APNLib  : Prasad sending data!!!!
04-02 15:51:19.575 20495 23277 E APNLib  : sending data>>>Intent { act=com.vzw.apnservicenew dat=package:com.verizon.mips.services cmp=com.verizon.mips.services/com.vzw.apnservice.VZWAPNServiceNew (has extras) }
04-02 15:51:19.576 20495 20517 E ActivityThread: Failed to find provider info for com.verizon.vzwavs.provider
04-02 15:51:19.582  1364  9483 D ConnectivityService: requestNetwork for uid/pid:10109/20495 NetworkRequest [ REQUEST id=9200, [ Transports: CELLULAR Capabilities: CBS&TRUSTED&NOT_VPN Uid: 10109] ]
04-02 15:51:19.948  2170  2482 I chatty  : uid=1001(radio) IWlanProxy expire 10 lines
04-02 15:51:20.642   880  2739 I WifiHAL : event received NL80211_CMD_VENDOR, vendor_id = 0x1374, subcmd = 0xd
04-02 15:51:24.769  1364  9483 I ActivityManager: Killing 9258:com.google.android.dialer/u0a139 (adj 965): empty for 1802s
04-02 15:51:22.643   880  2739 I chatty  : uid=1010 wifi_ext@1.0-se identical 10 lines
04-02 15:51:24.647   880  2739 I WifiHAL : event received NL80211_CMD_VENDOR, vendor_id = 0x1374, subcmd = 0xd
04-02 15:51:24.783  2170  4851 I chatty  : uid=1001(radio) FrameworkReceiv expire 16 lines
04-02 15:51:24.820   838   838 I Zygote  : Process 9258 exited due to signal 9 (Killed)
04-02 15:51:24.847  1068  1068 I chatty  : uid=1001(radio) imsdatadaemon expire 77 lines
04-02 15:51:26.649   880  2739 I WifiHAL : event received NL80211_CMD_VENDOR, vendor_id = 0x1374, subcmd = 0xd
04-02 15:51:26.998   629   629 D qdlights: set_speaker_light_locked mode=0, colorRGB=FF00FF00, onMS=0, offMS=0, rc=-2
04-02 15:51:27.000  2389  2389 D Oslo/StatusSensor: Received intent android.intent.action.BATTERY_CHANGED
04-02 15:51:27.029  1856  2499 D PowerUI : can't show warning due to - plugged: true status unknown: false
04-02 15:51:28.627  1364  1609 D ConnectivityService: releasing NetworkRequest [ REQUEST id=9200, [ Transports: CELLULAR Capabilities: CBS&TRUSTED&NOT_VPN Uid: 10109] ] (release request)
04-02 15:51:28.628 19910  8500 V VZWAPNLib: result = -1
04-02 15:51:28.629 19910  8500 E MVS_LoginClient: Result Code: 5001
04-02 15:51:28.651   880  2739 I WifiHAL : event received NL80211_CMD_VENDOR, vendor_id = 0x1374, subcmd = 0xd
04-02 15:51:32.661   880  2739 I WifiHAL : event received NL80211_CMD_VENDOR, vendor_id = 0x1374, subcmd = 0xd
04-02 15:51:34.074  2389  2389 D Oslo/StatusSensor: Received intent android.intent.action.BATTERY_CHANGED
04-02 15:51:34.080   629   629 D qdlights: set_speaker_light_locked mode=0, colorRGB=00000000, onMS=0, offMS=0, rc=-2
04-02 15:51:34.083  1856  2499 D PowerUI : can't show warning due to - plugged: true status unknown: false
04-02 15:51:34.667   880  2739 I WifiHAL : event received NL80211_CMD_VENDOR, vendor_id = 0x1374, subcmd = 0xd
04-02 15:51:36.671   880  2739 I WifiHAL : event received NL80211_CMD_VENDOR, vendor_id = 0x1374, subcmd = 0xd
04-02 15:51:36.939   876   900 D rlsservice: MonitorDisplayStatus client num 0, display status 0, sensor status 0
04-02 15:51:38.674   880  2739 I WifiHAL : event received NL80211_CMD_VENDOR, vendor_id = 0x1374, subcmd = 0xd
04-02 15:51:55.374 19910 19910 E ActivityThread: Failed to find provider info for com.verizon.loginclient
04-02 15:51:54.704   880  2739 I WifiHAL : event received NL80211_CMD_VENDOR, vendor_id = 0x1374, subcmd = 0xd
04-02 15:51:55.641 19910  8500 V VZWAPNLib: called startUsingNetworkFeature: true
04-02 15:51:55.641 19910  8500 E VZWAPNLib: binder is not null, setting to common interface 
04-02 15:51:55.641 19910  8500 D APNLib  : Prasad>> setting binder
04-02 15:51:55.641 19910  8500 D APNLib  : Prasad>> notified
04-02 15:51:55.643 19910 10961 D APNLib  : unlocked !! handling request
04-02 15:51:55.643 19910 10961 D APNLib  : Prasad sending data!!!!
04-02 15:51:55.644 20495 23277 E APNLib  : sending data>>>Intent { act=com.vzw.apnservicenew dat=package:com.verizon.mips.services cmp=com.verizon.mips.services/com.vzw.apnservice.VZWAPNServiceNew (has extras) }
04-02 15:51:55.510 19910 19910 I chatty  : uid=10109(com.verizon.mips.services) identical 2 lines
04-02 15:51:55.555 19910 19910 E ActivityThread: Failed to find provider info for com.verizon.loginclient
04-02 15:51:55.647 20495 20517 E ActivityThread: Failed to find provider info for com.verizon.vzwavs.provider
04-02 15:51:55.655  1364  3356 D ConnectivityService: requestNetwork for uid/pid:10109/20495 NetworkRequest [ REQUEST id=9201, [ Transports: CELLULAR Capabilities: CBS&TRUSTED&NOT_VPN Uid: 10109] ]
04-02 15:51:55.673 20495 20510 W System  : A resource failed to call close. 
04-02 15:51:55.675 20495 20510 W System  : A resource failed to call close. 
04-02 15:51:55.679 20495 20510 W System  : A resource failed to call close. 
04-02 15:51:55.683 20495 20510 I chatty  : uid=10109(com.verizon.mips.services) FinalizerDaemon identical 19 lines
04-02 15:51:55.683 20495 20510 W System  : A resource failed to call close. 
04-02 15:51:55.683 20495 20510 W System  : A resource failed to call close. 
04-02 15:51:55.686 20495 20510 W System  : A resource failed to call close. 
04-02 15:51:55.744  1068  1068 I chatty  : uid=1001(radio) imsdatadaemon expire 231 lines
04-02 15:51:56.704   880  2739 I WifiHAL : event received NL80211_CMD_VENDOR, vendor_id = 0x1374, subcmd = 0xd
04-02 15:52:00.716   880  2739 I WifiHAL : event received NL80211_CMD_VENDOR, vendor_id = 0x1374, subcmd = 0xd
04-02 15:52:00.987  2170  2483 I chatty  : uid=1001(radio) HwBinder:2170_1 expire 10 lines
04-02 15:52:02.718   880  2739 I WifiHAL : event received NL80211_CMD_VENDOR, vendor_id = 0x1374, subcmd = 0xd
04-02 15:52:04.660  1364  1609 D ConnectivityService: releasing NetworkRequest [ REQUEST id=9201, [ Transports: CELLULAR Capabilities: CBS&TRUSTED&NOT_VPN Uid: 10109] ] (release request)
04-02 15:52:04.662 19910  8500 V VZWAPNLib: result = -1
04-02 15:52:04.662 19910  8500 E MVS_LoginClient: Result Code: 5001
04-02 15:52:04.719   880  2739 I WifiHAL : event received NL80211_CMD_VENDOR, vendor_id = 0x1374, subcmd = 0xd
04-02 15:52:04.721 19910  8500 V VZWAPNLib: called startUsingNetworkFeature: true
04-02 15:52:04.722 19910  8500 E VZWAPNLib: binder is not null, setting to common interface 
04-02 15:52:04.722 19910  8500 D APNLib  : Prasad>> setting binder
04-02 15:52:04.722 19910  8500 D APNLib  : Prasad>> notified
04-02 15:52:04.724 19910 10972 D APNLib  : unlocked !! handling request
04-02 15:52:04.724 19910 10972 D APNLib  : Prasad sending data!!!!
04-02 15:52:04.724 20495 23277 E APNLib  : sending data>>>Intent { act=com.vzw.apnservicenew dat=package:com.verizon.mips.services cmp=com.verizon.mips.services/com.vzw.apnservice.VZWAPNServiceNew (has extras) }
04-02 15:52:04.725 20495 20517 E ActivityThread: Failed to find provider info for com.verizon.vzwavs.provider
04-02 15:52:04.731  1364  4065 D ConnectivityService: requestNetwork for uid/pid:10109/20495 NetworkRequest [ REQUEST id=9202, [ Transports: CELLULAR Capabilities: CBS&TRUSTED&NOT_VPN Uid: 10109] ]
04-02 15:52:04.732  1364  1667 I chatty  : uid=1000(system) wifiAwareServic expire 8 lines
04-02 15:52:04.732  1364  1668 I chatty  : uid=1000(system) EthernetService expire 8 lines
04-02 15:52:04.733  1364  1594 I chatty  : uid=1000(system) ClientModeImpl expire 10 lines
04-02 15:52:06.735   880  2739 I WifiHAL : event received NL80211_CMD_VENDOR, vendor_id = 0x1374, subcmd = 0xd
04-02 15:52:06.941   876   900 D rlsservice: MonitorDisplayStatus client num 0, display status 0, sensor status 0
04-02 15:52:08.740   880  2739 I WifiHAL : event received NL80211_CMD_VENDOR, vendor_id = 0x1374, subcmd = 0xd
04-02 15:52:09.908  1364  8404 I ActivityManager: Killing 3133:com.google.android.settings.intelligence/u0a133 (adj 965): empty for 1803s
04-02 15:52:09.911  1364  8404 I ActivityManager: Killing 3099:com.android.settings/1000 (adj 965): empty for 1803s
04-02 15:52:09.980  1068  1068 I chatty  : uid=1001(radio) imsdatadaemon expire 77 lines
04-02 15:52:10.008   838   838 I Zygote  : Process 3133 exited due to signal 9 (Killed)
04-02 15:52:10.073   838   838 I Zygote  : Process 3099 exited due to signal 9 (Killed)
04-02 15:52:10.075  1364  1389 W ActivityManager: setHasOverlayUi called on unknown pid: 3099
04-02 15:52:10.753   880  2739 I WifiHAL : event received NL80211_CMD_VENDOR, vendor_id = 0x1374, subcmd = 0xd
04-02 15:52:13.776  1364  1609 D ConnectivityService: releasing NetworkRequest [ REQUEST id=9202, [ Transports: CELLULAR Capabilities: CBS&TRUSTED&NOT_VPN Uid: 10109] ] (release request)
04-02 15:52:12.764   880  2739 I WifiHAL : event received NL80211_CMD_VENDOR, vendor_id = 0x1374, subcmd = 0xd
04-02 15:52:13.777 19910  8500 V VZWAPNLib: result = -1
04-02 15:52:13.778 19910  8500 E MVS_LoginClient: Result Code: 5001
04-02 15:52:14.766   880  2739 I WifiHAL : event received NL80211_CMD_VENDOR, vendor_id = 0x1374, subcmd = 0xd
04-02 15:52:24.799   880  2739 I chatty  : uid=1010 wifi_ext@1.0-se identical 16 lines
04-02 15:52:26.799   880  2739 I WifiHAL : event received NL80211_CMD_VENDOR, vendor_id = 0x1374, subcmd = 0xd
04-02 15:52:28.432  2389  2389 D Oslo/StatusSensor: Received intent android.intent.action.BATTERY_CHANGED
04-02 15:52:28.437  1856  2499 D PowerUI : can't show warning due to - plugged: true status unknown: false
04-02 15:52:28.806   880  2739 I WifiHAL : event received NL80211_CMD_VENDOR, vendor_id = 0x1374, subcmd = 0xd
04-02 15:52:32.814   880  2739 I WifiHAL : event received NL80211_CMD_VENDOR, vendor_id = 0x1374, subcmd = 0xd
04-02 15:52:34.075  2389  2389 D Oslo/StatusSensor: Received intent android.intent.action.BATTERY_CHANGED
04-02 15:52:34.820   880  2739 I WifiHAL : event received NL80211_CMD_VENDOR, vendor_id = 0x1374, subcmd = 0xd
04-02 15:52:36.205  1943  2750 D DhcpClient: Unicasting DHCPREQUEST ciaddr=10.234.115.62 request=0.0.0.0 serverid=null to /10.232.0.1:67
04-02 15:52:36.243  1943  2750 D DhcpClient: Received packet: da:49:6d:a1:ec:70 ACK: your new IP /10.234.115.62, netmask /255.252.0.0, gateways [/10.232.0.1] DNS servers: /75.75.75.75 /75.75.76.76 , lease time 300
04-02 15:52:36.245  1943  2750 D DhcpClient: Renewed lease: android.net.networkstack.DhcpResults@f8cdf09 DHCP server /10.232.0.1 Vendor info null lease 300 seconds Servername 
04-02 15:52:36.256  1943  2750 D DhcpClient: Scheduling renewal in 149s
04-02 15:52:36.256  1943  2750 D DhcpClient: Scheduling rebind in 262s
04-02 15:52:36.256  1943  2750 D DhcpClient: Scheduling expiry in 299s
04-02 15:52:34.080  1856  2499 D PowerUI : can't show warning due to - plugged: true status unknown: false
04-02 15:52:36.267  1364  1395 W BroadcastQueue: Background execution not allowed: receiving Intent { act=android.net.wifi.STATE_CHANGE flg=0x4000010 (has extras) } to com.verizon.mips.services/com.vzw.hss.myverizon.rdd.wifidata.receiver.RDDWifiStateReceiver
04-02 15:52:36.268  1364  1395 W BroadcastQueue: Background execution not allowed: receiving Intent { act=android.net.wifi.STATE_CHANGE flg=0x4000010 (has extras) } to com.vzw.hss.myverizon/.rdd.wifidata.receiver.RDDWifiStateReceiver
04-02 15:52:36.268  1364  1395 W BroadcastQueue: Background execution not allowed: receiving Intent { act=android.net.wifi.STATE_CHANGE flg=0x4000010 (has extras) } to com.vzw.hss.myverizon/com.verizon.contenttransfer.base.CTWifiConnBroadcastReceiver
04-02 15:52:36.276 13941 14083 I NearbyDiscovery: FastPairHandler: Received action android.net.wifi.STATE_CHANGE [CONTEXT service_id=49 ]
04-02 15:52:36.824   880  2739 I WifiHAL : event received NL80211_CMD_VENDOR, vendor_id = 0x1374, subcmd = 0xd
04-02 15:52:36.942   876   900 D rlsservice: MonitorDisplayStatus client num 0, display status 0, sensor status 0
04-02 15:52:38.829   880  2739 I WifiHAL : event received NL80211_CMD_VENDOR, vendor_id = 0x1374, subcmd = 0xd
04-02 15:52:40.536 19910 19910 E ActivityThread: Failed to find provider info for com.verizon.loginclient
04-02 15:52:40.828   880  2739 I WifiHAL : event received NL80211_CMD_VENDOR, vendor_id = 0x1374, subcmd = 0xd
04-02 15:52:40.853 19910  8500 V VZWAPNLib: called startUsingNetworkFeature: true
04-02 15:52:40.854 19910  8500 E VZWAPNLib: binder is not null, setting to common interface 
04-02 15:52:40.854 19910  8500 D APNLib  : Prasad>> setting binder
04-02 15:52:40.854 19910  8500 D APNLib  : Prasad>> notified
04-02 15:52:40.855 19910 10984 D APNLib  : unlocked !! handling request
04-02 15:52:40.856 19910 10984 D APNLib  : Prasad sending data!!!!
04-02 15:52:40.856 20495 23286 E APNLib  : sending data>>>Intent { act=com.vzw.apnservicenew dat=package:com.verizon.mips.services cmp=com.verizon.mips.services/com.vzw.apnservice.VZWAPNServiceNew (has extras) }
04-02 15:52:40.686 19910 19910 I chatty  : uid=10109(com.verizon.mips.services) identical 2 lines
04-02 15:52:40.734 19910 19910 E ActivityThread: Failed to find provider info for com.verizon.loginclient
04-02 15:52:40.857 20495 20517 E ActivityThread: Failed to find provider info for com.verizon.vzwavs.provider
04-02 15:52:40.861  1364  8404 D ConnectivityService: requestNetwork for uid/pid:10109/20495 NetworkRequest [ REQUEST id=9203, [ Transports: CELLULAR Capabilities: CBS&TRUSTED&NOT_VPN Uid: 10109] ]
04-02 15:52:40.877  2170  4851 I chatty  : uid=1001(radio) FrameworkReceiv expire 14 lines
04-02 15:52:40.956  1068  1068 I chatty  : uid=1001(radio) imsdatadaemon expire 450 lines
04-02 15:52:42.833   880  2739 I WifiHAL : event received NL80211_CMD_VENDOR, vendor_id = 0x1374, subcmd = 0xd
04-02 15:52:42.958 15304 15304 I ConnectivityMonitorController: Alarm fired
04-02 15:52:42.960   837   837 I netd    : trafficSwapActiveStatsMap() <1.74ms>
04-02 15:52:42.962 15304 15304 I ConnectivityMonitorStateMachine: subId:1, Heart Beat
04-02 15:52:42.968   837   837 I netd    : tetherGetStats() <2.37ms>
04-02 15:52:43.033 13941 13941 W ChimeraUtils: Non Chimera context
04-02 15:52:43.033 13941 13941 W ChimeraUtils: Non Chimera context
04-02 15:52:43.042   837   837 I netd    : bandwidthSetGlobalAlert(2097152) <0.34ms>
04-02 15:52:43.065 13941 13941 W ChimeraUtils: Non Chimera context
04-02 15:52:43.111 13941 13941 I chatty  : uid=10145 com.google.android.gms.persistent identical 2 lines
04-02 15:52:43.111 13941 13941 W ChimeraUtils: Non Chimera context
04-02 15:52:43.124 10128 10128 I SetupWizard: [DeferredSetupNotificationSchedulerService] Deferred notification scheduled at Thu Apr 02 10:07:47 PDT 2020
04-02 15:52:43.164 13941 13941 W ChimeraUtils: Non Chimera context
04-02 15:52:43.164 13941 13941 W ChimeraUtils: Non Chimera context
04-02 15:52:43.288 13941 10646 W Uploader: lsm0609kk@gmail.com no longer exists, so no auth token.
04-02 15:52:43.291 13941 10646 W Uploader: lsm0609kk@gmail.com no longer exists, so no auth token.
04-02 15:52:43.330   869  1303 D VSC     : @ 599537.225: [Device Pickup Sensor] Stop motion_detect
04-02 15:52:43.334   869  1303 I VSC     : @ 599537.229: [BINNED_BRIGHTNESS] Created instance at 0xb202c748
04-02 15:52:43.334   869  1303 D VSC     : @ 599537.229: [Binned Brightness] Request ambient_light, interval 250000000 ns, latency 0 ns
04-02 15:52:43.335   869  1303 I ASH     : @ 599537.230: tmd3702v: Enabling sensor 0
04-02 15:52:43.335   869  1303 D VSC     : @ 599537.230: [Binned Brightness] Request proximity, interval 200000000 ns, latency 0 ns
04-02 15:52:43.464   837 10994 E ResolverController: No valid NAT64 prefix (101, <unspecified>/0)
04-02 15:52:43.488 13941 10646 W Conscrypt: Could not set socket write timeout: java.net.SocketException: Socket closed
04-02 15:52:43.489 13941 10646 W Conscrypt: 	at com.google.android.gms.org.conscrypt.Platform.setSocketWriteTimeout(:com.google.android.gms@200914037@20.09.14 (120400-300565878):2)
04-02 15:52:43.489 13941 10646 W Conscrypt: 	at com.google.android.gms.org.conscrypt.ConscryptFileDescriptorSocket.setSoWriteTimeout(:com.google.android.gms@200914037@20.09.14 (120400-300565878):0)
04-02 15:52:43.545   869  1303 I VSC     : @ 599537.439: [BINNED_BRIGHTNESS] Changing state to 3 at 599537438 ms
04-02 15:52:43.549 13941 10646 W Conscrypt: Could not set socket write timeout: java.net.SocketException: Socket closed
04-02 15:52:43.549 13941 10646 W Conscrypt: 	at com.google.android.gms.org.conscrypt.Platform.setSocketWriteTimeout(:com.google.android.gms@200914037@20.09.14 (120400-300565878):2)
04-02 15:52:43.549 13941 10646 W Conscrypt: 	at com.google.android.gms.org.conscrypt.ConscryptFileDescriptorSocket.setSoWriteTimeout(:com.google.android.gms@200914037@20.09.14 (120400-300565878):0)
04-02 15:52:43.550   869  1303 D VSC     : @ 599537.445: [Binned Brightness] Stop proximity
04-02 15:52:43.550   869  1303 D VSC     : @ 599537.445: [Binned Brightness] Stop ambient_light
04-02 15:52:43.551   869  1303 I ASH     : @ 599537.446: tmd3702v: Disabling sensor 0
04-02 15:52:43.551   869  1303 I ASH     : @ 599537.446: tmd3702v: Disabling ALS
04-02 15:52:43.551   869  1303 I VSC     : @ 599537.446: [BINNED_BRIGHTNESS] Deleted instance at 0xb202c748
04-02 15:52:43.554   869  1303 D VSC     : @ 599537.449: [Device Pickup Sensor] Request accel, interval 20000000 ns, latency 0 ns
04-02 15:52:43.559  1364  1405 I DisplayPowerController: Blocking screen on until initial contents have been drawn.
04-02 15:52:43.560  1364  1405 V DisplayPowerController: Brightness [34] reason changing to: 'doze', previous reason: 'screen_off'.
04-02 15:52:43.561   869  1303 I VSC     : @ 599537.455: [BINNED_BRIGHTNESS] Created instance at 0xb202e438
04-02 15:52:43.561   869  1303 D VSC     : @ 599537.455: [Binned Brightness] Request ambient_light, interval 250000000 ns, latency 0 ns
04-02 15:52:43.561   869  1303 I ASH     : @ 599537.455: tmd3702v: Enabling sensor 0
04-02 15:52:43.561   869  1303 D VSC     : @ 599537.456: [Binned Brightness] Request proximity, interval 200000000 ns, latency 0 ns
04-02 15:52:43.565   869  1303 D VSC     : @ 599537.458: [Proximity Gated Single Tap Gesture] Stop touch_gesture
04-02 15:52:43.565   869  1303 I ASH     : @ 599537.458: touch gesture: [touch gesture] unsubscribed
04-02 15:52:43.565   869  1303 D VSC     : @ 599537.459: [Proximity Gated Single Tap Gesture] Stop proximity
04-02 15:52:43.565   869  1303 I VSC     : @ 599537.460: [single-tap-prox-gated] sensor disabled
04-02 15:52:43.567   869  1303 I ASH     : @ 599537.462: tmd3702v: Calibrating POFFSET
04-02 15:52:43.569   869  1303 D ASH     : @ 599537.464: SensorType 1 resampler quality 0
04-02 15:52:43.580   869   869 I sensors-hal: [hal]batch_physical_sensor:250, android.sensor.light/51, period=250000000, max_latency=0
04-02 15:52:43.580   869   869 I sensors-hal: [hal]batch_physical_sensor:259, android.sensor.light/51, period=250000000, max_latency=0 request completed
04-02 15:52:43.581   869   869 I sensors-hal: [hal]activate_physical_sensor:187, android.sensor.light/51 en=1
04-02 15:52:43.585   869   869 I sensors-hal: [hal]activate_physical_sensor:198, android.sensor.light/51 en=1 completed
04-02 15:52:43.586   869   869 I sensors-hal: [hal]batch_physical_sensor:250, com.google.sensor.color/11081, period=100000000, max_latency=0
04-02 15:52:43.586   869   869 I sensors-hal: [hal]batch_physical_sensor:259, com.google.sensor.color/11081, period=100000000, max_latency=0 request completed
04-02 15:52:43.586   869   869 I sensors-hal: [hal]activate_physical_sensor:187, com.google.sensor.color/11081 en=1
04-02 15:52:43.589   869   869 I sensors-hal: [hal]activate_physical_sensor:198, com.google.sensor.color/11081 en=1 completed
04-02 15:52:43.590  1364  1405 D DisplayWhiteBalanceController: Display cct: 6459.237 Latest ambient cct: 6130.932 Latest ambient lux: 550.8009 Latest low light bias: 1.0 Latest high light bias: 0.0
04-02 15:52:43.590  1364  1405 D ColorDisplayService: setDisplayWhiteBalanceTemperatureMatrix: cct = 6459 matrix = 
04-02 15:52:43.590  1364  1405 D ColorDisplayService:        0.977939-0.000657-0.000076 0.000000 0.021673 0.946449-0.000000 0.000000 0.000388-0.000220 0.958330 0.000000 0.000000 0.000000 0.000000 1.000000
04-02 15:52:43.590   869 10997 I sensors-hal: [ssc_conn]handle_indication_realtime:373,  SCHED_FIFO(10) for qmi_cbk
04-02 15:52:43.592   869  1303 I ASH     : @ 599537.486: tmd3702v: Enabling sensor 5
04-02 15:52:43.592   623   623 D SurfaceFlinger: Setting power mode 2 on display 19260504575090817
04-02 15:52:43.592  1364  1389 I DisplayManagerService: Display device changed state: "Built-in Screen", ON
04-02 15:52:43.592   626   640 I SDM     : DisplayBase::SetDisplayState: Set state = 1, display 28-0, teardown = 0
04-02 15:52:43.593   869 10999 I sensors-hal: [ssc_conn]handle_indication_realtime:373,  SCHED_FIFO(10) for qmi_cbk
04-02 15:52:43.597   869  1303 I ASH     : @ 599537.490: tmd3702v: POFFSET 04
04-02 15:52:43.706  1364  1405 D DisplayWhiteBalanceController: Display cct: 6300.0 Latest ambient cct: 5665.506 Latest ambient lux: -1.0 Latest low light bias: 0.0 Latest high light bias: 0.0
04-02 15:52:43.707  1364  1405 D ColorDisplayService: setDisplayWhiteBalanceTemperatureMatrix: cct = 6300 matrix = 
04-02 15:52:43.707  1364  1405 D ColorDisplayService:        0.974133-0.000769-0.000179 0.000000 0.025429 0.937188-0.000164 0.000000 0.000437 0.000149 0.929184 0.000000 0.000000 0.000000 0.000000 1.000000
04-02 15:52:43.776   869  1303 I ASH     : @ 599537.671: touch gesture: received SNS_TBN_ACQUIRE_BUS_REQ_V01: kernel requesting bus
04-02 15:52:43.776   623   623 D SurfaceFlinger: Finished setting power mode 2 on display 19260504575090817
04-02 15:52:43.777  1364  1675 I chatty  : uid=1000(system) PhotonicModulat expire 2 lines
04-02 15:52:43.779   626   626 I SDM     : HWCDisplay::SetActiveConfig: Active configuration changed to: 1
04-02 15:52:43.787  1364  1387 W Looper  : Slow dispatch took 194ms android.ui h=android.hardware.display.DisplayManagerGlobal$DisplayListenerDelegate c=null m=2
04-02 15:52:43.792  1364  1389 D ColorDisplayService: DisplayWhiteBalanceTintController Animation cancelled: true to matrix: 
04-02 15:52:43.792  1364  1389 D ColorDisplayService:        0.974133-0.000769-0.000179 0.000000 0.025429 0.937188-0.000164 0.000000 0.000437 0.000149 0.929184 0.000000 0.000000 0.000000 0.000000 1.000000
04-02 15:52:43.808  1364  1389 I DisplayManagerService: Display device changed: DisplayDeviceInfo{"Built-in Screen": uniqueId="local:19260504575090817", 1440 x 3040, modeId 1, defaultModeId 2, supportedModes [{id=1, width=1440, height=3040, fps=90.0}, {id=2, width=1440, height=3040, fps=60.000004}], colorMode 0, supportedColorModes [0, 7, 9], HdrCapabilities android.view.Display$HdrCapabilities@413e3a39, density 560, 537.882 x 539.972 dpi, appVsyncOff 2000000, presDeadline 11111111, touch INTERNAL, rotation 0, type BUILT_IN, address {port=129, model=0x446d53ad64a0}, state ON, FLAG_DEFAULT_DISPLAY, FLAG_ROTATES_WITH_CONTENT, FLAG_SECURE, FLAG_SUPPORTS_PROTECTED_BUFFERS}
04-02 15:52:43.808   869  1303 I VSC     : @ 599537.702: [BINNED_BRIGHTNESS] Changing state to 3 at 599537702 ms
