04-02 15:29:56.745  1856  2499 D PowerUI : can't show warning due to - plugged: true status unknown: false
04-02 15:30:05.036 19910 19910 E ActivityThread: Failed to find provider info for com.verizon.loginclient
04-02 15:30:05.191 19910 19910 I chatty  : uid=10109(com.verizon.mips.services) identical 2 lines
04-02 15:30:05.235 19910 19910 E ActivityThread: Failed to find provider info for com.verizon.loginclient
04-02 15:30:05.332 20495 20517 E ActivityThread: Failed to find provider info for com.verizon.vzwavs.provider
04-02 15:30:05.338  1364  2068 D ConnectivityService: requestNetwork for uid/pid:10109/20495 NetworkRequest [ REQUEST id=9141, [ Transports: CELLULAR Capabilities: CBS&TRUSTED&NOT_VPN Uid: 10109] ]
04-02 15:30:05.506  1364  1395 W BroadcastQueue: Background execution not allowed: receiving Intent { act=android.net.wifi.STATE_CHANGE flg=0x4000010 (has extras) } to com.verizon.mips.services/com.vzw.hss.myverizon.rdd.wifidata.receiver.RDDWifiStateReceiver
04-02 15:30:05.506  1364  1395 W BroadcastQueue: Background execution not allowed: receiving Intent { act=android.net.wifi.STATE_CHANGE flg=0x4000010 (has extras) } to com.vzw.hss.myverizon/.rdd.wifidata.receiver.RDDWifiStateReceiver
04-02 15:30:05.506  1364  1395 W BroadcastQueue: Background execution not allowed: receiving Intent { act=android.net.wifi.STATE_CHANGE flg=0x4000010 (has extras) } to com.vzw.hss.myverizon/com.verizon.contenttransfer.base.CTWifiConnBroadcastReceiver
04-02 15:30:14.342  1364  1609 D ConnectivityService: releasing NetworkRequest [ REQUEST id=9141, [ Transports: CELLULAR Capabilities: CBS&TRUSTED&NOT_VPN Uid: 10109] ] (release request)
04-02 15:30:14.404 20495 20517 E ActivityThread: Failed to find provider info for com.verizon.vzwavs.provider
04-02 15:30:14.410  1364  2068 D ConnectivityService: requestNetwork for uid/pid:10109/20495 NetworkRequest [ REQUEST id=9142, [ Transports: CELLULAR Capabilities: CBS&TRUSTED&NOT_VPN Uid: 10109] ]
04-02 15:30:23.421  1364  1609 D ConnectivityService: releasing NetworkRequest [ REQUEST id=9142, [ Transports: CELLULAR Capabilities: CBS&TRUSTED&NOT_VPN Uid: 10109] ] (release request)
04-02 15:30:24.932   880   880 I vendor.google.wifi_ext@1.0-service-vendor: Wifi: Setting SAR Scenario to 3
04-02 15:30:25.774  1364  3168 I PowerManagerService: Waking up from Dozing (uid=10155, reason=WAKE_REASON_GESTURE, details=com.android.systemui:NODOZE)...
04-02 15:30:25.775  1364  1364 W UsageStatsService: Event reported without a package name, eventType:15
04-02 15:30:25.777  1364  1405 I DisplayPowerController: Blocking screen on until initial contents have been drawn.
04-02 15:30:25.797  1364  1405 V DisplayPowerController: Brightness [96] reason changing to: 'manual', previous reason: 'screen_off'.
04-02 15:30:25.809  1364  1405 D DisplayWhiteBalanceController: Display cct: 6465.632 Latest ambient cct: 6145.218 Latest ambient lux: 547.4706 Latest low light bias: 1.0 Latest high light bias: 0.0
04-02 15:30:25.809  1364  1405 D ColorDisplayService: setDisplayWhiteBalanceTemperatureMatrix: cct = 6465 matrix = 
04-02 15:30:25.809  1364  1405 D ColorDisplayService:        0.978079-0.000653-0.000072 0.000000 0.021535 0.946790 0.000006 0.000000 0.000386-0.000234 0.959416 0.000000 0.000000 0.000000 0.000000 1.000000
04-02 15:30:25.811  1364  1389 I DisplayManagerService: Display device changed state: "Built-in Screen", ON
04-02 15:30:25.825  1364  1364 V SettingsProvider: Notifying for 0: content://settings/secure/reminder_exp_learning_time_elapsed
04-02 15:30:25.877  1364  1405 I DisplayPowerController: Unblocked screen on after 100 ms
04-02 15:30:25.917  1364  1405 D DisplayWhiteBalanceController: Display cct: 6300.0 Latest ambient cct: 6054.779 Latest ambient lux: -1.0 Latest low light bias: 0.0 Latest high light bias: 0.0
04-02 15:30:25.917  1364  1405 D ColorDisplayService: setDisplayWhiteBalanceTemperatureMatrix: cct = 6300 matrix = 
04-02 15:30:25.917  1364  1405 D ColorDisplayService:        0.974133-0.000769-0.000179 0.000000 0.025429 0.937188-0.000164 0.000000 0.000437 0.000149 0.929184 0.000000 0.000000 0.000000 0.000000 1.000000
04-02 15:30:25.918  1364  1389 D ColorDisplayService: DisplayWhiteBalanceTintController Animation cancelled: true to matrix: 
04-02 15:30:25.918  1364  1389 D ColorDisplayService:        0.974133-0.000769-0.000179 0.000000 0.025429 0.937188-0.000164 0.000000 0.000437 0.000149 0.929184 0.000000 0.000000 0.000000 0.000000 1.000000
04-02 15:30:25.938  1364  1381 W AppOps  : Noting op not finished: uid 10145 pkg com.google.android.gms code 79 time=1585866167244 duration=-1
04-02 15:30:25.993  1364  1389 I DisplayManagerService: Display device changed: DisplayDeviceInfo{"Built-in Screen": uniqueId="local:19260504575090817", 1440 x 3040, modeId 1, defaultModeId 2, supportedModes [{id=1, width=1440, height=3040, fps=90.0}, {id=2, width=1440, height=3040, fps=60.000004}], colorMode 0, supportedColorModes [0, 7, 9], HdrCapabilities android.view.Display$HdrCapabilities@413e3a39, density 560, 537.882 x 539.972 dpi, appVsyncOff 2000000, presDeadline 11111111, touch INTERNAL, rotation 0, type BUILT_IN, address {port=129, model=0x446d53ad64a0}, state ON, FLAG_DEFAULT_DISPLAY, FLAG_ROTATES_WITH_CONTENT, FLAG_SECURE, FLAG_SUPPORTS_PROTECTED_BUFFERS}
04-02 15:30:25.996  1364  1405 W PowerManagerService: Screen on took 223 ms
04-02 15:30:25.996  1364  1405 I DreamManagerService: Gently waking up from dream.
04-02 15:30:25.996  1364  1386 I DreamManagerService: Performing gentle wake from dream.
04-02 15:30:26.022  1364  1405 V DisplayPowerController: Brightness [89] reason changing to: 'automatic', previous reason: 'manual'.
04-02 15:30:26.022  1364  1364 V SettingsProvider: Notifying for 0: content://settings/system/screen_brightness
04-02 15:30:26.026  1364  6141 I DreamManagerService: Leaving dreamland.
04-02 15:30:26.027  1364  1386 I DreamManagerService: Performing gentle wake from dream.
04-02 15:30:26.027  1364  1386 I DreamController: Stopping dream: name=ComponentInfo{com.android.systemui/com.android.systemui.doze.DozeService}, isTest=false, canDoze=true, userId=0
04-02 15:30:26.029  1364  1364 V SettingsProvider: Notifying for 0: content://settings/secure/reminder_exp_learning_time_elapsed
04-02 15:30:27.387  1364  1389 I DisplayManagerService: Display device changed: DisplayDeviceInfo{"Built-in Screen": uniqueId="local:19260504575090817", 1440 x 3040, modeId 2, defaultModeId 2, supportedModes [{id=1, width=1440, height=3040, fps=90.0}, {id=2, width=1440, height=3040, fps=60.000004}], colorMode 0, supportedColorModes [0, 7, 9], HdrCapabilities android.view.Display$HdrCapabilities@413e3a39, density 560, 537.882 x 539.972 dpi, appVsyncOff 2000000, presDeadline 11666666, touch INTERNAL, rotation 0, type BUILT_IN, address {port=129, model=0x446d53ad64a0}, state ON, FLAG_DEFAULT_DISPLAY, FLAG_ROTATES_WITH_CONTENT, FLAG_SECURE, FLAG_SUPPORTS_PROTECTED_BUFFERS}
04-02 15:30:27.453  1856  2499 D PowerUI : can't show warning due to - plugged: true status unknown: false
04-02 15:30:28.937  1364  1389 D ColorDisplayService: DisplayWhiteBalanceTintController Animation cancelled: false to matrix: 
04-02 15:30:28.937  1364  1389 D ColorDisplayService:        0.974133-0.000769-0.000179 0.000000 0.025429 0.937188-0.000164 0.000000 0.000437 0.000149 0.929184 0.000000 0.000000 0.000000 0.000000 1.000000
04-02 15:30:29.006  1364  1405 D DisplayWhiteBalanceController: Display cct: 6429.3096 Latest ambient cct: 6065.133 Latest ambient lux: 490.1308 Latest low light bias: 1.0 Latest high light bias: 0.0
04-02 15:30:29.007  1364  1405 D ColorDisplayService: setDisplayWhiteBalanceTemperatureMatrix: cct = 6429 matrix = 
04-02 15:30:29.007  1364  1405 D ColorDisplayService:        0.977236-0.000677-0.000095 0.000000 0.022367 0.944737-0.000031 0.000000 0.000397-0.000151 0.952883 0.000000 0.000000 0.000000 0.000000 1.000000
04-02 15:30:30.955  1364  1395 W BroadcastQueue: Background execution not allowed: receiving Intent { act=android.net.wifi.SCAN_RESULTS flg=0x4000010 (has extras) } to com.verizon.mips.services/com.verizon.mips.common.receiver.MVSImplicitBroadcastReceiver
04-02 15:30:31.009  1364  6141 E WifiService: Permission violation - getScanResults not allowed for uid=10214, packageName=com.sohu.inputmethod.sogou, reason=java.lang.SecurityException: UID 10214 has no location permission
04-02 15:30:31.375  1364  1405 V DisplayPowerController: Brightness [6] reason changing to: 'automatic [ dim ]', previous reason: 'automatic'.
04-02 15:30:32.028  1364  1389 D ColorDisplayService: DisplayWhiteBalanceTintController Animation cancelled: false to matrix: 
04-02 15:30:32.028  1364  1389 D ColorDisplayService:        0.977236-0.000677-0.000095 0.000000 0.022367 0.944737-0.000031 0.000000 0.000397-0.000151 0.952883 0.000000 0.000000 0.000000 0.000000 1.000000
04-02 15:30:32.774  1364  1405 I PowerManagerService: Going to sleep due to timeout (uid 1000)...
04-02 15:30:32.775  1364  1364 W UsageStatsService: Event reported without a package name, eventType:16
04-02 15:30:32.800  1364  1364 V SettingsProvider: Notifying for 0: content://settings/secure/reminder_exp_learning_time_elapsed
04-02 15:30:32.850  1364  1405 V DisplayPowerController: Brightness [89] reason changing to: 'automatic', previous reason: 'automatic [ dim ]'.
04-02 15:30:33.265  1364  1405 I DisplayPowerController: Blocking screen off
04-02 15:30:33.266  1364  1405 I DisplayPowerController: Unblocked screen off after 0 ms
04-02 15:30:33.297  1364  1405 V DisplayPowerController: Brightness [0] reason changing to: 'screen_off', previous reason: 'automatic'.
04-02 15:30:33.300  1364  1405 D ColorDisplayService: resetDisplayWhiteBalanceColorTemperature: 6700
04-02 15:30:33.301  1364  1405 D ColorDisplayService: setDisplayWhiteBalanceTemperatureMatrix: cct = 6700 matrix = 
04-02 15:30:33.301  1364  1405 D ColorDisplayService:        0.981843-0.000496 0.000077 0.000000 0.016301 0.958153 0.000243 0.000000 0.000317-0.000772 0.999680 0.000000 0.000000 0.000000 0.000000 1.000000
04-02 15:30:33.302  1364  1389 I DisplayManagerService: Display device changed state: "Built-in Screen", OFF
04-02 15:30:33.468  1364  1405 I DreamManagerService: Entering dreamland.
04-02 15:30:33.470  1364  1405 I PowerManagerService: Dozing...
04-02 15:30:33.471  1364  1386 I DreamController: Starting dream: name=ComponentInfo{com.android.systemui/com.android.systemui.doze.DozeService}, isTest=false, canDoze=true, userId=0
04-02 15:30:33.478  1364  1389 I DisplayManagerService: Display device changed: DisplayDeviceInfo{"Built-in Screen": uniqueId="local:19260504575090817", 1440 x 3040, modeId 1, defaultModeId 2, supportedModes [{id=1, width=1440, height=3040, fps=90.0}, {id=2, width=1440, height=3040, fps=60.000004}], colorMode 0, supportedColorModes [0, 7, 9], HdrCapabilities android.view.Display$HdrCapabilities@413e3a39, density 560, 537.882 x 539.972 dpi, appVsyncOff 2000000, presDeadline 11111111, touch INTERNAL, rotation 0, type BUILT_IN, address {port=129, model=0x446d53ad64a0}, state OFF, FLAG_DEFAULT_DISPLAY, FLAG_ROTATES_WITH_CONTENT, FLAG_SECURE, FLAG_SUPPORTS_PROTECTED_BUFFERS}
04-02 15:30:33.510  1364  1364 V SettingsProvider: Notifying for 0: content://settings/secure/reminder_exp_learning_time_elapsed
04-02 15:30:33.564  1364  1389 I DisplayManagerService: Display device changed: DisplayDeviceInfo{"Built-in Screen": uniqueId="local:19260504575090817", 1440 x 3040, modeId 2, defaultModeId 2, supportedModes [{id=1, width=1440, height=3040, fps=90.0}, {id=2, width=1440, height=3040, fps=60.000004}], colorMode 0, supportedColorModes [0, 7, 9], HdrCapabilities android.view.Display$HdrCapabilities@413e3a39, density 560, 537.882 x 539.972 dpi, appVsyncOff 2000000, presDeadline 11666666, touch INTERNAL, rotation 0, type BUILT_IN, address {port=129, model=0x446d53ad64a0}, state OFF, FLAG_DEFAULT_DISPLAY, FLAG_ROTATES_WITH_CONTENT, FLAG_SECURE, FLAG_SUPPORTS_PROTECTED_BUFFERS}
04-02 15:30:33.607  1364  1697 W AppOps  : Noting op not finished: uid 10145 pkg com.google.android.gms code 79 time=1585866625939 duration=0
04-02 15:30:34.068  1856  2499 D PowerUI : can't show warning due to - plugged: true status unknown: false
04-02 15:30:36.344  1364  1389 D ColorDisplayService: DisplayWhiteBalanceTintController Animation cancelled: false to matrix: 
04-02 15:30:36.344  1364  1389 D ColorDisplayService:        0.981843-0.000496 0.000077 0.000000 0.016301 0.958153 0.000243 0.000000 0.000317-0.000772 0.999680 0.000000 0.000000 0.000000 0.000000 1.000000
04-02 15:30:37.151  1364  3168 W ActivityManager: Background start not allowed: service Intent { cmp=com.google.android.apps.messaging/.shared.datamodel.action.execution.ActionExecutorImpl$EmptyService (has extras) } to com.google.android.apps.messaging/.shared.datamodel.action.execution.ActionExecutorImpl$EmptyService from pid=9813 uid=10180 pkg=com.google.android.apps.messaging startFg?=false
04-02 15:30:40.962   880   880 I vendor.google.wifi_ext@1.0-service-vendor: Wifi: Reseting SAR Scenario to default
04-02 15:30:50.227 19910 19910 E ActivityThread: Failed to find provider info for com.verizon.loginclient
04-02 15:30:50.342 19910 19910 I chatty  : uid=10109(com.verizon.mips.services) identical 2 lines
04-02 15:30:50.379 19910 19910 E ActivityThread: Failed to find provider info for com.verizon.loginclient
04-02 15:30:50.452 20495 20517 E ActivityThread: Failed to find provider info for com.verizon.vzwavs.provider
04-02 15:30:50.457  1364  3168 D ConnectivityService: requestNetwork for uid/pid:10109/20495 NetworkRequest [ REQUEST id=9143, [ Transports: CELLULAR Capabilities: CBS&TRUSTED&NOT_VPN Uid: 10109] ]
04-02 15:30:59.461  1364  1609 D ConnectivityService: releasing NetworkRequest [ REQUEST id=9143, [ Transports: CELLULAR Capabilities: CBS&TRUSTED&NOT_VPN Uid: 10109] ] (release request)
04-02 15:30:59.528 20495 20517 E ActivityThread: Failed to find provider info for com.verizon.vzwavs.provider
04-02 15:30:59.534  1364  3168 D ConnectivityService: requestNetwork for uid/pid:10109/20495 NetworkRequest [ REQUEST id=9144, [ Transports: CELLULAR Capabilities: CBS&TRUSTED&NOT_VPN Uid: 10109] ]
04-02 15:31:08.578  1364  1609 D ConnectivityService: releasing NetworkRequest [ REQUEST id=9144, [ Transports: CELLULAR Capabilities: CBS&TRUSTED&NOT_VPN Uid: 10109] ] (release request)
04-02 15:31:35.381 19910 19910 E ActivityThread: Failed to find provider info for com.verizon.loginclient
04-02 15:31:35.546 19910 19910 I chatty  : uid=10109(com.verizon.mips.services) identical 2 lines
04-02 15:31:35.593 19910 19910 E ActivityThread: Failed to find provider info for com.verizon.loginclient
04-02 15:31:35.690 20495 20517 E ActivityThread: Failed to find provider info for com.verizon.vzwavs.provider
04-02 15:31:35.696  1364  1380 D ConnectivityService: requestNetwork for uid/pid:10109/20495 NetworkRequest [ REQUEST id=9145, [ Transports: CELLULAR Capabilities: CBS&TRUSTED&NOT_VPN Uid: 10109] ]
04-02 15:31:44.699  1364  1609 D ConnectivityService: releasing NetworkRequest [ REQUEST id=9145, [ Transports: CELLULAR Capabilities: CBS&TRUSTED&NOT_VPN Uid: 10109] ] (release request)
04-02 15:31:44.756 20495 20517 E ActivityThread: Failed to find provider info for com.verizon.vzwavs.provider
04-02 15:31:44.763  1364  1380 D ConnectivityService: requestNetwork for uid/pid:10109/20495 NetworkRequest [ REQUEST id=9146, [ Transports: CELLULAR Capabilities: CBS&TRUSTED&NOT_VPN Uid: 10109] ]
04-02 15:31:53.806  1364  1609 D ConnectivityService: releasing NetworkRequest [ REQUEST id=9146, [ Transports: CELLULAR Capabilities: CBS&TRUSTED&NOT_VPN Uid: 10109] ] (release request)
04-02 15:32:20.589 19910 19910 E ActivityThread: Failed to find provider info for com.verizon.loginclient
04-02 15:32:20.728 19910 19910 I chatty  : uid=10109(com.verizon.mips.services) identical 2 lines
04-02 15:32:20.787 19910 19910 E ActivityThread: Failed to find provider info for com.verizon.loginclient
04-02 15:32:20.900 20495 20517 E ActivityThread: Failed to find provider info for com.verizon.vzwavs.provider
04-02 15:32:20.905  1364  3168 D ConnectivityService: requestNetwork for uid/pid:10109/20495 NetworkRequest [ REQUEST id=9147, [ Transports: CELLULAR Capabilities: CBS&TRUSTED&NOT_VPN Uid: 10109] ]
04-02 15:32:29.910  1364  1609 D ConnectivityService: releasing NetworkRequest [ REQUEST id=9147, [ Transports: CELLULAR Capabilities: CBS&TRUSTED&NOT_VPN Uid: 10109] ] (release request)
04-02 15:32:29.979 20495 20517 E ActivityThread: Failed to find provider info for com.verizon.vzwavs.provider
04-02 15:32:29.985  1364  6141 D ConnectivityService: requestNetwork for uid/pid:10109/20495 NetworkRequest [ REQUEST id=9148, [ Transports: CELLULAR Capabilities: CBS&TRUSTED&NOT_VPN Uid: 10109] ]
04-02 15:32:30.338  1856  2499 D PowerUI : can't show warning due to - plugged: true status unknown: false
04-02 15:32:35.576  1364  1395 W BroadcastQueue: Background execution not allowed: receiving Intent { act=android.net.wifi.STATE_CHANGE flg=0x4000010 (has extras) } to com.verizon.mips.services/com.vzw.hss.myverizon.rdd.wifidata.receiver.RDDWifiStateReceiver
04-02 15:32:35.576  1364  1395 W BroadcastQueue: Background execution not allowed: receiving Intent { act=android.net.wifi.STATE_CHANGE flg=0x4000010 (has extras) } to com.vzw.hss.myverizon/.rdd.wifidata.receiver.RDDWifiStateReceiver
04-02 15:32:35.576  1364  1395 W BroadcastQueue: Background execution not allowed: receiving Intent { act=android.net.wifi.STATE_CHANGE flg=0x4000010 (has extras) } to com.vzw.hss.myverizon/com.verizon.contenttransfer.base.CTWifiConnBroadcastReceiver
04-02 15:32:39.027  1364  1609 D ConnectivityService: releasing NetworkRequest [ REQUEST id=9148, [ Transports: CELLULAR Capabilities: CBS&TRUSTED&NOT_VPN Uid: 10109] ] (release request)
04-02 15:33:05.777 19910 19910 E ActivityThread: Failed to find provider info for com.verizon.loginclient
04-02 15:33:05.920 19910 19910 I chatty  : uid=10109(com.verizon.mips.services) identical 2 lines
04-02 15:33:05.955 19910 19910 E ActivityThread: Failed to find provider info for com.verizon.loginclient
04-02 15:33:06.035 20495 20517 E ActivityThread: Failed to find provider info for com.verizon.vzwavs.provider
04-02 15:33:06.041  1364  1380 D ConnectivityService: requestNetwork for uid/pid:10109/20495 NetworkRequest [ REQUEST id=9149, [ Transports: CELLULAR Capabilities: CBS&TRUSTED&NOT_VPN Uid: 10109] ]
04-02 15:33:15.046  1364  1609 D ConnectivityService: releasing NetworkRequest [ REQUEST id=9149, [ Transports: CELLULAR Capabilities: CBS&TRUSTED&NOT_VPN Uid: 10109] ] (release request)
04-02 15:33:15.114 20495 20517 E ActivityThread: Failed to find provider info for com.verizon.vzwavs.provider
04-02 15:33:15.121  1364  1381 D ConnectivityService: requestNetwork for uid/pid:10109/20495 NetworkRequest [ REQUEST id=9150, [ Transports: CELLULAR Capabilities: CBS&TRUSTED&NOT_VPN Uid: 10109] ]
04-02 15:33:24.164  1364  1609 D ConnectivityService: releasing NetworkRequest [ REQUEST id=9150, [ Transports: CELLULAR Capabilities: CBS&TRUSTED&NOT_VPN Uid: 10109] ] (release request)
04-02 15:33:34.085  1856  2499 D PowerUI : can't show warning due to - plugged: true status unknown: false
04-02 15:33:50.956 19910 19910 E ActivityThread: Failed to find provider info for com.verizon.loginclient
04-02 15:33:51.092 19910 19910 I chatty  : uid=10109(com.verizon.mips.services) identical 2 lines
04-02 15:33:51.137 19910 19910 E ActivityThread: Failed to find provider info for com.verizon.loginclient
04-02 15:33:51.234 20495 20517 E ActivityThread: Failed to find provider info for com.verizon.vzwavs.provider
04-02 15:33:51.241  1364  6141 D ConnectivityService: requestNetwork for uid/pid:10109/20495 NetworkRequest [ REQUEST id=9151, [ Transports: CELLULAR Capabilities: CBS&TRUSTED&NOT_VPN Uid: 10109] ]
04-02 15:34:00.245  1364  1609 D ConnectivityService: releasing NetworkRequest [ REQUEST id=9151, [ Transports: CELLULAR Capabilities: CBS&TRUSTED&NOT_VPN Uid: 10109] ] (release request)
04-02 15:34:00.304 20495 20517 E ActivityThread: Failed to find provider info for com.verizon.vzwavs.provider
04-02 15:34:00.310  1364  6141 D ConnectivityService: requestNetwork for uid/pid:10109/20495 NetworkRequest [ REQUEST id=9152, [ Transports: CELLULAR Capabilities: CBS&TRUSTED&NOT_VPN Uid: 10109] ]
04-02 15:34:02.508  1856  2499 D PowerUI : can't show warning due to - plugged: true status unknown: false
04-02 15:34:09.353  1364  1609 D ConnectivityService: releasing NetworkRequest [ REQUEST id=9152, [ Transports: CELLULAR Capabilities: CBS&TRUSTED&NOT_VPN Uid: 10109] ] (release request)
04-02 15:34:33.234  1856  2499 D PowerUI : can't show warning due to - plugged: true status unknown: false
04-02 15:34:36.142 19910 19910 E ActivityThread: Failed to find provider info for com.verizon.loginclient
04-02 15:34:36.297 19910 19910 I chatty  : uid=10109(com.verizon.mips.services) identical 2 lines
04-02 15:34:36.344 19910 19910 E ActivityThread: Failed to find provider info for com.verizon.loginclient
04-02 15:34:36.478 20495 20517 E ActivityThread: Failed to find provider info for com.verizon.vzwavs.provider
04-02 15:34:36.483  1364  1380 D ConnectivityService: requestNetwork for uid/pid:10109/20495 NetworkRequest [ REQUEST id=9153, [ Transports: CELLULAR Capabilities: CBS&TRUSTED&NOT_VPN Uid: 10109] ]
04-02 15:34:45.487  1364  1609 D ConnectivityService: releasing NetworkRequest [ REQUEST id=9153, [ Transports: CELLULAR Capabilities: CBS&TRUSTED&NOT_VPN Uid: 10109] ] (release request)
04-02 15:34:45.548 20495 20517 E ActivityThread: Failed to find provider info for com.verizon.vzwavs.provider
04-02 15:34:45.554  1364  6141 D ConnectivityService: requestNetwork for uid/pid:10109/20495 NetworkRequest [ REQUEST id=9154, [ Transports: CELLULAR Capabilities: CBS&TRUSTED&NOT_VPN Uid: 10109] ]
04-02 15:34:54.598  1364  1609 D ConnectivityService: releasing NetworkRequest [ REQUEST id=9154, [ Transports: CELLULAR Capabilities: CBS&TRUSTED&NOT_VPN Uid: 10109] ] (release request)
04-02 15:35:03.986  1856  2499 D PowerUI : can't show warning due to - plugged: true status unknown: false
04-02 15:35:05.683  1364  1395 W BroadcastQueue: Background execution not allowed: receiving Intent { act=android.net.wifi.STATE_CHANGE flg=0x4000010 (has extras) } to com.verizon.mips.services/com.vzw.hss.myverizon.rdd.wifidata.receiver.RDDWifiStateReceiver
04-02 15:35:05.684  1364  1395 W BroadcastQueue: Background execution not allowed: receiving Intent { act=android.net.wifi.STATE_CHANGE flg=0x4000010 (has extras) } to com.vzw.hss.myverizon/.rdd.wifidata.receiver.RDDWifiStateReceiver
04-02 15:35:05.685  1364  1395 W BroadcastQueue: Background execution not allowed: receiving Intent { act=android.net.wifi.STATE_CHANGE flg=0x4000010 (has extras) } to com.vzw.hss.myverizon/com.verizon.contenttransfer.base.CTWifiConnBroadcastReceiver
04-02 15:35:21.340 19910 19910 E ActivityThread: Failed to find provider info for com.verizon.loginclient
04-02 15:35:21.475 19910 19910 I chatty  : uid=10109(com.verizon.mips.services) identical 2 lines
04-02 15:35:21.521 19910 19910 E ActivityThread: Failed to find provider info for com.verizon.loginclient
04-02 15:35:21.626 20495 20517 E ActivityThread: Failed to find provider info for com.verizon.vzwavs.provider
04-02 15:35:21.632  1364  6141 D ConnectivityService: requestNetwork for uid/pid:10109/20495 NetworkRequest [ REQUEST id=9155, [ Transports: CELLULAR Capabilities: CBS&TRUSTED&NOT_VPN Uid: 10109] ]
04-02 15:35:30.634  1364  1609 D ConnectivityService: releasing NetworkRequest [ REQUEST id=9155, [ Transports: CELLULAR Capabilities: CBS&TRUSTED&NOT_VPN Uid: 10109] ] (release request)
04-02 15:35:30.715 20495 20517 E ActivityThread: Failed to find provider info for com.verizon.vzwavs.provider
04-02 15:35:30.722  1364  6141 D ConnectivityService: requestNetwork for uid/pid:10109/20495 NetworkRequest [ REQUEST id=9156, [ Transports: CELLULAR Capabilities: CBS&TRUSTED&NOT_VPN Uid: 10109] ]
04-02 15:35:34.179  1364  1364 W Looper  : Slow dispatch took 109ms main h=android.os.Handler c=com.android.server.-$$Lambda$BatteryService$2x73lvpB0jctMSVP4qb9sHAqRPw@5f69f9b m=0
04-02 15:35:34.187  1856  2499 D PowerUI : can't show warning due to - plugged: true status unknown: false
04-02 15:35:39.766  1364  1609 D ConnectivityService: releasing NetworkRequest [ REQUEST id=9156, [ Transports: CELLULAR Capabilities: CBS&TRUSTED&NOT_VPN Uid: 10109] ] (release request)
04-02 15:35:50.224   880   880 I vendor.google.wifi_ext@1.0-service-vendor: Wifi: Setting SAR Scenario to 3
04-02 15:35:50.710  1364  6141 I PowerManagerService: Waking up from Dozing (uid=10155, reason=WAKE_REASON_GESTURE, details=com.android.systemui:NODOZE)...
04-02 15:35:50.710  1364  1364 W UsageStatsService: Event reported without a package name, eventType:15
04-02 15:35:50.711  1364  1405 I DisplayPowerController: Blocking screen on until initial contents have been drawn.
04-02 15:35:50.733  1364  1405 V DisplayPowerController: Brightness [89] reason changing to: 'manual', previous reason: 'screen_off'.
04-02 15:35:50.745  1364  1389 I DisplayManagerService: Display device changed: DisplayDeviceInfo{"Built-in Screen": uniqueId="local:19260504575090817", 1440 x 3040, modeId 1, defaultModeId 2, supportedModes [{id=1, width=1440, height=3040, fps=90.0}, {id=2, width=1440, height=3040, fps=60.000004}], colorMode 0, supportedColorModes [0, 7, 9], HdrCapabilities android.view.Display$HdrCapabilities@413e3a39, density 560, 537.882 x 539.972 dpi, appVsyncOff 2000000, presDeadline 11111111, touch INTERNAL, rotation 0, type BUILT_IN, address {port=129, model=0x446d53ad64a0}, state OFF, FLAG_DEFAULT_DISPLAY, FLAG_ROTATES_WITH_CONTENT, FLAG_SECURE, FLAG_SUPPORTS_PROTECTED_BUFFERS}
04-02 15:35:50.745  1364  1405 D DisplayWhiteBalanceController: Display cct: 6429.3096 Latest ambient cct: 6091.991 Latest ambient lux: 502.1975 Latest low light bias: 1.0 Latest high light bias: 0.0
04-02 15:35:50.746  1364  1405 D ColorDisplayService: setDisplayWhiteBalanceTemperatureMatrix: cct = 6429 matrix = 
04-02 15:35:50.746  1364  1405 D ColorDisplayService:        0.977236-0.000677-0.000095 0.000000 0.022367 0.944737-0.000031 0.000000 0.000397-0.000151 0.952883 0.000000 0.000000 0.000000 0.000000 1.000000
04-02 15:35:50.751  1364  1389 I DisplayManagerService: Display device changed state: "Built-in Screen", ON
04-02 15:35:50.777  1364  1364 V SettingsProvider: Notifying for 0: content://settings/secure/reminder_exp_learning_time_elapsed
04-02 15:35:50.818  1364  1405 I DisplayPowerController: Unblocked screen on after 107 ms
04-02 15:35:50.855  1364  1405 D DisplayWhiteBalanceController: Display cct: 6300.0 Latest ambient cct: 6131.353 Latest ambient lux: -1.0 Latest low light bias: 0.0 Latest high light bias: 0.0
04-02 15:35:50.855  1364  1405 D ColorDisplayService: setDisplayWhiteBalanceTemperatureMatrix: cct = 6300 matrix = 
04-02 15:35:50.855  1364  1405 D ColorDisplayService:        0.974133-0.000769-0.000179 0.000000 0.025429 0.937188-0.000164 0.000000 0.000437 0.000149 0.929184 0.000000 0.000000 0.000000 0.000000 1.000000
04-02 15:35:50.855  1364  1389 D ColorDisplayService: DisplayWhiteBalanceTintController Animation cancelled: true to matrix: 
04-02 15:35:50.855  1364  1389 D ColorDisplayService:        0.974133-0.000769-0.000179 0.000000 0.025429 0.937188-0.000164 0.000000 0.000437 0.000149 0.929184 0.000000 0.000000 0.000000 0.000000 1.000000
04-02 15:35:50.930  1364  1405 W PowerManagerService: Screen on took 221 ms
04-02 15:35:50.930  1364  1405 I DreamManagerService: Gently waking up from dream.
04-02 15:35:50.930  1364  1386 I DreamManagerService: Performing gentle wake from dream.
04-02 15:35:50.940  1364  6141 I DreamManagerService: Leaving dreamland.
04-02 15:35:50.940  1364  1386 I DreamManagerService: Performing gentle wake from dream.
04-02 15:35:50.940  1364  1386 I DreamController: Stopping dream: name=ComponentInfo{com.android.systemui/com.android.systemui.doze.DozeService}, isTest=false, canDoze=true, userId=0
04-02 15:35:50.942  1364  1364 V SettingsProvider: Notifying for 0: content://settings/secure/reminder_exp_learning_time_elapsed
04-02 15:35:50.958  1364  1405 V DisplayPowerController: Brightness [87] reason changing to: 'automatic', previous reason: 'manual'.
04-02 15:35:50.959  1364  1364 V SettingsProvider: Notifying for 0: content://settings/system/screen_brightness
04-02 15:35:51.976  1364  6141 D ActivityTaskManager: Top Process State changed to PROCESS_STATE_TOP
04-02 15:35:52.018  1364  1364 V SettingsProvider: Notifying for 0: content://settings/secure/reminder_exp_learning_time_elapsed
04-02 15:35:52.037  1364  1389 W UsageStatsService: Event reported without a package name, eventType:18
04-02 15:35:52.041  1364  1395 W BroadcastQueue: Background execution not allowed: receiving Intent { act=android.intent.action.USER_PRESENT flg=0x24200010 } to com.android.chrome/org.chromium.chrome.browser.sharing.click_to_call.ClickToCallMessageHandler$PhoneUnlockedReceiver
04-02 15:35:52.041  1364  1395 W BroadcastQueue: Background execution not allowed: receiving Intent { act=android.intent.action.USER_PRESENT flg=0x24200010 } to com.google.android.gms/.auth.setup.devicesignals.LockScreenReceiver
04-02 15:35:52.041  1364  1395 W BroadcastQueue: Background execution not allowed: receiving Intent { act=android.intent.action.USER_PRESENT flg=0x24200010 } to com.google.android.gms/.trustagent.UserPresentBroadcastReceiver
04-02 15:35:52.041  1364  1395 W BroadcastQueue: Background execution not allowed: receiving Intent { act=android.intent.action.USER_PRESENT flg=0x24200010 } to com.google.android.gms/.chimera.GmsIntentOperationService$PersistentTrustedReceiver
04-02 15:35:52.042  1364  1395 W BroadcastQueue: Background execution not allowed: receiving Intent { act=android.intent.action.USER_PRESENT flg=0x24200010 } to com.verizon.mips.services/com.vzw.hss.myverizon.rdd.wifidata.receiver.RDDWifiStateReceiver
04-02 15:35:52.042  1364  1395 W BroadcastQueue: Background execution not allowed: receiving Intent { act=android.intent.action.USER_PRESENT flg=0x24200010 } to com.vzw.hss.myverizon/com.vzw.hss.mvm.receivers.ReceiverHandleSMARTLib
04-02 15:35:52.042  1364  1395 W BroadcastQueue: Background execution not allowed: receiving Intent { act=android.intent.action.USER_PRESENT flg=0x24200010 } to com.vzw.hss.myverizon/.rdd.wifidata.receiver.RDDWifiStateReceiver
04-02 15:35:53.192  1364  3168 I ActivityTaskManager: START u0 {cmp=edu.neu.madcourse.gowalk/.activity.HomepageActivity} from uid 10244
04-02 15:35:53.872  1364  1389 D ColorDisplayService: DisplayWhiteBalanceTintController Animation cancelled: false to matrix: 
04-02 15:35:53.872  1364  1389 D ColorDisplayService:        0.974133-0.000769-0.000179 0.000000 0.025429 0.937188-0.000164 0.000000 0.000437 0.000149 0.929184 0.000000 0.000000 0.000000 0.000000 1.000000
04-02 15:35:53.928  1364  1405 D DisplayWhiteBalanceController: Display cct: 6554.238 Latest ambient cct: 6342.7505 Latest ambient lux: 400.66864 Latest low light bias: 1.0 Latest high light bias: 0.0
04-02 15:35:53.929  1364  1405 D ColorDisplayService: setDisplayWhiteBalanceTemperatureMatrix: cct = 6554 matrix = 
04-02 15:35:53.929  1364  1405 D ColorDisplayService:        0.980123-0.000592-0.000015 0.000000 0.019517 0.951764 0.000096 0.000000 0.000359-0.000440 0.975422 0.000000 0.000000 0.000000 0.000000 1.000000
04-02 15:35:55.490  1364  1389 I DisplayManagerService: Display device changed: DisplayDeviceInfo{"Built-in Screen": uniqueId="local:19260504575090817", 1440 x 3040, modeId 2, defaultModeId 2, supportedModes [{id=1, width=1440, height=3040, fps=90.0}, {id=2, width=1440, height=3040, fps=60.000004}], colorMode 0, supportedColorModes [0, 7, 9], HdrCapabilities android.view.Display$HdrCapabilities@413e3a39, density 560, 537.882 x 539.972 dpi, appVsyncOff 2000000, presDeadline 11666666, touch INTERNAL, rotation 0, type BUILT_IN, address {port=129, model=0x446d53ad64a0}, state ON, FLAG_DEFAULT_DISPLAY, FLAG_ROTATES_WITH_CONTENT, FLAG_SECURE, FLAG_SUPPORTS_PROTECTED_BUFFERS}
04-02 15:35:55.981  1364  1395 W BroadcastQueue: Background execution not allowed: receiving Intent { act=android.net.wifi.SCAN_RESULTS flg=0x4000010 (has extras) } to com.verizon.mips.services/com.verizon.mips.common.receiver.MVSImplicitBroadcastReceiver
04-02 15:35:56.020  1364  6141 E WifiService: Permission violation - getScanResults not allowed for uid=10214, packageName=com.sohu.inputmethod.sogou, reason=java.lang.SecurityException: UID 10214 has no location permission
04-02 15:35:56.465  1364  1389 I DisplayManagerService: Display device changed: DisplayDeviceInfo{"Built-in Screen": uniqueId="local:19260504575090817", 1440 x 3040, modeId 1, defaultModeId 2, supportedModes [{id=1, width=1440, height=3040, fps=90.0}, {id=2, width=1440, height=3040, fps=60.000004}], colorMode 0, supportedColorModes [0, 7, 9], HdrCapabilities android.view.Display$HdrCapabilities@413e3a39, density 560, 537.882 x 539.972 dpi, appVsyncOff 2000000, presDeadline 11111111, touch INTERNAL, rotation 0, type BUILT_IN, address {port=129, model=0x446d53ad64a0}, state ON, FLAG_DEFAULT_DISPLAY, FLAG_ROTATES_WITH_CONTENT, FLAG_SECURE, FLAG_SUPPORTS_PROTECTED_BUFFERS}
04-02 15:35:56.950  1364  1389 D ColorDisplayService: DisplayWhiteBalanceTintController Animation cancelled: false to matrix: 
04-02 15:35:56.950  1364  1389 D ColorDisplayService:        0.980123-0.000592-0.000015 0.000000 0.019517 0.951764 0.000096 0.000000 0.000359-0.000440 0.975422 0.000000 0.000000 0.000000 0.000000 1.000000
04-02 15:35:59.970  1364  1405 D DisplayWhiteBalanceController: Display cct: 6508.222 Latest ambient cct: 6240.4937 Latest ambient lux: 472.90698 Latest low light bias: 1.0 Latest high light bias: 0.0
04-02 15:35:59.971  1364  1405 D ColorDisplayService: setDisplayWhiteBalanceTemperatureMatrix: cct = 6508 matrix = 
04-02 15:35:59.971  1364  1405 D ColorDisplayService:        0.979074-0.000623-0.000044 0.000000 0.020553 0.949210 0.000050 0.000000 0.000373-0.000334 0.967176 0.000000 0.000000 0.000000 0.000000 1.000000
04-02 15:36:02.989  1364  1389 D ColorDisplayService: DisplayWhiteBalanceTintController Animation cancelled: false to matrix: 
04-02 15:36:02.989  1364  1389 D ColorDisplayService:        0.979074-0.000623-0.000044 0.000000 0.020553 0.949210 0.000050 0.000000 0.000373-0.000334 0.967176 0.000000 0.000000 0.000000 0.000000 1.000000
04-02 15:36:04.116  1364  1364 V SettingsProvider: Notifying for 0: content://settings/system/screen_brightness
04-02 15:36:05.420  1856  2499 D PowerUI : can't show warning due to - plugged: true status unknown: false
04-02 15:36:05.816  1364  1405 D DisplayWhiteBalanceController: Display cct: 6461.423 Latest ambient cct: 6136.495 Latest ambient lux: 522.2482 Latest low light bias: 1.0 Latest high light bias: 0.0
04-02 15:36:05.817  1364  1405 D ColorDisplayService: setDisplayWhiteBalanceTemperatureMatrix: cct = 6461 matrix = 
04-02 15:36:05.817  1364  1405 D ColorDisplayService:        0.977986-0.000655-0.000074 0.000000 0.021627 0.946562 0.000002 0.000000 0.000387-0.000225 0.958693 0.000000 0.000000 0.000000 0.000000 1.000000
04-02 15:36:06.521 19910 19910 E ActivityThread: Failed to find provider info for com.verizon.loginclient
04-02 15:36:06.659 19910 19910 I chatty  : uid=10109(com.verizon.mips.services) identical 2 lines
04-02 15:36:06.696 19910 19910 E ActivityThread: Failed to find provider info for com.verizon.loginclient
04-02 15:36:06.795 20495 20517 E ActivityThread: Failed to find provider info for com.verizon.vzwavs.provider
04-02 15:36:06.801  1364  2322 D ConnectivityService: requestNetwork for uid/pid:10109/20495 NetworkRequest [ REQUEST id=9157, [ Transports: CELLULAR Capabilities: CBS&TRUSTED&NOT_VPN Uid: 10109] ]
04-02 15:36:08.840  1364  1389 D ColorDisplayService: DisplayWhiteBalanceTintController Animation cancelled: false to matrix: 
04-02 15:36:08.840  1364  1389 D ColorDisplayService:        0.977986-0.000655-0.000074 0.000000 0.021627 0.946562 0.000002 0.000000 0.000387-0.000225 0.958693 0.000000 0.000000 0.000000 0.000000 1.000000
04-02 15:36:12.628   880   880 I vendor.google.wifi_ext@1.0-service-vendor: Wifi: Reseting SAR Scenario to default
04-02 15:36:15.579  1364  1395 W BroadcastQueue: Background execution not allowed: receiving Intent { act=android.net.wifi.SCAN_RESULTS flg=0x4000010 (has extras) } to com.verizon.mips.services/com.verizon.mips.common.receiver.MVSImplicitBroadcastReceiver
04-02 15:36:15.804  1364  1609 D ConnectivityService: releasing NetworkRequest [ REQUEST id=9157, [ Transports: CELLULAR Capabilities: CBS&TRUSTED&NOT_VPN Uid: 10109] ] (release request)
04-02 15:36:15.889 20495 20517 E ActivityThread: Failed to find provider info for com.verizon.vzwavs.provider
04-02 15:36:15.895  1364  1697 D ConnectivityService: requestNetwork for uid/pid:10109/20495 NetworkRequest [ REQUEST id=9158, [ Transports: CELLULAR Capabilities: CBS&TRUSTED&NOT_VPN Uid: 10109] ]
04-02 15:36:17.107  1364  1405 V DisplayPowerController: Brightness [6] reason changing to: 'automatic [ dim ]', previous reason: 'automatic'.
04-02 15:36:23.107  1364  1405 I PowerManagerService: Going to sleep due to timeout (uid 1000)...
04-02 15:36:23.107  1364  1364 W UsageStatsService: Event reported without a package name, eventType:16
04-02 15:36:23.128  1364  1364 V SettingsProvider: Notifying for 0: content://settings/secure/reminder_exp_learning_time_elapsed
04-02 15:36:23.161  1364  1405 V DisplayPowerController: Brightness [98] reason changing to: 'automatic', previous reason: 'automatic [ dim ]'.
04-02 15:36:23.774  1364  1405 I DisplayPowerController: Blocking screen off
04-02 15:36:23.776  1364  1405 I DisplayPowerController: Unblocked screen off after 1 ms
04-02 15:36:23.796  1364  1405 D ActivityTaskManager: Top Process State changed to PROCESS_STATE_TOP_SLEEPING
04-02 15:36:23.828  1364  1405 V DisplayPowerController: Brightness [0] reason changing to: 'screen_off', previous reason: 'automatic'.
04-02 15:36:23.834  1364  2322 W ProcessStats: Tracking association SourceState{1d8bbdd edu.neu.madcourse.gowalk/10244 Top #440665} whose proc state 1 is better than process ProcessState{cdfb85f com.google.android.gms/10145 pkg=com.google.android.gms} proc state 5 (100 skipped)
04-02 15:36:23.837  1364  1405 D ColorDisplayService: resetDisplayWhiteBalanceColorTemperature: 6700
04-02 15:36:23.837  1364  1405 D ColorDisplayService: setDisplayWhiteBalanceTemperatureMatrix: cct = 6700 matrix = 
04-02 15:36:23.837  1364  1405 D ColorDisplayService:        0.981843-0.000496 0.000077 0.000000 0.016301 0.958153 0.000243 0.000000 0.000317-0.000772 0.999680 0.000000 0.000000 0.000000 0.000000 1.000000
04-02 15:36:23.847  1364  1389 I DisplayManagerService: Display device changed state: "Built-in Screen", OFF
04-02 15:36:24.008  1364  1405 I DreamManagerService: Entering dreamland.
04-02 15:36:24.008  1364  1405 I PowerManagerService: Dozing...
04-02 15:36:24.009  1364  1386 I DreamController: Starting dream: name=ComponentInfo{com.android.systemui/com.android.systemui.doze.DozeService}, isTest=false, canDoze=true, userId=0
04-02 15:36:24.043  1364  1364 V SettingsProvider: Notifying for 0: content://settings/secure/reminder_exp_learning_time_elapsed
04-02 15:36:24.047  1364  1364 V SettingsProvider: Notifying for 0: content://settings/secure/reminder_exp_learning_time_elapsed
04-02 15:36:24.145  1364  1389 I DisplayManagerService: Display device changed: DisplayDeviceInfo{"Built-in Screen": uniqueId="local:19260504575090817", 1440 x 3040, modeId 2, defaultModeId 2, supportedModes [{id=1, width=1440, height=3040, fps=90.0}, {id=2, width=1440, height=3040, fps=60.000004}], colorMode 0, supportedColorModes [0, 7, 9], HdrCapabilities android.view.Display$HdrCapabilities@413e3a39, density 560, 537.882 x 539.972 dpi, appVsyncOff 2000000, presDeadline 11666666, touch INTERNAL, rotation 0, type BUILT_IN, address {port=129, model=0x446d53ad64a0}, state OFF, FLAG_DEFAULT_DISPLAY, FLAG_ROTATES_WITH_CONTENT, FLAG_SECURE, FLAG_SUPPORTS_PROTECTED_BUFFERS}
04-02 15:36:24.209  1364  1726 W AppOps  : Noting op not finished: uid 10145 pkg com.google.android.gms code 79 time=1585866633607 duration=0
04-02 15:36:24.939  1364  1609 D ConnectivityService: releasing NetworkRequest [ REQUEST id=9158, [ Transports: CELLULAR Capabilities: CBS&TRUSTED&NOT_VPN Uid: 10109] ] (release request)
04-02 15:36:26.848  1364  1389 D ColorDisplayService: DisplayWhiteBalanceTintController Animation cancelled: false to matrix: 
04-02 15:36:26.848  1364  1389 D ColorDisplayService:        0.981843-0.000496 0.000077 0.000000 0.016301 0.958153 0.000243 0.000000 0.000317-0.000772 0.999680 0.000000 0.000000 0.000000 0.000000 1.000000
04-02 15:36:28.140  1364  1389 W UsageStatsService: Event reported without a package name, eventType:17
04-02 15:36:34.083  1856  2499 D PowerUI : can't show warning due to - plugged: true status unknown: false
04-02 15:36:42.150  1364  1394 I UsageStatsService: User[0] Flushing usage stats to disk
04-02 15:36:42.235  1364  1394 E AppIdleHistory: Error writing app idle file for user 0
04-02 15:36:51.710 19910 19910 E ActivityThread: Failed to find provider info for com.verizon.loginclient
04-02 15:36:51.849 19910 19910 I chatty  : uid=10109(com.verizon.mips.services) identical 2 lines
04-02 15:36:51.893 19910 19910 E ActivityThread: Failed to find provider info for com.verizon.loginclient
04-02 15:36:51.989 20495 20517 E ActivityThread: Failed to find provider info for com.verizon.vzwavs.provider
04-02 15:36:51.994  1364  2068 D ConnectivityService: requestNetwork for uid/pid:10109/20495 NetworkRequest [ REQUEST id=9159, [ Transports: CELLULAR Capabilities: CBS&TRUSTED&NOT_VPN Uid: 10109] ]
04-02 15:37:00.997  1364  1609 D ConnectivityService: releasing NetworkRequest [ REQUEST id=9159, [ Transports: CELLULAR Capabilities: CBS&TRUSTED&NOT_VPN Uid: 10109] ] (release request)
04-02 15:37:01.065 20495 20517 E ActivityThread: Failed to find provider info for com.verizon.vzwavs.provider
04-02 15:37:01.070  1364  2068 D ConnectivityService: requestNetwork for uid/pid:10109/20495 NetworkRequest [ REQUEST id=9160, [ Transports: CELLULAR Capabilities: CBS&TRUSTED&NOT_VPN Uid: 10109] ]
04-02 15:37:06.846  1856  2499 D PowerUI : can't show warning due to - plugged: true status unknown: false
04-02 15:37:10.114  1364  1609 D ConnectivityService: releasing NetworkRequest [ REQUEST id=9160, [ Transports: CELLULAR Capabilities: CBS&TRUSTED&NOT_VPN Uid: 10109] ] (release request)
04-02 15:37:34.081  1856  2499 D PowerUI : can't show warning due to - plugged: true status unknown: false
04-02 15:37:35.748  1364  1395 W BroadcastQueue: Background execution not allowed: receiving Intent { act=android.net.wifi.STATE_CHANGE flg=0x4000010 (has extras) } to com.verizon.mips.services/com.vzw.hss.myverizon.rdd.wifidata.receiver.RDDWifiStateReceiver
04-02 15:37:35.748  1364  1395 W BroadcastQueue: Background execution not allowed: receiving Intent { act=android.net.wifi.STATE_CHANGE flg=0x4000010 (has extras) } to com.vzw.hss.myverizon/.rdd.wifidata.receiver.RDDWifiStateReceiver
04-02 15:37:35.748  1364  1395 W BroadcastQueue: Background execution not allowed: receiving Intent { act=android.net.wifi.STATE_CHANGE flg=0x4000010 (has extras) } to com.vzw.hss.myverizon/com.verizon.contenttransfer.base.CTWifiConnBroadcastReceiver
04-02 15:37:36.898 19910 19910 E ActivityThread: Failed to find provider info for com.verizon.loginclient
04-02 15:37:37.028 19910 19910 I chatty  : uid=10109(com.verizon.mips.services) identical 2 lines
04-02 15:37:37.069 19910 19910 E ActivityThread: Failed to find provider info for com.verizon.loginclient
04-02 15:37:37.160 20495 20517 E ActivityThread: Failed to find provider info for com.verizon.vzwavs.provider
04-02 15:37:37.164  1364  2068 D ConnectivityService: requestNetwork for uid/pid:10109/20495 NetworkRequest [ REQUEST id=9161, [ Transports: CELLULAR Capabilities: CBS&TRUSTED&NOT_VPN Uid: 10109] ]
04-02 15:37:37.548  1856  2499 D PowerUI : can't show warning due to - plugged: true status unknown: false
04-02 15:37:43.614  1364  1405 I DisplayPowerController: Blocking screen on until initial contents have been drawn.
04-02 15:37:43.640  1364  1405 V DisplayPowerController: Brightness [34] reason changing to: 'doze', previous reason: 'screen_off'.
04-02 15:37:43.657  1364  1405 D DisplayWhiteBalanceController: Display cct: 6461.423 Latest ambient cct: 6126.487 Latest ambient lux: 527.00165 Latest low light bias: 1.0 Latest high light bias: 0.0
04-02 15:37:43.658  1364  1405 D ColorDisplayService: setDisplayWhiteBalanceTemperatureMatrix: cct = 6461 matrix = 
04-02 15:37:43.658  1364  1405 D ColorDisplayService:        0.977986-0.000655-0.000074 0.000000 0.021627 0.946562 0.000002 0.000000 0.000387-0.000225 0.958693 0.000000 0.000000 0.000000 0.000000 1.000000
04-02 15:37:43.664  1364  1389 I DisplayManagerService: Display device changed state: "Built-in Screen", ON
04-02 15:37:43.717  1364  1405 I DisplayPowerController: Unblocked screen on after 103 ms
04-02 15:37:43.767  1364  1405 D DisplayWhiteBalanceController: Display cct: 6300.0 Latest ambient cct: 6191.152 Latest ambient lux: -1.0 Latest low light bias: 0.0 Latest high light bias: 0.0
04-02 15:37:43.768  1364  1405 D ColorDisplayService: setDisplayWhiteBalanceTemperatureMatrix: cct = 6300 matrix = 
04-02 15:37:43.768  1364  1405 D ColorDisplayService:        0.974133-0.000769-0.000179 0.000000 0.025429 0.937188-0.000164 0.000000 0.000437 0.000149 0.929184 0.000000 0.000000 0.000000 0.000000 1.000000
04-02 15:37:43.770  1364  1389 D ColorDisplayService: DisplayWhiteBalanceTintController Animation cancelled: true to matrix: 
04-02 15:37:43.770  1364  1389 D ColorDisplayService:        0.974133-0.000769-0.000179 0.000000 0.025429 0.937188-0.000164 0.000000 0.000437 0.000149 0.929184 0.000000 0.000000 0.000000 0.000000 1.000000
04-02 15:37:43.846  1364  1389 I DisplayManagerService: Display device changed: DisplayDeviceInfo{"Built-in Screen": uniqueId="local:19260504575090817", 1440 x 3040, modeId 1, defaultModeId 2, supportedModes [{id=1, width=1440, height=3040, fps=90.0}, {id=2, width=1440, height=3040, fps=60.000004}], colorMode 0, supportedColorModes [0, 7, 9], HdrCapabilities android.view.Display$HdrCapabilities@413e3a39, density 560, 537.882 x 539.972 dpi, appVsyncOff 2000000, presDeadline 11111111, touch INTERNAL, rotation 0, type BUILT_IN, address {port=129, model=0x446d53ad64a0}, state ON, FLAG_DEFAULT_DISPLAY, FLAG_ROTATES_WITH_CONTENT, FLAG_SECURE, FLAG_SUPPORTS_PROTECTED_BUFFERS}
04-02 15:37:43.894  1364  1389 I DisplayManagerService: Display device changed: DisplayDeviceInfo{"Built-in Screen": uniqueId="local:19260504575090817", 1440 x 3040, modeId 2, defaultModeId 2, supportedModes [{id=1, width=1440, height=3040, fps=90.0}, {id=2, width=1440, height=3040, fps=60.000004}], colorMode 0, supportedColorModes [0, 7, 9], HdrCapabilities android.view.Display$HdrCapabilities@413e3a39, density 560, 537.882 x 539.972 dpi, appVsyncOff 2000000, presDeadline 11666666, touch INTERNAL, rotation 0, type BUILT_IN, address {port=129, model=0x446d53ad64a0}, state ON, FLAG_DEFAULT_DISPLAY, FLAG_ROTATES_WITH_CONTENT, FLAG_SECURE, FLAG_SUPPORTS_PROTECTED_BUFFERS}
04-02 15:37:46.165  1364  1609 D ConnectivityService: releasing NetworkRequest [ REQUEST id=9161, [ Transports: CELLULAR Capabilities: CBS&TRUSTED&NOT_VPN Uid: 10109] ] (release request)
04-02 15:37:46.225 20495 20517 E ActivityThread: Failed to find provider info for com.verizon.vzwavs.provider
04-02 15:37:46.230  1364  8404 D ConnectivityService: requestNetwork for uid/pid:10109/20495 NetworkRequest [ REQUEST id=9162, [ Transports: CELLULAR Capabilities: CBS&TRUSTED&NOT_VPN Uid: 10109] ]
04-02 15:37:46.778  1364  1389 D ColorDisplayService: DisplayWhiteBalanceTintController Animation cancelled: false to matrix: 
04-02 15:37:46.778  1364  1389 D ColorDisplayService:        0.974133-0.000769-0.000179 0.000000 0.025429 0.937188-0.000164 0.000000 0.000437 0.000149 0.929184 0.000000 0.000000 0.000000 0.000000 1.000000
04-02 15:37:46.856  1364  1405 D DisplayWhiteBalanceController: Display cct: 6459.237 Latest ambient cct: 6131.6377 Latest ambient lux: 550.8009 Latest low light bias: 1.0 Latest high light bias: 0.0
04-02 15:37:46.857  1364  1405 D ColorDisplayService: setDisplayWhiteBalanceTemperatureMatrix: cct = 6459 matrix = 
04-02 15:37:46.857  1364  1405 D ColorDisplayService:        0.977939-0.000657-0.000076 0.000000 0.021673 0.946449-0.000000 0.000000 0.000388-0.000220 0.958330 0.000000 0.000000 0.000000 0.000000 1.000000
04-02 15:37:49.097  1364  1405 I DisplayPowerController: Blocking screen off
04-02 15:37:49.097  1364  1405 I DisplayPowerController: Unblocked screen off after 1 ms
04-02 15:37:49.130  1364  1405 V DisplayPowerController: Brightness [0] reason changing to: 'screen_off', previous reason: 'doze'.
04-02 15:37:49.137  1364  1405 D ColorDisplayService: resetDisplayWhiteBalanceColorTemperature: 6700
04-02 15:37:49.138  1364  1405 D ColorDisplayService: setDisplayWhiteBalanceTemperatureMatrix: cct = 6700 matrix = 
04-02 15:37:49.138  1364  1405 D ColorDisplayService:        0.981843-0.000496 0.000077 0.000000 0.016301 0.958153 0.000243 0.000000 0.000317-0.000772 0.999680 0.000000 0.000000 0.000000 0.000000 1.000000
04-02 15:37:49.139  1364  1389 D ColorDisplayService: DisplayWhiteBalanceTintController Animation cancelled: true to matrix: 
04-02 15:37:49.139  1364  1389 D ColorDisplayService:        0.981843-0.000496 0.000077 0.000000 0.016301 0.958153 0.000243 0.000000 0.000317-0.000772 0.999680 0.000000 0.000000 0.000000 0.000000 1.000000
04-02 15:37:49.139  1364  1389 I DisplayManagerService: Display device changed state: "Built-in Screen", OFF
04-02 15:37:52.178  1364  1389 D ColorDisplayService: DisplayWhiteBalanceTintController Animation cancelled: false to matrix: 
