04-02 15:56:26.673 19910 19910 E ActivityThread: Failed to find provider info for com.verizon.loginclient
04-02 15:56:25.236   880  2739 I WifiHAL : event received NL80211_CMD_VENDOR, vendor_id = 0x1374, subcmd = 0xd
04-02 15:56:26.846 19910  8500 V VZWAPNLib: called startUsingNetworkFeature: true
04-02 15:56:26.847 19910  8500 E VZWAPNLib: binder is not null, setting to common interface 
04-02 15:56:26.847 19910  8500 D APNLib  : Prasad>> setting binder
04-02 15:56:26.847 19910  8500 D APNLib  : Prasad>> notified
04-02 15:56:26.848 19910 11123 D APNLib  : unlocked !! handling request
04-02 15:56:26.848 19910 11123 D APNLib  : Prasad sending data!!!!
04-02 15:56:26.850 20495 23286 E APNLib  : sending data>>>Intent { act=com.vzw.apnservicenew dat=package:com.verizon.mips.services cmp=com.verizon.mips.services/com.vzw.apnservice.VZWAPNServiceNew (has extras) }
04-02 15:56:26.726 19910 19910 E ActivityThread: Failed to find provider info for com.verizon.loginclient
04-02 15:56:26.852 20495 20517 E ActivityThread: Failed to find provider info for com.verizon.vzwavs.provider
04-02 15:56:26.859  1364  8326 D ConnectivityService: requestNetwork for uid/pid:10109/20495 NetworkRequest [ REQUEST id=9216, [ Transports: CELLULAR Capabilities: CBS&TRUSTED&NOT_VPN Uid: 10109] ]
04-02 15:56:26.859  1364  1668 D Ethernet: got request NetworkRequest [ REQUEST id=9216, [ Transports: CELLULAR Capabilities: CBS&TRUSTED&NOT_VPN Uid: 10109] ] with score 0 and serial 0
04-02 15:56:26.860  1364  1667 D WIFI_AWARE_FACTORY: got request NetworkRequest [ REQUEST id=9216, [ Transports: CELLULAR Capabilities: CBS&TRUSTED&NOT_VPN Uid: 10109] ] with score 0 and serial 0
04-02 15:56:26.860  1364  1594 D UntrustedWifiNetworkFactory: got request NetworkRequest [ REQUEST id=9216, [ Transports: CELLULAR Capabilities: CBS&TRUSTED&NOT_VPN Uid: 10109] ] with score 0 and serial 0
04-02 15:56:26.860  1364  1594 D WifiNetworkFactory: got request NetworkRequest [ REQUEST id=9216, [ Transports: CELLULAR Capabilities: CBS&TRUSTED&NOT_VPN Uid: 10109] ] with score 0 and serial 0
04-02 15:56:26.883  2170  4851 I chatty  : uid=1001(radio) FrameworkReceiv expire 6 lines
04-02 15:56:26.885  2249  2378 I chatty  : uid=1001(radio) DcHandlerThread expire 4 lines
04-02 15:56:26.964  1068  1068 I chatty  : uid=1001(radio) imsdatadaemon expire 231 lines
04-02 15:56:26.996 19910 19910 E ActivityThread: Failed to find provider info for com.verizon.loginclient
04-02 15:56:27.020  2170  2483 I chatty  : uid=1001(radio) HwBinder:2170_1 expire 6 lines
04-02 15:56:27.227  2170  2482 I chatty  : uid=1001(radio) IWlanProxy expire 3 lines
04-02 15:56:27.238   880  2739 I WifiHAL : event received NL80211_CMD_VENDOR, vendor_id = 0x1374, subcmd = 0xd
04-02 15:56:29.241   880  2739 I chatty  : uid=1010 wifi_ext@1.0-se identical 1 line
04-02 15:56:31.245   880  2739 I WifiHAL : event received NL80211_CMD_VENDOR, vendor_id = 0x1374, subcmd = 0xd
04-02 15:56:33.250   880  2739 I WifiHAL : event received NL80211_CMD_VENDOR, vendor_id = 0x1374, subcmd = 0xd
04-02 15:56:34.075  2389  2389 D Oslo/StatusSensor: Received intent android.intent.action.BATTERY_CHANGED
04-02 15:56:27.048 19910 19910 E ActivityThread: Failed to find provider info for com.verizon.loginclient
04-02 15:56:34.080  1856  2499 D PowerUI : can't show warning due to - plugged: true status unknown: false
04-02 15:56:35.256   880  2739 I WifiHAL : event received NL80211_CMD_VENDOR, vendor_id = 0x1374, subcmd = 0xd
04-02 15:56:35.863  1364  1609 D ConnectivityService: releasing NetworkRequest [ REQUEST id=9216, [ Transports: CELLULAR Capabilities: CBS&TRUSTED&NOT_VPN Uid: 10109] ] (release request)
04-02 15:56:35.865 19910  8500 V VZWAPNLib: result = -1
04-02 15:56:35.865 19910  8500 E MVS_LoginClient: Result Code: 5001
04-02 15:56:35.923 19910  8500 V VZWAPNLib: called startUsingNetworkFeature: true
04-02 15:56:35.924 19910  8500 E VZWAPNLib: binder is not null, setting to common interface 
04-02 15:56:35.924 19910  8500 D APNLib  : Prasad>> setting binder
04-02 15:56:35.924 19910  8500 D APNLib  : Prasad>> notified
04-02 15:56:35.926 19910 11133 D APNLib  : unlocked !! handling request
04-02 15:56:35.926 19910 11133 D APNLib  : Prasad sending data!!!!
04-02 15:56:35.927 20495 23286 E APNLib  : sending data>>>Intent { act=com.vzw.apnservicenew dat=package:com.verizon.mips.services cmp=com.verizon.mips.services/com.vzw.apnservice.VZWAPNServiceNew (has extras) }
04-02 15:56:35.928 20495 20517 E ActivityThread: Failed to find provider info for com.verizon.vzwavs.provider
04-02 15:56:35.935  1364  2322 D ConnectivityService: requestNetwork for uid/pid:10109/20495 NetworkRequest [ REQUEST id=9217, [ Transports: CELLULAR Capabilities: CBS&TRUSTED&NOT_VPN Uid: 10109] ]
04-02 15:56:35.936  1364  1667 D WIFI_AWARE_FACTORY: got request NetworkRequest [ REQUEST id=9217, [ Transports: CELLULAR Capabilities: CBS&TRUSTED&NOT_VPN Uid: 10109] ] with score 0 and serial 0
04-02 15:56:35.936  1364  1594 D UntrustedWifiNetworkFactory: got request NetworkRequest [ REQUEST id=9217, [ Transports: CELLULAR Capabilities: CBS&TRUSTED&NOT_VPN Uid: 10109] ] with score 0 and serial 0
04-02 15:56:35.936  1364  1594 D WifiNetworkFactory: got request NetworkRequest [ REQUEST id=9217, [ Transports: CELLULAR Capabilities: CBS&TRUSTED&NOT_VPN Uid: 10109] ] with score 0 and serial 0
04-02 15:56:35.936  2249  2249 I chatty  : uid=1001(radio) com.android.phone expire 2 lines
04-02 15:56:35.936  1364  1668 D Ethernet: got request NetworkRequest [ REQUEST id=9217, [ Transports: CELLULAR Capabilities: CBS&TRUSTED&NOT_VPN Uid: 10109] ] with score 0 and serial 0
04-02 15:56:36.954   876   900 D rlsservice: MonitorDisplayStatus client num 0, display status 0, sensor status 0
04-02 15:56:37.260   880  2739 I WifiHAL : event received NL80211_CMD_VENDOR, vendor_id = 0x1374, subcmd = 0xd
04-02 15:56:39.264   880  2739 I WifiHAL : event received NL80211_CMD_VENDOR, vendor_id = 0x1374, subcmd = 0xd
04-02 15:56:41.217  1068  1068 I chatty  : uid=1001(radio) imsdatadaemon expire 77 lines
04-02 15:56:41.265   880  2739 I WifiHAL : event received NL80211_CMD_VENDOR, vendor_id = 0x1374, subcmd = 0xd
04-02 15:56:41.268  2170  2483 I chatty  : uid=1001(radio) HwBinder:2170_1 expire 6 lines
04-02 15:56:41.475  2170  2482 I chatty  : uid=1001(radio) IWlanProxy expire 3 lines
04-02 15:56:43.269   880  2739 I WifiHAL : event received NL80211_CMD_VENDOR, vendor_id = 0x1374, subcmd = 0xd
04-02 15:56:44.960  1364  1609 D ConnectivityService: releasing NetworkRequest [ REQUEST id=9217, [ Transports: CELLULAR Capabilities: CBS&TRUSTED&NOT_VPN Uid: 10109] ] (release request)
04-02 15:56:44.961 19910  8500 V VZWAPNLib: result = -1
04-02 15:56:44.961 19910  8500 E MVS_LoginClient: Result Code: 5001
04-02 15:56:44.997  2170  4851 I chatty  : uid=1001(radio) FrameworkReceiv expire 7 lines
04-02 15:56:45.273   880  2739 I WifiHAL : event received NL80211_CMD_VENDOR, vendor_id = 0x1374, subcmd = 0xd
04-02 15:57:01.296   880  2739 I chatty  : uid=1010 wifi_ext@1.0-se identical 9 lines
04-02 15:57:03.298   880  2739 I WifiHAL : event received NL80211_CMD_VENDOR, vendor_id = 0x1374, subcmd = 0xd
04-02 15:57:04.908   629   629 D qdlights: set_speaker_light_locked mode=0, colorRGB=FF00FF00, onMS=0, offMS=0, rc=-2
04-02 15:57:04.908  2389  2389 D Oslo/StatusSensor: Received intent android.intent.action.BATTERY_CHANGED
04-02 15:57:04.924  1856  2499 D PowerUI : can't show warning due to - plugged: true status unknown: false
04-02 15:57:05.300   880  2739 I WifiHAL : event received NL80211_CMD_VENDOR, vendor_id = 0x1374, subcmd = 0xd
04-02 15:57:06.955   876   900 D rlsservice: MonitorDisplayStatus client num 0, display status 0, sensor status 0
04-02 15:57:07.305   880  2739 I WifiHAL : event received NL80211_CMD_VENDOR, vendor_id = 0x1374, subcmd = 0xd
04-02 15:57:11.841 19910 19910 E ActivityThread: Failed to find provider info for com.verizon.loginclient
04-02 15:57:11.312   880  2739 I WifiHAL : event received NL80211_CMD_VENDOR, vendor_id = 0x1374, subcmd = 0xd
04-02 15:57:12.046 19910  8500 V VZWAPNLib: called startUsingNetworkFeature: true
04-02 15:57:12.047 19910  8500 E VZWAPNLib: binder is not null, setting to common interface 
04-02 15:57:12.047 19910  8500 D APNLib  : Prasad>> setting binder
04-02 15:57:12.047 19910  8500 D APNLib  : Prasad>> notified
04-02 15:57:12.050 19910 11144 D APNLib  : unlocked !! handling request
04-02 15:57:12.050 19910 11144 D APNLib  : Prasad sending data!!!!
04-02 15:57:12.051 20495 23286 E APNLib  : sending data>>>Intent { act=com.vzw.apnservicenew dat=package:com.verizon.mips.services cmp=com.verizon.mips.services/com.vzw.apnservice.VZWAPNServiceNew (has extras) }
04-02 15:57:11.907 19910 19910 E ActivityThread: Failed to find provider info for com.verizon.loginclient
04-02 15:57:12.052 20495 20517 E ActivityThread: Failed to find provider info for com.verizon.vzwavs.provider
04-02 15:57:12.058  1364  3170 D ConnectivityService: requestNetwork for uid/pid:10109/20495 NetworkRequest [ REQUEST id=9218, [ Transports: CELLULAR Capabilities: CBS&TRUSTED&NOT_VPN Uid: 10109] ]
04-02 15:57:12.060  1364  1667 D WIFI_AWARE_FACTORY: got request NetworkRequest [ REQUEST id=9218, [ Transports: CELLULAR Capabilities: CBS&TRUSTED&NOT_VPN Uid: 10109] ] with score 0 and serial 0
04-02 15:57:12.060  1364  1668 D Ethernet: got request NetworkRequest [ REQUEST id=9218, [ Transports: CELLULAR Capabilities: CBS&TRUSTED&NOT_VPN Uid: 10109] ] with score 0 and serial 0
04-02 15:57:12.060  1364  1594 D UntrustedWifiNetworkFactory: got request NetworkRequest [ REQUEST id=9218, [ Transports: CELLULAR Capabilities: CBS&TRUSTED&NOT_VPN Uid: 10109] ] with score 0 and serial 0
04-02 15:57:12.060  1364  1594 D WifiNetworkFactory: got request NetworkRequest [ REQUEST id=9218, [ Transports: CELLULAR Capabilities: CBS&TRUSTED&NOT_VPN Uid: 10109] ] with score 0 and serial 0
04-02 15:57:12.060  2249  2249 I chatty  : uid=1001(radio) com.android.phone expire 4 lines
04-02 15:57:12.083  2249  2378 I chatty  : uid=1001(radio) DcHandlerThread expire 3 lines
04-02 15:57:12.106 19910 19910 E ActivityThread: Failed to find provider info for com.verizon.loginclient
04-02 15:57:12.134  1068  1068 I chatty  : uid=1001(radio) imsdatadaemon expire 225 lines
04-02 15:57:13.314   880  2739 I WifiHAL : event received NL80211_CMD_VENDOR, vendor_id = 0x1374, subcmd = 0xd
04-02 15:57:15.318   880  2739 I WifiHAL : event received NL80211_CMD_VENDOR, vendor_id = 0x1374, subcmd = 0xd
04-02 15:57:17.318   880  2739 I WifiHAL : event received NL80211_CMD_VENDOR, vendor_id = 0x1374, subcmd = 0xd
04-02 15:57:19.323   880  2739 I WifiHAL : event received NL80211_CMD_VENDOR, vendor_id = 0x1374, subcmd = 0xd
04-02 15:57:12.147 19910 19910 E ActivityThread: Failed to find provider info for com.verizon.loginclient
04-02 15:57:21.062  1364  1609 D ConnectivityService: releasing NetworkRequest [ REQUEST id=9218, [ Transports: CELLULAR Capabilities: CBS&TRUSTED&NOT_VPN Uid: 10109] ] (release request)
04-02 15:57:21.064 19910  8500 V VZWAPNLib: result = -1
04-02 15:57:21.065 19910  8500 E MVS_LoginClient: Result Code: 5001
04-02 15:57:21.128 19910  8500 V VZWAPNLib: called startUsingNetworkFeature: true
04-02 15:57:21.128 19910  8500 E VZWAPNLib: binder is not null, setting to common interface 
04-02 15:57:21.128 19910  8500 D APNLib  : Prasad>> setting binder
04-02 15:57:21.128 19910  8500 D APNLib  : Prasad>> notified
04-02 15:57:21.132 19910 11154 D APNLib  : unlocked !! handling request
04-02 15:57:21.132 19910 11154 D APNLib  : Prasad sending data!!!!
04-02 15:57:21.133 20495 23286 E APNLib  : sending data>>>Intent { act=com.vzw.apnservicenew dat=package:com.verizon.mips.services cmp=com.verizon.mips.services/com.vzw.apnservice.VZWAPNServiceNew (has extras) }
04-02 15:57:21.134 20495 20517 E ActivityThread: Failed to find provider info for com.verizon.vzwavs.provider
04-02 15:57:21.141  1364  3170 D ConnectivityService: requestNetwork for uid/pid:10109/20495 NetworkRequest [ REQUEST id=9219, [ Transports: CELLULAR Capabilities: CBS&TRUSTED&NOT_VPN Uid: 10109] ]
04-02 15:57:21.142  1364  1667 D WIFI_AWARE_FACTORY: got request NetworkRequest [ REQUEST id=9219, [ Transports: CELLULAR Capabilities: CBS&TRUSTED&NOT_VPN Uid: 10109] ] with score 0 and serial 0
04-02 15:57:21.142  1364  1668 D Ethernet: got request NetworkRequest [ REQUEST id=9219, [ Transports: CELLULAR Capabilities: CBS&TRUSTED&NOT_VPN Uid: 10109] ] with score 0 and serial 0
04-02 15:57:21.143  1364  1594 D UntrustedWifiNetworkFactory: got request NetworkRequest [ REQUEST id=9219, [ Transports: CELLULAR Capabilities: CBS&TRUSTED&NOT_VPN Uid: 10109] ] with score 0 and serial 0
04-02 15:57:21.143  1364  1594 D WifiNetworkFactory: got request NetworkRequest [ REQUEST id=9219, [ Transports: CELLULAR Capabilities: CBS&TRUSTED&NOT_VPN Uid: 10109] ] with score 0 and serial 0
04-02 15:57:21.286  2170  2483 I chatty  : uid=1001(radio) HwBinder:2170_1 expire 6 lines
04-02 15:57:21.324   880  2739 I WifiHAL : event received NL80211_CMD_VENDOR, vendor_id = 0x1374, subcmd = 0xd
04-02 15:57:21.494  2170  2482 I chatty  : uid=1001(radio) IWlanProxy expire 3 lines
04-02 15:57:23.328   880  2739 I WifiHAL : event received NL80211_CMD_VENDOR, vendor_id = 0x1374, subcmd = 0xd
04-02 15:57:25.333   880  2739 I WifiHAL : event received NL80211_CMD_VENDOR, vendor_id = 0x1374, subcmd = 0xd
04-02 15:57:26.329  2170  4851 I chatty  : uid=1001(radio) FrameworkReceiv expire 10 lines
04-02 15:57:26.333  2249  2378 I chatty  : uid=1001(radio) DcHandlerThread expire 3 lines
04-02 15:57:26.414  1068  1068 I chatty  : uid=1001(radio) imsdatadaemon expire 77 lines
04-02 15:57:27.334   880  2739 I WifiHAL : event received NL80211_CMD_VENDOR, vendor_id = 0x1374, subcmd = 0xd
04-02 15:57:30.184  1364  1609 D ConnectivityService: releasing NetworkRequest [ REQUEST id=9219, [ Transports: CELLULAR Capabilities: CBS&TRUSTED&NOT_VPN Uid: 10109] ] (release request)
04-02 15:57:29.338   880  2739 I WifiHAL : event received NL80211_CMD_VENDOR, vendor_id = 0x1374, subcmd = 0xd
04-02 15:57:30.186 19910  8500 V VZWAPNLib: result = -1
04-02 15:57:30.187 19910  8500 E MVS_LoginClient: Result Code: 5001
04-02 15:57:31.339   880  2739 I WifiHAL : event received NL80211_CMD_VENDOR, vendor_id = 0x1374, subcmd = 0xd
04-02 15:57:33.342   880  2739 I WifiHAL : event received NL80211_CMD_VENDOR, vendor_id = 0x1374, subcmd = 0xd
04-02 15:57:33.495  2249  2667 I chatty  : uid=1001(radio) Binder:2249_8 expire 4 lines
04-02 15:57:33.541 14647 14719 E MDD     : FileGroupManager: Trying to add group brella_av9_com_google_android_apps_miphone_brella_trainfood for uninstalled app com.google.android.apps.miphone.brella.trainfood.
04-02 15:57:33.541 14647 14719 W MDD     : MDDManager class bbcv
04-02 15:57:33.543 14647 14719 E MDD     : FileGroupManager: Trying to add group reveal.barcode for uninstalled app com.google.android.apps.accessibility.reveal.
04-02 15:57:33.543 14647 14719 W MDD     : MDDManager class bbcv
04-02 15:57:33.545 14647 14719 W MDD     : MDDManager class bbaf
04-02 15:57:33.599 14647 14719 E MDD     : FileGroupManager: Trying to add group brella_av9_com_google_android_apps_miphone_brella_trainfood for uninstalled app com.google.android.apps.miphone.brella.trainfood.
04-02 15:57:33.599 14647 14719 W MDD     : MDDManager class bbcv
04-02 15:57:33.601 14647 14719 E MDD     : FileGroupManager: Trying to add group reveal.barcode for uninstalled app com.google.android.apps.accessibility.reveal.
04-02 15:57:33.601 14647 14719 W MDD     : MDDManager class bbcv
04-02 15:57:33.601 14647 15478 W GmscoreIpa: Processed 0 SMS and 0 MMS deletions
04-02 15:57:33.602 14647 14719 W MDD     : MDDManager class bbaf
04-02 15:57:33.634   837 11166 E ResolverController: No valid NAT64 prefix (101, <unspecified>/0)
04-02 15:57:33.636 14647 11165 I NetworkManagementSocketTagger: tagSocketFd(-1, 22528, -1) failed with errno-9
04-02 15:57:33.790 14647  7335 I TelephonySpam: TelephonySpamChimeraService - Running Telephony Spam Chimera Service
04-02 15:57:33.790 14647  7335 I TelephonySpam: TelephonySpamChimeraService - Cleaning SIP Header local table of old entries
04-02 15:57:33.790 14647  7335 I TelephonySpam: SpamListSync - Call spam module disabled. Skipping cleaning cache sip header table.
04-02 15:57:33.790 14647  7335 I TelephonySpam: TelephonySpamChimeraService - Syncing Call Spam List
04-02 15:57:33.790 14647  7335 I TelephonySpam: SpamListSync - SpamListSyncChimeraService.syncSpamList called with tag: telephonyspam.SpamListSyncTask, extras: Bundle[{SpamList Type=0, Action=1.0}]
04-02 15:57:33.790 14647  7335 I TelephonySpam: SpamListSync - Call spam module disabled. Skipping spam list syncing.
04-02 15:57:33.790 14647  7335 I TelephonySpam: TelephonySpamChimeraService - Syncing Sms Spam List
04-02 15:57:33.790 14647  7335 I TelephonySpam: SpamListSync - SpamListSyncChimeraService.syncSpamList called with tag: telephonyspam.SpamListSyncTask, extras: Bundle[{SpamList Type=1, Action=1.0}]
04-02 15:57:33.790 14647  7335 I TelephonySpam: SpamListSync - SMS spam module disabled. Skipping spam list syncing.
04-02 15:57:33.793   838   838 D Zygote  : Forked child process 11175
04-02 15:57:33.795  1364  1396 I ActivityManager: Start proc 11175:com.google.android.gms:snet/u0a145 for service {com.google.android.gms/com.google.android.gms.chimera.SnetIntentOperationService}
04-02 15:57:33.802 11175 11175 E ndroid.gms:sne: Not starting debugger since process cannot load the jdwp agent.
04-02 15:57:33.821 11175 11175 I ndroid.gms:sne: The ClassLoaderContext is a special shared library.
04-02 15:57:33.825 11175 11175 I chatty  : uid=10145 com.google.android.gms:snet identical 1 line
04-02 15:57:33.828 11175 11175 I ndroid.gms:sne: The ClassLoaderContext is a special shared library.
04-02 15:57:33.901 11175 11175 W DynamiteModule: Local module descriptor class for providerinstaller not found.
04-02 15:57:33.910 11175 11175 W ProviderHelper: Unknown dynamite feature providerinstaller
04-02 15:57:33.915 11175 11175 I DynamiteModule: Considering local module providerinstaller:0 and remote module providerinstaller:0
04-02 15:57:33.915 11175 11175 W ProviderInstaller: Failed to load providerinstaller module: No acceptable module found. Local version is 0 and remote version is 0.
04-02 15:57:33.923 11175 11175 V NativeCrypto: Registering com/google/android/gms/org/conscrypt/NativeCrypto's 286 native methods...
04-02 15:57:33.947 11175 11175 D NetworkSecurityConfig: Using Network Security Config from resource network_security_config debugBuild: false
04-02 15:57:33.949 11175 11175 I ProviderInstaller: Installed default security provider GmsCore_OpenSSL
04-02 15:57:33.959 11175 11175 I Safeboot: Checking safeboot...
04-02 15:57:33.960 11175 11175 I Safeboot: Not entering safeboot; wrong process.
04-02 15:57:33.996 13941 13955 I .gms.persisten: Background young concurrent copying GC freed 162153(8666KB) AllocSpace objects, 6(332KB) LOS objects, 45% free, 10203KB/18MB, paused 246us total 131.418ms
04-02 15:57:34.026 11175 11175 W bdic    : Primes not initialized, returning default (no-op) Primes instance which will ignore all calls. Please call Primes.initialize(...) before using any Primes API.
04-02 15:57:34.063   629   629 D qdlights: set_speaker_light_locked mode=0, colorRGB=00000000, onMS=0, offMS=0, rc=-2
04-02 15:57:34.065  2389  2389 D Oslo/StatusSensor: Received intent android.intent.action.BATTERY_CHANGED
04-02 15:57:34.067  1856  2499 D PowerUI : can't show warning due to - plugged: true status unknown: false
04-02 15:57:34.108 11175 11207 E aqiw    : Unknown tag: ssl_proxy
04-02 15:57:34.117 11175 11175 W CTION_IDLE_MODE: type=1400 audit(0.0:416791): avc: denied { getattr } for path="/init" dev="dm-6" ino=26 scontext=u:r:priv_app:s0:c512,c768 tcontext=u:object_r:init_exec:s0 tclass=lnk_file permissive=0
04-02 15:57:34.121 11175 11175 W CTION_IDLE_MODE: type=1400 audit(0.0:416792): avc: denied { getattr } for path="/persist" dev="dm-6" ino=47 scontext=u:r:priv_app:s0:c512,c768 tcontext=u:object_r:persist_file:s0 tclass=lnk_file permissive=0
04-02 15:57:34.121 11175 11175 W CTION_IDLE_MODE: type=1400 audit(0.0:416793): avc: denied { getattr } for path="/postinstall" dev="dm-6" ino=48 scontext=u:r:priv_app:s0:c512,c768 tcontext=u:object_r:postinstall_mnt_dir:s0 tclass=dir permissive=0
04-02 15:57:34.121 11175 11175 W CTION_IDLE_MODE: type=1400 audit(0.0:416794): avc: denied { getattr } for path="/metadata" dev="sda11" ino=2 scontext=u:r:priv_app:s0:c512,c768 tcontext=u:object_r:metadata_file:s0 tclass=dir permissive=0
04-02 15:57:34.121 11175 11175 W CTION_IDLE_MODE: type=1400 audit(0.0:416795): avc: denied { getattr } for path="/mnt/media_rw" dev="tmpfs" ino=249 scontext=u:r:priv_app:s0:c512,c768 tcontext=u:object_r:mnt_media_rw_file:s0 tclass=dir permissive=0
04-02 15:57:35.343   880  2739 I WifiHAL : event received NL80211_CMD_VENDOR, vendor_id = 0x1374, subcmd = 0xd
04-02 15:57:36.051   990   990 I keystore: del USRPKEY_snet_test_keys 10145
04-02 15:57:36.053   990   990 I keystore: del USRCERT_snet_test_keys 10145
04-02 15:57:36.054   990   990 I keystore: del CACERT_snet_test_keys 10145
04-02 15:57:36.343  1943  2750 D DhcpClient: Unicasting DHCPREQUEST ciaddr=10.234.115.62 request=0.0.0.0 serverid=null to /10.232.0.1:67
04-02 15:57:36.372  1943  2750 D DhcpClient: Received packet: da:49:6d:a1:ec:70 ACK: your new IP /10.234.115.62, netmask /255.252.0.0, gateways [/10.232.0.1] DNS servers: /75.75.75.75 /75.75.76.76 , lease time 300
04-02 15:57:36.375  1943  2750 D DhcpClient: Renewed lease: android.net.networkstack.DhcpResults@99b62c5 DHCP server /10.232.0.1 Vendor info null lease 300 seconds Servername 
04-02 15:57:36.377  1943  2750 D DhcpClient: Scheduling renewal in 149s
04-02 15:57:36.377  1943  2750 D DhcpClient: Scheduling rebind in 262s
04-02 15:57:36.377  1943  2750 D DhcpClient: Scheduling expiry in 299s
04-02 15:57:36.379  1943  1968 W rkstack.proces: Reducing the number of considered missed Gc histogram windows from 120 to 100
04-02 15:57:36.380  1364  1395 W BroadcastQueue: Background execution not allowed: receiving Intent { act=android.net.wifi.STATE_CHANGE flg=0x4000010 (has extras) } to com.verizon.mips.services/com.vzw.hss.myverizon.rdd.wifidata.receiver.RDDWifiStateReceiver
04-02 15:57:36.380  1364  1395 W BroadcastQueue: Background execution not allowed: receiving Intent { act=android.net.wifi.STATE_CHANGE flg=0x4000010 (has extras) } to com.vzw.hss.myverizon/.rdd.wifidata.receiver.RDDWifiStateReceiver
04-02 15:57:36.380  1364  1395 W BroadcastQueue: Background execution not allowed: receiving Intent { act=android.net.wifi.STATE_CHANGE flg=0x4000010 (has extras) } to com.vzw.hss.myverizon/com.verizon.contenttransfer.base.CTWifiConnBroadcastReceiver
04-02 15:57:36.387   990 11212 D DropBoxManager: About to call service->add()
04-02 15:57:36.387  1364  8894 I DropBoxManagerService: add tag=keymaster isTagEnabled=true flags=0x0
04-02 15:57:36.390   990 11212 D DropBoxManager: service->add returned No error
04-02 15:57:36.393 13941 14083 I NearbyDiscovery: FastPairHandler: Received action android.net.wifi.STATE_CHANGE [CONTEXT service_id=49 ]
04-02 15:57:36.420   990   990 I keystore: del USRPKEY_snet_test_keys 10145
04-02 15:57:36.421   990   990 I keystore: del USRCERT_snet_test_keys 10145
04-02 15:57:36.422   990   990 I keystore: del CACERT_snet_test_keys 10145
04-02 15:57:36.430   990 11217 D DropBoxManager: About to call service->add()
04-02 15:57:36.432   990 11217 D DropBoxManager: service->add returned No error
04-02 15:57:36.465   990 11224 D DropBoxManager: About to call service->add()
04-02 15:57:36.467   990 11224 D DropBoxManager: service->add returned No error
04-02 15:57:36.617 11175 11175 W CTION_IDLE_MODE: type=1400 audit(0.0:417964): avc: denied { getattr } for path="/data/data/com.google.omadm.trigger" dev="dm-9" ino=2665 scontext=u:r:priv_app:s0:c512,c768 tcontext=u:object_r:radio_data_file:s0 tclass=dir permissive=0
04-02 15:57:36.617 11175 11175 W CTION_IDLE_MODE: type=1400 audit(0.0:417965): avc: denied { getattr } for path="/data/data/com.android.providers.telephony" dev="dm-9" ino=2705 scontext=u:r:priv_app:s0:c512,c768 tcontext=u:object_r:radio_data_file:s0 tclass=dir permissive=0
04-02 15:57:36.617 11175 11175 W CTION_IDLE_MODE: type=1400 audit(0.0:417966): avc: denied { getattr } for path="/data/data/com.android.dynsystem" dev="dm-9" ino=2712 scontext=u:r:priv_app:s0:c512,c768 tcontext=u:object_r:system_app_data_file:s0 tclass=dir permissive=0
04-02 15:57:36.617 11175 11175 W CTION_IDLE_MODE: type=1400 audit(0.0:417967): avc: denied { getattr } for path="/data/data/com.android.sdm.plugins.connmo" dev="dm-9" ino=2715 scontext=u:r:priv_app:s0:c512,c768 tcontext=u:object_r:radio_data_file:s0 tclass=dir permissive=0
04-02 15:57:36.617 11175 11175 W CTION_IDLE_MODE: type=1400 audit(0.0:417968): avc: denied { getattr } for path="/data/data/com.qti.service.colorservice" dev="dm-9" ino=2737 scontext=u:r:priv_app:s0:c512,c768 tcontext=u:object_r:system_app_data_file:s0 tclass=dir permissive=0
04-02 15:57:36.956   876   900 D rlsservice: MonitorDisplayStatus client num 0, display status 0, sensor status 0
04-02 15:57:37.109 11175 11207 W SmsApplication: Package com.vzw.hss.myverizon lacks required manifest declarations to be a default sms app:  mPackageName: com.vzw.hss.myverizon mSmsReceiverClass: com.verizon.contenttransfer.sms.DefaultSMSReceiver mMmsReceiverClass: null mRespondViaMessageClass: com.verizon.contenttransfer.sms.HeadlessSmsSendService mSendToClass: null mSmsAppChangedClass: null mProviderChangedReceiverClass: null mSimFullReceiverClass: null mUid: 10203
04-02 15:57:37.311 11175 11207 W Settings: Setting install_non_market_apps has moved from android.provider.Settings.Global to android.provider.Settings.Secure, returning read-only value.
04-02 15:57:37.346   880  2739 I WifiHAL : event received NL80211_CMD_VENDOR, vendor_id = 0x1374, subcmd = 0xd
04-02 15:57:36.431  1364  8894 I chatty  : uid=1000(system) Binder:1364_1B identical 1 line
04-02 15:57:36.465  1364  8894 I DropBoxManagerService: add tag=keymaster isTagEnabled=true flags=0x0
04-02 15:57:38.397  1364  1395 W BroadcastQueue: Background execution not allowed: receiving Intent { act=android.intent.action.DROPBOX_ENTRY_ADDED flg=0x10 (has extras) } to com.google.android.gms/.stats.service.DropBoxEntryAddedReceiver
04-02 15:57:38.397  1364  1395 W BroadcastQueue: Background execution not allowed: receiving Intent { act=android.intent.action.DROPBOX_ENTRY_ADDED flg=0x10 (has extras) } to com.google.android.gms/.chimera.GmsIntentOperationService$PersistentTrustedReceiver
04-02 15:57:38.491  1364  9477 I DropBoxManagerService: add tag=platform_stats_bookmark isTagEnabled=true flags=0x2
04-02 15:57:38.496  1364  1395 W BroadcastQueue: Background execution not allowed: receiving Intent { act=android.intent.action.DROPBOX_ENTRY_ADDED flg=0x10 (has extras) } to com.google.android.gms/.stats.service.DropBoxEntryAddedReceiver
04-02 15:57:38.496  1364  1395 W BroadcastQueue: Background execution not allowed: receiving Intent { act=android.intent.action.DROPBOX_ENTRY_ADDED flg=0x10 (has extras) } to com.google.android.gms/.chimera.GmsIntentOperationService$PersistentTrustedReceiver
04-02 15:57:38.565 14647 14659 W gle.android.gm: Reducing the number of considered missed Gc histogram windows from 129 to 100
04-02 15:57:39.348   880  2739 I WifiHAL : event received NL80211_CMD_VENDOR, vendor_id = 0x1374, subcmd = 0xd
04-02 15:57:57.047 19910 19910 E ActivityThread: Failed to find provider info for com.verizon.loginclient
04-02 15:57:53.360   880  2739 I chatty  : uid=1010 wifi_ext@1.0-se identical 7 lines
04-02 15:57:55.368   880  2739 I WifiHAL : event received NL80211_CMD_VENDOR, vendor_id = 0x1374, subcmd = 0xd
04-02 15:57:57.236 19910  8500 V VZWAPNLib: called startUsingNetworkFeature: true
04-02 15:57:57.237 19910  8500 E VZWAPNLib: binder is not null, setting to common interface 
04-02 15:57:57.237 19910  8500 D APNLib  : Prasad>> setting binder
04-02 15:57:57.237 19910  8500 D APNLib  : Prasad>> notified
04-02 15:57:57.239 19910 11236 D APNLib  : unlocked !! handling request
04-02 15:57:57.239 19910 11236 D APNLib  : Prasad sending data!!!!
04-02 15:57:57.241 20495 23286 E APNLib  : sending data>>>Intent { act=com.vzw.apnservicenew dat=package:com.verizon.mips.services cmp=com.verizon.mips.services/com.vzw.apnservice.VZWAPNServiceNew (has extras) }
04-02 15:57:57.099 19910 19910 I chatty  : uid=10109(com.verizon.mips.services) identical 1 line
04-02 15:57:57.236 19910 19910 E ActivityThread: Failed to find provider info for com.verizon.loginclient
04-02 15:57:57.244 20495 20517 E ActivityThread: Failed to find provider info for com.verizon.vzwavs.provider
04-02 15:57:57.250  1364 11616 D ConnectivityService: requestNetwork for uid/pid:10109/20495 NetworkRequest [ REQUEST id=9220, [ Transports: CELLULAR Capabilities: CBS&TRUSTED&NOT_VPN Uid: 10109] ]
04-02 15:57:57.251  1364  1667 D WIFI_AWARE_FACTORY: got request NetworkRequest [ REQUEST id=9220, [ Transports: CELLULAR Capabilities: CBS&TRUSTED&NOT_VPN Uid: 10109] ] with score 0 and serial 0
04-02 15:57:57.251  1364  1668 D Ethernet: got request NetworkRequest [ REQUEST id=9220, [ Transports: CELLULAR Capabilities: CBS&TRUSTED&NOT_VPN Uid: 10109] ] with score 0 and serial 0
04-02 15:57:57.251  1364  1594 D UntrustedWifiNetworkFactory: got request NetworkRequest [ REQUEST id=9220, [ Transports: CELLULAR Capabilities: CBS&TRUSTED&NOT_VPN Uid: 10109] ] with score 0 and serial 0
04-02 15:57:57.251  1364  1594 D WifiNetworkFactory: got request NetworkRequest [ REQUEST id=9220, [ Transports: CELLULAR Capabilities: CBS&TRUSTED&NOT_VPN Uid: 10109] ] with score 0 and serial 0
04-02 15:57:57.252  2249  2249 I chatty  : uid=1001(radio) com.android.phone expire 2 lines
04-02 15:57:57.267 19910 19910 E ActivityThread: Failed to find provider info for com.verizon.loginclient
04-02 15:57:57.327  1068  1068 I chatty  : uid=1001(radio) imsdatadaemon expire 231 lines
04-02 15:57:57.368   880  2739 I WifiHAL : event received NL80211_CMD_VENDOR, vendor_id = 0x1374, subcmd = 0xd
04-02 15:57:59.389   880  2739 I WifiHAL : event received NL80211_CMD_VENDOR, vendor_id = 0x1374, subcmd = 0xd
04-02 15:58:01.401   880  2739 I WifiHAL : event received NL80211_CMD_VENDOR, vendor_id = 0x1374, subcmd = 0xd
04-02 15:58:02.480  2170  2483 I chatty  : uid=1001(radio) HwBinder:2170_1 expire 6 lines
04-02 15:58:02.688  2170  2482 I chatty  : uid=1001(radio) IWlanProxy expire 3 lines
04-02 15:58:03.404   880  2739 I WifiHAL : event received NL80211_CMD_VENDOR, vendor_id = 0x1374, subcmd = 0xd
04-02 15:58:06.252  1364  1609 D ConnectivityService: releasing NetworkRequest [ REQUEST id=9220, [ Transports: CELLULAR Capabilities: CBS&TRUSTED&NOT_VPN Uid: 10109] ] (release request)
04-02 15:58:05.409   880  2739 I WifiHAL : event received NL80211_CMD_VENDOR, vendor_id = 0x1374, subcmd = 0xd
04-02 15:58:06.255 19910  8500 V VZWAPNLib: result = -1
04-02 15:58:06.255 19910  8500 E MVS_LoginClient: Result Code: 5001
04-02 15:58:06.267  2170  4851 I chatty  : uid=1001(radio) FrameworkReceiv expire 7 lines
04-02 15:58:06.315 19910  8500 V VZWAPNLib: called startUsingNetworkFeature: true
04-02 15:58:06.316 19910  8500 E VZWAPNLib: binder is not null, setting to common interface 
04-02 15:58:06.316 19910  8500 D APNLib  : Prasad>> setting binder
04-02 15:58:06.316 19910  8500 D APNLib  : Prasad>> notified
04-02 15:58:06.318 19910 11246 D APNLib  : unlocked !! handling request
04-02 15:58:06.318 19910 11246 D APNLib  : Prasad sending data!!!!
04-02 15:58:06.319 20495 23286 E APNLib  : sending data>>>Intent { act=com.vzw.apnservicenew dat=package:com.verizon.mips.services cmp=com.verizon.mips.services/com.vzw.apnservice.VZWAPNServiceNew (has extras) }
04-02 15:58:06.320 20495 20517 E ActivityThread: Failed to find provider info for com.verizon.vzwavs.provider
04-02 15:58:06.326  1364  1600 D ConnectivityService: requestNetwork for uid/pid:10109/20495 NetworkRequest [ REQUEST id=9221, [ Transports: CELLULAR Capabilities: CBS&TRUSTED&NOT_VPN Uid: 10109] ]
04-02 15:58:06.327  1364  1668 D Ethernet: got request NetworkRequest [ REQUEST id=9221, [ Transports: CELLULAR Capabilities: CBS&TRUSTED&NOT_VPN Uid: 10109] ] with score 0 and serial 0
04-02 15:58:06.327  1364  1667 D WIFI_AWARE_FACTORY: got request NetworkRequest [ REQUEST id=9221, [ Transports: CELLULAR Capabilities: CBS&TRUSTED&NOT_VPN Uid: 10109] ] with score 0 and serial 0
04-02 15:58:06.328  1364  1594 D UntrustedWifiNetworkFactory: got request NetworkRequest [ REQUEST id=9221, [ Transports: CELLULAR Capabilities: CBS&TRUSTED&NOT_VPN Uid: 10109] ] with score 0 and serial 0
04-02 15:58:06.328  1364  1594 D WifiNetworkFactory: got request NetworkRequest [ REQUEST id=9221, [ Transports: CELLULAR Capabilities: CBS&TRUSTED&NOT_VPN Uid: 10109] ] with score 0 and serial 0
04-02 15:58:06.328  2249  2249 I chatty  : uid=1001(radio) com.android.phone expire 4 lines
04-02 15:58:06.345   629   629 D qdlights: set_speaker_light_locked mode=0, colorRGB=FF00FF00, onMS=0, offMS=0, rc=-2
04-02 15:58:06.346  2389  2389 D Oslo/StatusSensor: Received intent android.intent.action.BATTERY_CHANGED
04-02 15:58:06.349  1856  2499 D PowerUI : can't show warning due to - plugged: true status unknown: false
04-02 15:58:06.356  2249  2378 I chatty  : uid=1001(radio) DcHandlerThread expire 3 lines
04-02 15:58:06.957   876   900 D rlsservice: MonitorDisplayStatus client num 0, display status 0, sensor status 0
04-02 15:58:07.414   880  2739 I WifiHAL : event received NL80211_CMD_VENDOR, vendor_id = 0x1374, subcmd = 0xd
04-02 15:58:09.419   880  2739 I chatty  : uid=1010 wifi_ext@1.0-se identical 8 lines
04-02 15:58:11.424   880  2739 I WifiHAL : event received NL80211_CMD_VENDOR, vendor_id = 0x1374, subcmd = 0xd
04-02 15:58:11.601  1068  1068 I chatty  : uid=1001(radio) imsdatadaemon expire 77 lines
04-02 15:58:13.426   880  2739 I WifiHAL : event received NL80211_CMD_VENDOR, vendor_id = 0x1374, subcmd = 0xd
04-02 15:58:15.370  1364  1609 D ConnectivityService: releasing NetworkRequest [ REQUEST id=9221, [ Transports: CELLULAR Capabilities: CBS&TRUSTED&NOT_VPN Uid: 10109] ] (release request)
04-02 15:58:15.372 19910  8500 V VZWAPNLib: result = -1
04-02 15:58:15.373 19910  8500 E MVS_LoginClient: Result Code: 5001
04-02 15:58:15.428   880  2739 I WifiHAL : event received NL80211_CMD_VENDOR, vendor_id = 0x1374, subcmd = 0xd
04-02 15:58:25.448   880  2739 I WifiHAL : event received NL80211_CMD_VENDOR, vendor_id = 0x1374, subcmd = 0xd
04-02 15:58:27.076  3540  3562 I Finsky  : [1300] kem.run(3): Stats for Executor: BlockingExecutor kgk@1fb6990[Running, pool size = 0, active threads = 0, queued tasks = 0, completed tasks = 92]
04-02 15:58:27.077  3540  3562 I Finsky  : [1300] kem.run(3): Stats for Executor: LightweightExecutor kgk@7960289[Running, pool size = 4, active threads = 0, queued tasks = 0, completed tasks = 72]
04-02 15:58:27.078  3540  3562 I Finsky  : [1300] kem.run(3): Stats for Executor: bgExecutor kgk@e9b028e[Running, pool size = 4, active threads = 0, queued tasks = 0, completed tasks = 224]
04-02 15:58:27.450   880  2739 I WifiHAL : event received NL80211_CMD_VENDOR, vendor_id = 0x1374, subcmd = 0xd
04-02 15:58:33.462   880  2739 I WifiHAL : event received NL80211_CMD_VENDOR, vendor_id = 0x1374, subcmd = 0xd
04-02 15:58:34.055   860   860 I /vendor/bin/hw/android.hardware.health@2.0-service.coral: Recording a sample at time 599881
04-02 15:58:35.464   880  2739 I WifiHAL : event received NL80211_CMD_VENDOR, vendor_id = 0x1374, subcmd = 0xd
04-02 15:58:36.958   876   900 D rlsservice: MonitorDisplayStatus client num 0, display status 0, sensor status 0
04-02 15:58:37.467   880  2739 I WifiHAL : event received NL80211_CMD_VENDOR, vendor_id = 0x1374, subcmd = 0xd
04-02 15:58:42.233 19910 19910 E ActivityThread: Failed to find provider info for com.verizon.loginclient
04-02 15:58:42.295 19910 19910 E ActivityThread: Failed to find provider info for com.verizon.loginclient
04-02 15:58:42.367  1364 11616 I ActivityManager: Killing 9646:com.google.android.apps.tachyon/u0a207 (adj 945): empty for 1804s
04-02 15:58:42.368  1364 11616 I ActivityManager: Killing 9790:com.google.android.gms.unstable/u0a145 (adj 945): empty for 1804s
04-02 15:58:42.369  1364 11616 I ActivityManager: Killing 9754:com.google.android.apps.subscriptions.red/u0a210 (adj 955): empty for 1805s
04-02 15:58:42.369  1364 11616 I ActivityManager: Killing 31659:com.google.android.gms.ui/u0a145 (adj 955): empty for 1806s
04-02 15:58:42.370  1364 11616 I ActivityManager: Killing 9585:com.android.providers.calendar/u0a71 (adj 955): empty for 1810s
04-02 15:58:42.379 19910 19910 E ActivityThread: Failed to find provider info for com.verizon.loginclient
04-02 15:58:42.386  1364  1394 I UsageStatsService: User[0] Flushing usage stats to disk
04-02 15:58:41.474   880  2739 I WifiHAL : event received NL80211_CMD_VENDOR, vendor_id = 0x1374, subcmd = 0xd
04-02 15:58:42.397   838   838 I Zygote  : Process 9585 exited due to signal 9 (Killed)
04-02 15:58:42.416   838   838 I Zygote  : Process 9754 exited due to signal 9 (Killed)
04-02 15:58:42.418 19910 19910 E ActivityThread: Failed to find provider info for com.verizon.loginclient
04-02 15:58:42.425  1364  1394 E AppIdleHistory: Error writing app idle file for user 0
04-02 15:58:42.447   838   838 I Zygote  : Process 9790 exited due to signal 9 (Killed)
04-02 15:58:42.463   838   838 I Zygote  : Process 31659 exited due to signal 9 (Killed)
04-02 15:58:42.466  1364  3313 D ConnectivityService: ConnectivityService NetworkRequestInfo binderDied(NetworkRequest [ TRACK_DEFAULT id=9132, [ Capabilities: INTERNET&NOT_RESTRICTED&TRUSTED Uid: 10207] ], android.os.BinderProxy@47813ce)
04-02 15:58:42.466  1364  3313 D ConnectivityService: ConnectivityService NetworkRequestInfo binderDied(NetworkRequest [ LISTEN id=9133, [ Capabilities: INTERNET&NOT_RESTRICTED&TRUSTED Uid: 10207] ], android.os.BinderProxy@c7d62ef)
04-02 15:58:42.467  1364  1609 D ConnectivityService: releasing NetworkRequest [ TRACK_DEFAULT id=9132, [ Capabilities: INTERNET&NOT_RESTRICTED&TRUSTED Uid: 10207] ] (release request)
04-02 15:58:42.467   838   838 I Zygote  : Process 9646 exited due to signal 9 (Killed)
04-02 15:58:42.475  1364  1397 I libprocessgroup: Successfully killed process cgroup uid 10207 pid 9646 in 103ms
04-02 15:58:42.475  1364  1397 I libprocessgroup: Successfully killed process cgroup uid 10145 pid 9790 in 0ms
04-02 15:58:42.475  1364  1397 I libprocessgroup: Successfully killed process cgroup uid 10210 pid 9754 in 0ms
04-02 15:58:42.475  1364  1397 I libprocessgroup: Successfully killed process cgroup uid 10145 pid 31659 in 0ms
04-02 15:58:42.476  1364  1397 I libprocessgroup: Successfully killed process cgroup uid 10071 pid 9585 in 0ms
04-02 15:58:42.492 19910  8500 V VZWAPNLib: called startUsingNetworkFeature: true
04-02 15:58:42.492 19910  8500 E VZWAPNLib: binder is not null, setting to common interface 
04-02 15:58:42.492 19910  8500 D APNLib  : Prasad>> setting binder
04-02 15:58:42.492 19910  8500 D APNLib  : Prasad>> notified
04-02 15:58:42.494 19910 11258 D APNLib  : unlocked !! handling request
04-02 15:58:42.494 19910 11258 D APNLib  : Prasad sending data!!!!
04-02 15:58:42.494 20495 23286 E APNLib  : sending data>>>Intent { act=com.vzw.apnservicenew dat=package:com.verizon.mips.services cmp=com.verizon.mips.services/com.vzw.apnservice.VZWAPNServiceNew (has extras) }
04-02 15:58:42.495 20495 20517 E ActivityThread: Failed to find provider info for com.verizon.vzwavs.provider
04-02 15:58:42.499  1364  1600 D ConnectivityService: requestNetwork for uid/pid:10109/20495 NetworkRequest [ REQUEST id=9222, [ Transports: CELLULAR Capabilities: CBS&TRUSTED&NOT_VPN Uid: 10109] ]
04-02 15:58:42.499  1364  1668 D Ethernet: got request NetworkRequest [ REQUEST id=9222, [ Transports: CELLULAR Capabilities: CBS&TRUSTED&NOT_VPN Uid: 10109] ] with score 0 and serial 0
04-02 15:58:42.499  1364  1667 D WIFI_AWARE_FACTORY: got request NetworkRequest [ REQUEST id=9222, [ Transports: CELLULAR Capabilities: CBS&TRUSTED&NOT_VPN Uid: 10109] ] with score 0 and serial 0
04-02 15:58:42.499  1364  1594 D UntrustedWifiNetworkFactory: got request NetworkRequest [ REQUEST id=9222, [ Transports: CELLULAR Capabilities: CBS&TRUSTED&NOT_VPN Uid: 10109] ] with score 0 and serial 0
04-02 15:58:42.499  1364  1594 D WifiNetworkFactory: got request NetworkRequest [ REQUEST id=9222, [ Transports: CELLULAR Capabilities: CBS&TRUSTED&NOT_VPN Uid: 10109] ] with score 0 and serial 0
04-02 15:58:42.567  1068  1068 I chatty  : uid=1001(radio) imsdatadaemon expire 231 lines
04-02 15:58:42.615  2170  2483 I chatty  : uid=1001(radio) HwBinder:2170_1 expire 6 lines
04-02 15:58:42.822  2170  2482 I chatty  : uid=1001(radio) IWlanProxy expire 3 lines
04-02 15:58:43.476   880  2739 I WifiHAL : event received NL80211_CMD_VENDOR, vendor_id = 0x1374, subcmd = 0xd
04-02 15:58:47.640  1364  1600 I ActivityManager: Killing 3302:com.google.android.apps.photos/u0a173 (adj 965): empty for 1801s
04-02 15:58:45.480   880  2739 I chatty  : uid=1010 wifi_ext@1.0-se identical 1 line
04-02 15:58:47.478   880  2739 I WifiHAL : event received NL80211_CMD_VENDOR, vendor_id = 0x1374, subcmd = 0xd
04-02 15:58:47.654  2170  4851 I chatty  : uid=1001(radio) FrameworkReceiv expire 5 lines
04-02 15:58:47.656  2249  2378 I chatty  : uid=1001(radio) DcHandlerThread expire 3 lines
04-02 15:58:47.688   838   838 I Zygote  : Process 3302 exited due to signal 9 (Killed)
04-02 15:58:47.699  1364  1397 I libprocessgroup: Successfully killed process cgroup uid 10173 pid 3302 in 56ms
04-02 15:58:49.478   880  2739 I WifiHAL : event received NL80211_CMD_VENDOR, vendor_id = 0x1374, subcmd = 0xd
04-02 15:58:51.505  1364  1609 D ConnectivityService: releasing NetworkRequest [ REQUEST id=9222, [ Transports: CELLULAR Capabilities: CBS&TRUSTED&NOT_VPN Uid: 10109] ] (release request)
04-02 15:58:51.491   880  2739 I WifiHAL : event received NL80211_CMD_VENDOR, vendor_id = 0x1374, subcmd = 0xd
04-02 15:58:51.506 19910  8500 V VZWAPNLib: result = -1
04-02 15:58:51.506 19910  8500 E MVS_LoginClient: Result Code: 5001
04-02 15:58:51.566 19910  8500 V VZWAPNLib: called startUsingNetworkFeature: true
04-02 15:58:51.567 19910  8500 E VZWAPNLib: binder is not null, setting to common interface 
04-02 15:58:51.567 19910  8500 D APNLib  : Prasad>> setting binder
04-02 15:58:51.567 19910  8500 D APNLib  : Prasad>> notified
04-02 15:58:51.569 19910 11268 D APNLib  : unlocked !! handling request
04-02 15:58:51.569 19910 11268 D APNLib  : Prasad sending data!!!!
04-02 15:58:51.570 20495 23286 E APNLib  : sending data>>>Intent { act=com.vzw.apnservicenew dat=package:com.verizon.mips.services cmp=com.verizon.mips.services/com.vzw.apnservice.VZWAPNServiceNew (has extras) }
04-02 15:58:51.571 20495 20517 E ActivityThread: Failed to find provider info for com.verizon.vzwavs.provider
04-02 15:58:51.578  1364  5610 D ConnectivityService: requestNetwork for uid/pid:10109/20495 NetworkRequest [ REQUEST id=9223, [ Transports: CELLULAR Capabilities: CBS&TRUSTED&NOT_VPN Uid: 10109] ]
04-02 15:58:51.579  1364  1667 D WIFI_AWARE_FACTORY: got request NetworkRequest [ REQUEST id=9223, [ Transports: CELLULAR Capabilities: CBS&TRUSTED&NOT_VPN Uid: 10109] ] with score 0 and serial 0
04-02 15:58:51.579  1364  1668 D Ethernet: got request NetworkRequest [ REQUEST id=9223, [ Transports: CELLULAR Capabilities: CBS&TRUSTED&NOT_VPN Uid: 10109] ] with score 0 and serial 0
04-02 15:58:51.580  2249  2249 I chatty  : uid=1001(radio) com.android.phone expire 2 lines
04-02 15:58:51.580  1364  1594 D UntrustedWifiNetworkFactory: got request NetworkRequest [ REQUEST id=9223, [ Transports: CELLULAR Capabilities: CBS&TRUSTED&NOT_VPN Uid: 10109] ] with score 0 and serial 0
04-02 15:58:51.580  1364  1594 D WifiNetworkFactory: got request NetworkRequest [ REQUEST id=9223, [ Transports: CELLULAR Capabilities: CBS&TRUSTED&NOT_VPN Uid: 10109] ] with score 0 and serial 0
04-02 15:58:53.493   880  2739 I WifiHAL : event received NL80211_CMD_VENDOR, vendor_id = 0x1374, subcmd = 0xd
04-02 15:58:56.749  1364  6196 I ActivityManager: Killing 9813:com.google.android.apps.messaging/u0a180 (adj 955): empty for 1808s
04-02 15:58:55.499   880  2739 I WifiHAL : event received NL80211_CMD_VENDOR, vendor_id = 0x1374, subcmd = 0xd
04-02 15:58:56.810  1364  6141 D ConnectivityService: ConnectivityService NetworkRequestInfo binderDied(NetworkRequest [ LISTEN id=9135, [ Capabilities: INTERNET&NOT_RESTRICTED&TRUSTED Uid: 10180] ], android.os.BinderProxy@f3728a)
04-02 15:58:56.810  1364  1381 D ConnectivityService: ConnectivityService NetworkRequestInfo binderDied(NetworkRequest [ TRACK_DEFAULT id=9134, [ Capabilities: INTERNET&NOT_RESTRICTED&TRUSTED Uid: 10180] ], android.os.BinderProxy@86284f5)
04-02 15:58:56.810  1364  1609 D ConnectivityService: releasing NetworkRequest [ TRACK_DEFAULT id=9134, [ Capabilities: INTERNET&NOT_RESTRICTED&TRUSTED Uid: 10180] ] (release request)
04-02 15:58:56.811   838   838 I Zygote  : Process 9813 exited due to signal 9 (Killed)
04-02 15:58:56.817  1068  1068 I chatty  : uid=1001(radio) imsdatadaemon expire 77 lines
04-02 15:58:56.839  1364  1397 I libprocessgroup: Successfully killed process cgroup uid 10180 pid 9813 in 88ms
04-02 15:58:56.869  2170  2483 I chatty  : uid=1001(radio) HwBinder:2170_1 expire 6 lines
04-02 15:58:57.075  2170  2482 I chatty  : uid=1001(radio) IWlanProxy expire 4 lines
04-02 15:58:57.500   880  2739 I WifiHAL : event received NL80211_CMD_VENDOR, vendor_id = 0x1374, subcmd = 0xd
04-02 15:59:00.593  1364  1609 D ConnectivityService: releasing NetworkRequest [ REQUEST id=9223, [ Transports: CELLULAR Capabilities: CBS&TRUSTED&NOT_VPN Uid: 10109] ] (release request)
04-02 15:58:59.505   880  2739 I WifiHAL : event received NL80211_CMD_VENDOR, vendor_id = 0x1374, subcmd = 0xd
04-02 15:59:00.596 19910  8500 V VZWAPNLib: result = -1
04-02 15:59:00.596 19910  8500 E MVS_LoginClient: Result Code: 5001
04-02 15:59:00.607  2170  4851 I chatty  : uid=1001(radio) FrameworkReceiv expire 7 lines
04-02 15:59:01.508   880  2739 I WifiHAL : event received NL80211_CMD_VENDOR, vendor_id = 0x1374, subcmd = 0xd
04-02 15:59:03.507   880  2739 I chatty  : uid=1010 wifi_ext@1.0-se identical 10 lines
04-02 15:59:05.515   880  2739 I WifiHAL : event received NL80211_CMD_VENDOR, vendor_id = 0x1374, subcmd = 0xd
04-02 15:59:06.960   876   900 D rlsservice: MonitorDisplayStatus client num 0, display status 0, sensor status 0
04-02 15:59:07.519   880  2739 I WifiHAL : event received NL80211_CMD_VENDOR, vendor_id = 0x1374, subcmd = 0xd
04-02 15:59:27.426 19910 19910 E ActivityThread: Failed to find provider info for com.verizon.loginclient
04-02 15:59:27.574   880  2739 I WifiHAL : event received NL80211_CMD_VENDOR, vendor_id = 0x1374, subcmd = 0xd
04-02 15:59:27.703 19910  8500 V VZWAPNLib: called startUsingNetworkFeature: true
04-02 15:59:27.704 19910  8500 E VZWAPNLib: binder is not null, setting to common interface 
04-02 15:59:27.704 19910  8500 D APNLib  : Prasad>> setting binder
04-02 15:59:27.704 19910  8500 D APNLib  : Prasad>> notified
04-02 15:59:27.705 19910 11280 D APNLib  : unlocked !! handling request
04-02 15:59:27.705 19910 11280 D APNLib  : Prasad sending data!!!!
04-02 15:59:27.707 20495 23286 E APNLib  : sending data>>>Intent { act=com.vzw.apnservicenew dat=package:com.verizon.mips.services cmp=com.verizon.mips.services/com.vzw.apnservice.VZWAPNServiceNew (has extras) }
04-02 15:59:27.567 19910 19910 I chatty  : uid=10109(com.verizon.mips.services) identical 2 lines
04-02 15:59:27.614 19910 19910 E ActivityThread: Failed to find provider info for com.verizon.loginclient
04-02 15:59:27.709 20495 20517 E ActivityThread: Failed to find provider info for com.verizon.vzwavs.provider
04-02 15:59:27.715  1364  6196 D ConnectivityService: requestNetwork for uid/pid:10109/20495 NetworkRequest [ REQUEST id=9224, [ Transports: CELLULAR Capabilities: CBS&TRUSTED&NOT_VPN Uid: 10109] ]
04-02 15:59:27.716  1364  1667 D WIFI_AWARE_FACTORY: got request NetworkRequest [ REQUEST id=9224, [ Transports: CELLULAR Capabilities: CBS&TRUSTED&NOT_VPN Uid: 10109] ] with score 0 and serial 0
04-02 15:59:27.716  1364  1668 D Ethernet: got request NetworkRequest [ REQUEST id=9224, [ Transports: CELLULAR Capabilities: CBS&TRUSTED&NOT_VPN Uid: 10109] ] with score 0 and serial 0
04-02 15:59:27.717  2249  2249 I chatty  : uid=1001(radio) com.android.phone expire 4 lines
04-02 15:59:27.717  1364  1594 D UntrustedWifiNetworkFactory: got request NetworkRequest [ REQUEST id=9224, [ Transports: CELLULAR Capabilities: CBS&TRUSTED&NOT_VPN Uid: 10109] ] with score 0 and serial 0
04-02 15:59:27.717  1364  1594 D WifiNetworkFactory: got request NetworkRequest [ REQUEST id=9224, [ Transports: CELLULAR Capabilities: CBS&TRUSTED&NOT_VPN Uid: 10109] ] with score 0 and serial 0
04-02 15:59:27.742  2249  2378 I chatty  : uid=1001(radio) DcHandlerThread expire 3 lines
04-02 15:59:27.817  1068  1068 I chatty  : uid=1001(radio) imsdatadaemon expire 219 lines
04-02 15:59:29.580   880  2739 I WifiHAL : event received NL80211_CMD_VENDOR, vendor_id = 0x1374, subcmd = 0xd
04-02 15:59:31.585   880  2739 I WifiHAL : event received NL80211_CMD_VENDOR, vendor_id = 0x1374, subcmd = 0xd
04-02 15:59:33.580   880  2739 I WifiHAL : event received NL80211_CMD_VENDOR, vendor_id = 0x1374, subcmd = 0xd
04-02 15:59:34.077   629   629 D qdlights: set_speaker_light_locked mode=0, colorRGB=00000000, onMS=0, offMS=0, rc=-2
04-02 15:59:34.081  2389  2389 D Oslo/StatusSensor: Received intent android.intent.action.BATTERY_CHANGED
04-02 15:59:34.083  1856  2499 D PowerUI : can't show warning due to - plugged: true status unknown: false
04-02 15:59:35.589   880  2739 I WifiHAL : event received NL80211_CMD_VENDOR, vendor_id = 0x1374, subcmd = 0xd
